[    2569ms] [INFO] %cDownload the React DevTools for a better development experience: https://react.dev/link/react-devtools font-weight:bold @ http://localhost:3000/_next/static/chunks/node_modules_next_dist_1e8vcs8._.js:776
[    2633ms] [LOG] [HMR] connected @ http://localhost:3000/_next/static/chunks/node_modules_next_dist_1e8vcs8._.js:776
[    2905ms] [LOG] [Fast Refresh] rebuilding @ http://localhost:3000/_next/static/chunks/node_modules_next_dist_1e8vcs8._.js:776
[    3601ms] [LOG] [Fast Refresh] done in 797ms @ http://localhost:3000/_next/static/chunks/node_modules_next_dist_1e8vcs8._.js:776
[   23686ms] [LOG] [Fast Refresh] rebuilding @ http://localhost:3000/_next/static/chunks/node_modules_next_dist_1e8vcs8._.js:776
[   33387ms] [LOG] [Fast Refresh] done in 6426ms @ http://localhost:3000/_next/static/chunks/node_modules_next_dist_1e8vcs8._.js:776
[   33434ms] [LOG] [Fast Refresh] done in 6426ms @ http://localhost:3000/_next/static/chunks/node_modules_next_dist_1e8vcs8._.js:776
[   33486ms] [LOG] [Fast Refresh] done in 6426ms @ http://localhost:3000/_next/static/chunks/node_modules_next_dist_1e8vcs8._.js:776
[   33588ms] [LOG] [Fast Refresh] done in 6426ms @ http://localhost:3000/_next/static/chunks/node_modules_next_dist_1e8vcs8._.js:776
[   33638ms] [LOG] [Fast Refresh] done in 6426ms @ http://localhost:3000/_next/static/chunks/node_modules_next_dist_1e8vcs8._.js:776
[   33702ms] [LOG] [Fast Refresh] done in 6426ms @ http://localhost:3000/_next/static/chunks/node_modules_next_dist_1e8vcs8._.js:776
[   33749ms] [LOG] [Fast Refresh] done in 6426ms @ http://localhost:3000/_next/static/chunks/node_modules_next_dist_1e8vcs8._.js:776
[   33803ms] [LOG] [Fast Refresh] done in 6426ms @ http://localhost:3000/_next/static/chunks/node_modules_next_dist_1e8vcs8._.js:776
[   33856ms] [LOG] [Fast Refresh] done in 6426ms @ http://localhost:3000/_next/static/chunks/node_modules_next_dist_1e8vcs8._.js:776
[   33905ms] [LOG] [Fast Refresh] done in 6426ms @ http://localhost:3000/_next/static/chunks/node_modules_next_dist_1e8vcs8._.js:776
[   33970ms] [LOG] [Fast Refresh] done in 6426ms @ http://localhost:3000/_next/static/chunks/node_modules_next_dist_1e8vcs8._.js:776
[   34019ms] [LOG] [Fast Refresh] done in 6426ms @ http://localhost:3000/_next/static/chunks/node_modules_next_dist_1e8vcs8._.js:776
[   34069ms] [LOG] [Fast Refresh] done in 6426ms @ http://localhost:3000/_next/static/chunks/node_modules_next_dist_1e8vcs8._.js:776
[   34134ms] [LOG] [Fast Refresh] done in 6426ms @ http://localhost:3000/_next/static/chunks/node_modules_next_dist_1e8vcs8._.js:776
[   34188ms] [LOG] [Fast Refresh] done in 6426ms @ http://localhost:3000/_next/static/chunks/node_modules_next_dist_1e8vcs8._.js:776
[   34253ms] [LOG] [Fast Refresh] done in 6426ms @ http://localhost:3000/_next/static/chunks/node_modules_next_dist_1e8vcs8._.js:776
[   34304ms] [LOG] [Fast Refresh] done in 6426ms @ http://localhost:3000/_next/static/chunks/node_modules_next_dist_1e8vcs8._.js:776
[   34352ms] [LOG] [Fast Refresh] done in 6426ms @ http://localhost:3000/_next/static/chunks/node_modules_next_dist_1e8vcs8._.js:776
[   34405ms] [LOG] [Fast Refresh] done in 6426ms @ http://localhost:3000/_next/static/chunks/node_modules_next_dist_1e8vcs8._.js:776
[   34454ms] [LOG] [Fast Refresh] done in 6426ms @ http://localhost:3000/_next/static/chunks/node_modules_next_dist_1e8vcs8._.js:776
[   34504ms] [LOG] [Fast Refresh] done in 6426ms @ http://localhost:3000/_next/static/chunks/node_modules_next_dist_1e8vcs8._.js:776
[   34558ms] [LOG] [Fast Refresh] done in 6426ms @ http://localhost:3000/_next/static/chunks/node_modules_next_dist_1e8vcs8._.js:776
[   34603ms] [LOG] [Fast Refresh] done in 6426ms @ http://localhost:3000/_next/static/chunks/node_modules_next_dist_1e8vcs8._.js:776
[   34670ms] [LOG] [Fast Refresh] done in 6426ms @ http://localhost:3000/_next/static/chunks/node_modules_next_dist_1e8vcs8._.js:776
[   34720ms] [LOG] [Fast Refresh] done in 6426ms @ http://localhost:3000/_next/static/chunks/node_modules_next_dist_1e8vcs8._.js:776
[   34770ms] [LOG] [Fast Refresh] done in 6426ms @ http://localhost:3000/_next/static/chunks/node_modules_next_dist_1e8vcs8._.js:776
[   34820ms] [LOG] [Fast Refresh] done in 6426ms @ http://localhost:3000/_next/static/chunks/node_modules_next_dist_1e8vcs8._.js:776
[   34871ms] [LOG] [Fast Refresh] done in 6426ms @ http://localhost:3000/_next/static/chunks/node_modules_next_dist_1e8vcs8._.js:776
[   34919ms] [LOG] [Fast Refresh] done in 6426ms @ http://localhost:3000/_next/static/chunks/node_modules_next_dist_1e8vcs8._.js:776
[   34971ms] [LOG] [Fast Refresh] done in 6426ms @ http://localhost:3000/_next/static/chunks/node_modules_next_dist_1e8vcs8._.js:776
[   35022ms] [LOG] [Fast Refresh] done in 6426ms @ http://localhost:3000/_next/static/chunks/node_modules_next_dist_1e8vcs8._.js:776
[   35071ms] [LOG] [Fast Refresh] done in 6426ms @ http://localhost:3000/_next/static/chunks/node_modules_next_dist_1e8vcs8._.js:776
[   35121ms] [LOG] [Fast Refresh] done in 6426ms @ http://localhost:3000/_next/static/chunks/node_modules_next_dist_1e8vcs8._.js:776
[   35170ms] [LOG] [Fast Refresh] done in 6426ms @ http://localhost:3000/_next/static/chunks/node_modules_next_dist_1e8vcs8._.js:776
[   35231ms] [LOG] [Fast Refresh] done in 6426ms @ http://localhost:3000/_next/static/chunks/node_modules_next_dist_1e8vcs8._.js:776
[   35285ms] [LOG] [Fast Refresh] done in 6426ms @ http://localhost:3000/_next/static/chunks/node_modules_next_dist_1e8vcs8._.js:776
[   35337ms] [LOG] [Fast Refresh] done in 6426ms @ http://localhost:3000/_next/static/chunks/node_modules_next_dist_1e8vcs8._.js:776
[   35384ms] [LOG] [Fast Refresh] done in 6426ms @ http://localhost:3000/_next/static/chunks/node_modules_next_dist_1e8vcs8._.js:776
[   35437ms] [LOG] [Fast Refresh] done in 6426ms @ http://localhost:3000/_next/static/chunks/node_modules_next_dist_1e8vcs8._.js:776
[   35487ms] [LOG] [Fast Refresh] done in 6426ms @ http://localhost:3000/_next/static/chunks/node_modules_next_dist_1e8vcs8._.js:776
[   35538ms] [LOG] [Fast Refresh] done in 6426ms @ http://localhost:3000/_next/static/chunks/node_modules_next_dist_1e8vcs8._.js:776
[   35586ms] [LOG] [Fast Refresh] done in 6426ms @ http://localhost:3000/_next/static/chunks/node_modules_next_dist_1e8vcs8._.js:776
[   35653ms] [LOG] [Fast Refresh] done in 6426ms @ http://localhost:3000/_next/static/chunks/node_modules_next_dist_1e8vcs8._.js:776
[   35702ms] [LOG] [Fast Refresh] done in 6426ms @ http://localhost:3000/_next/static/chunks/node_modules_next_dist_1e8vcs8._.js:776
[   35764ms] [LOG] [Fast Refresh] done in 6426ms @ http://localhost:3000/_next/static/chunks/node_modules_next_dist_1e8vcs8._.js:776
[   35820ms] [LOG] [Fast Refresh] done in 6426ms @ http://localhost:3000/_next/static/chunks/node_modules_next_dist_1e8vcs8._.js:776
[   35868ms] [LOG] [Fast Refresh] done in 6426ms @ http://localhost:3000/_next/static/chunks/node_modules_next_dist_1e8vcs8._.js:776
[   35922ms] [LOG] [Fast Refresh] done in 6426ms @ http://localhost:3000/_next/static/chunks/node_modules_next_dist_1e8vcs8._.js:776
[   35971ms] [LOG] [Fast Refresh] done in 6426ms @ http://localhost:3000/_next/static/chunks/node_modules_next_dist_1e8vcs8._.js:776
[   36022ms] [LOG] [Fast Refresh] done in 6426ms @ http://localhost:3000/_next/static/chunks/node_modules_next_dist_1e8vcs8._.js:776
[   36085ms] [LOG] [Fast Refresh] done in 6426ms @ http://localhost:3000/_next/static/chunks/node_modules_next_dist_1e8vcs8._.js:776
[   36138ms] [LOG] [Fast Refresh] done in 6426ms @ http://localhost:3000/_next/static/chunks/node_modules_next_dist_1e8vcs8._.js:776
[   36188ms] [LOG] [Fast Refresh] done in 6426ms @ http://localhost:3000/_next/static/chunks/node_modules_next_dist_1e8vcs8._.js:776
[   36238ms] [LOG] [Fast Refresh] done in 6426ms @ http://localhost:3000/_next/static/chunks/node_modules_next_dist_1e8vcs8._.js:776
[   36287ms] [LOG] [Fast Refresh] done in 6426ms @ http://localhost:3000/_next/static/chunks/node_modules_next_dist_1e8vcs8._.js:776
[   36335ms] [LOG] [Fast Refresh] done in 6426ms @ http://localhost:3000/_next/static/chunks/node_modules_next_dist_1e8vcs8._.js:776
[   36387ms] [LOG] [Fast Refresh] done in 6426ms @ http://localhost:3000/_next/static/chunks/node_modules_next_dist_1e8vcs8._.js:776
[   36437ms] [LOG] [Fast Refresh] done in 6426ms @ http://localhost:3000/_next/static/chunks/node_modules_next_dist_1e8vcs8._.js:776
[   36487ms] [LOG] [Fast Refresh] done in 6426ms @ http://localhost:3000/_next/static/chunks/node_modules_next_dist_1e8vcs8._.js:776
[   36536ms] [LOG] [Fast Refresh] done in 6426ms @ http://localhost:3000/_next/static/chunks/node_modules_next_dist_1e8vcs8._.js:776
[   36594ms] [LOG] [Fast Refresh] done in 6426ms @ http://localhost:3000/_next/static/chunks/node_modules_next_dist_1e8vcs8._.js:776
[   36652ms] [LOG] [Fast Refresh] done in 6426ms @ http://localhost:3000/_next/static/chunks/node_modules_next_dist_1e8vcs8._.js:776
[   36705ms] [LOG] [Fast Refresh] done in 6426ms @ http://localhost:3000/_next/static/chunks/node_modules_next_dist_1e8vcs8._.js:776
[   36752ms] [LOG] [Fast Refresh] done in 6426ms @ http://localhost:3000/_next/static/chunks/node_modules_next_dist_1e8vcs8._.js:776
[   36805ms] [LOG] [Fast Refresh] done in 6426ms @ http://localhost:3000/_next/static/chunks/node_modules_next_dist_1e8vcs8._.js:776
[   36853ms] [LOG] [Fast Refresh] done in 6426ms @ http://localhost:3000/_next/static/chunks/node_modules_next_dist_1e8vcs8._.js:776
[   36918ms] [LOG] [Fast Refresh] done in 6426ms @ http://localhost:3000/_next/static/chunks/node_modules_next_dist_1e8vcs8._.js:776
[   36954ms] [LOG] [Fast Refresh] done in 6426ms @ http://localhost:3000/_next/static/chunks/node_modules_next_dist_1e8vcs8._.js:776
[   37005ms] [LOG] [Fast Refresh] done in 6426ms @ http://localhost:3000/_next/static/chunks/node_modules_next_dist_1e8vcs8._.js:776
[   37055ms] [LOG] [Fast Refresh] done in 6426ms @ http://localhost:3000/_next/static/chunks/node_modules_next_dist_1e8vcs8._.js:776
[   37102ms] [LOG] [Fast Refresh] done in 6426ms @ http://localhost:3000/_next/static/chunks/node_modules_next_dist_1e8vcs8._.js:776
[   37152ms] [LOG] [Fast Refresh] done in 6426ms @ http://localhost:3000/_next/static/chunks/node_modules_next_dist_1e8vcs8._.js:776
[   37204ms] [LOG] [Fast Refresh] done in 6426ms @ http://localhost:3000/_next/static/chunks/node_modules_next_dist_1e8vcs8._.js:776
[   37255ms] [LOG] [Fast Refresh] done in 6426ms @ http://localhost:3000/_next/static/chunks/node_modules_next_dist_1e8vcs8._.js:776
[   37304ms] [LOG] [Fast Refresh] done in 6426ms @ http://localhost:3000/_next/static/chunks/node_modules_next_dist_1e8vcs8._.js:776
[   37354ms] [LOG] [Fast Refresh] done in 6426ms @ http://localhost:3000/_next/static/chunks/node_modules_next_dist_1e8vcs8._.js:776
[   37407ms] [LOG] [Fast Refresh] done in 6426ms @ http://localhost:3000/_next/static/chunks/node_modules_next_dist_1e8vcs8._.js:776
[   37470ms] [LOG] [Fast Refresh] done in 6426ms @ http://localhost:3000/_next/static/chunks/node_modules_next_dist_1e8vcs8._.js:776
[   37535ms] [LOG] [Fast Refresh] done in 6426ms @ http://localhost:3000/_next/static/chunks/node_modules_next_dist_1e8vcs8._.js:776
[   37589ms] [LOG] [Fast Refresh] done in 6426ms @ http://localhost:3000/_next/static/chunks/node_modules_next_dist_1e8vcs8._.js:776
[   37637ms] [LOG] [Fast Refresh] done in 6426ms @ http://localhost:3000/_next/static/chunks/node_modules_next_dist_1e8vcs8._.js:776
[   37685ms] [LOG] [Fast Refresh] done in 6426ms @ http://localhost:3000/_next/static/chunks/node_modules_next_dist_1e8vcs8._.js:776
[   37737ms] [LOG] [Fast Refresh] done in 6426ms @ http://localhost:3000/_next/static/chunks/node_modules_next_dist_1e8vcs8._.js:776
[   37785ms] [LOG] [Fast Refresh] done in 6426ms @ http://localhost:3000/_next/static/chunks/node_modules_next_dist_1e8vcs8._.js:776
[   37840ms] [LOG] [Fast Refresh] done in 6426ms @ http://localhost:3000/_next/static/chunks/node_modules_next_dist_1e8vcs8._.js:776
[   37903ms] [LOG] [Fast Refresh] done in 6426ms @ http://localhost:3000/_next/static/chunks/node_modules_next_dist_1e8vcs8._.js:776
[   37954ms] [LOG] [Fast Refresh] done in 6426ms @ http://localhost:3000/_next/static/chunks/node_modules_next_dist_1e8vcs8._.js:776
[   38004ms] [LOG] [Fast Refresh] done in 6426ms @ http://localhost:3000/_next/static/chunks/node_modules_next_dist_1e8vcs8._.js:776
[   38067ms] [LOG] [Fast Refresh] done in 6426ms @ http://localhost:3000/_next/static/chunks/node_modules_next_dist_1e8vcs8._.js:776
[   38121ms] [LOG] [Fast Refresh] done in 6426ms @ http://localhost:3000/_next/static/chunks/node_modules_next_dist_1e8vcs8._.js:776
[   38170ms] [LOG] [Fast Refresh] done in 6426ms @ http://localhost:3000/_next/static/chunks/node_modules_next_dist_1e8vcs8._.js:776
[   38237ms] [LOG] [Fast Refresh] done in 6426ms @ http://localhost:3000/_next/static/chunks/node_modules_next_dist_1e8vcs8._.js:776
[   38285ms] [LOG] [Fast Refresh] done in 6426ms @ http://localhost:3000/_next/static/chunks/node_modules_next_dist_1e8vcs8._.js:776
[   38337ms] [LOG] [Fast Refresh] done in 6426ms @ http://localhost:3000/_next/static/chunks/node_modules_next_dist_1e8vcs8._.js:776
[   38402ms] [LOG] [Fast Refresh] done in 6426ms @ http://localhost:3000/_next/static/chunks/node_modules_next_dist_1e8vcs8._.js:776
[   38452ms] [LOG] [Fast Refresh] done in 6426ms @ http://localhost:3000/_next/static/chunks/node_modules_next_dist_1e8vcs8._.js:776
[   38502ms] [LOG] [Fast Refresh] done in 6426ms @ http://localhost:3000/_next/static/chunks/node_modules_next_dist_1e8vcs8._.js:776
[   38553ms] [LOG] [Fast Refresh] done in 6426ms @ http://localhost:3000/_next/static/chunks/node_modules_next_dist_1e8vcs8._.js:776
[   38604ms] [LOG] [Fast Refresh] done in 6426ms @ http://localhost:3000/_next/static/chunks/node_modules_next_dist_1e8vcs8._.js:776
[   38651ms] [LOG] [Fast Refresh] done in 6426ms @ http://localhost:3000/_next/static/chunks/node_modules_next_dist_1e8vcs8._.js:776
[   38706ms] [LOG] [Fast Refresh] done in 6426ms @ http://localhost:3000/_next/static/chunks/node_modules_next_dist_1e8vcs8._.js:776
[   38753ms] [LOG] [Fast Refresh] done in 6426ms @ http://localhost:3000/_next/static/chunks/node_modules_next_dist_1e8vcs8._.js:776
[   38806ms] [LOG] [Fast Refresh] done in 6426ms @ http://localhost:3000/_next/static/chunks/node_modules_next_dist_1e8vcs8._.js:776
[   38853ms] [LOG] [Fast Refresh] done in 6426ms @ http://localhost:3000/_next/static/chunks/node_modules_next_dist_1e8vcs8._.js:776
[   38917ms] [LOG] [Fast Refresh] done in 6426ms @ http://localhost:3000/_next/static/chunks/node_modules_next_dist_1e8vcs8._.js:776
[   38971ms] [LOG] [Fast Refresh] done in 6426ms @ http://localhost:3000/_next/static/chunks/node_modules_next_dist_1e8vcs8._.js:776
[   39019ms] [LOG] [Fast Refresh] done in 6426ms @ http://localhost:3000/_next/static/chunks/node_modules_next_dist_1e8vcs8._.js:776
[   39069ms] [LOG] [Fast Refresh] done in 6426ms @ http://localhost:3000/_next/static/chunks/node_modules_next_dist_1e8vcs8._.js:776
[   39120ms] [LOG] [Fast Refresh] done in 6426ms @ http://localhost:3000/_next/static/chunks/node_modules_next_dist_1e8vcs8._.js:776
[   39172ms] [LOG] [Fast Refresh] done in 6426ms @ http://localhost:3000/_next/static/chunks/node_modules_next_dist_1e8vcs8._.js:776
[   39221ms] [LOG] [Fast Refresh] done in 6426ms @ http://localhost:3000/_next/static/chunks/node_modules_next_dist_1e8vcs8._.js:776
[   39284ms] [LOG] [Fast Refresh] done in 6426ms @ http://localhost:3000/_next/static/chunks/node_modules_next_dist_1e8vcs8._.js:776
[   39337ms] [LOG] [Fast Refresh] done in 6426ms @ http://localhost:3000/_next/static/chunks/node_modules_next_dist_1e8vcs8._.js:776
[   39387ms] [LOG] [Fast Refresh] done in 6426ms @ http://localhost:3000/_next/static/chunks/node_modules_next_dist_1e8vcs8._.js:776
[   39439ms] [LOG] [Fast Refresh] done in 6426ms @ http://localhost:3000/_next/static/chunks/node_modules_next_dist_1e8vcs8._.js:776
[   39487ms] [LOG] [Fast Refresh] done in 6426ms @ http://localhost:3000/_next/static/chunks/node_modules_next_dist_1e8vcs8._.js:776
[   39534ms] [LOG] [Fast Refresh] done in 6426ms @ http://localhost:3000/_next/static/chunks/node_modules_next_dist_1e8vcs8._.js:776
[   39585ms] [LOG] [Fast Refresh] done in 6426ms @ http://localhost:3000/_next/static/chunks/node_modules_next_dist_1e8vcs8._.js:776
[   39637ms] [LOG] [Fast Refresh] done in 6426ms @ http://localhost:3000/_next/static/chunks/node_modules_next_dist_1e8vcs8._.js:776
[   39689ms] [LOG] [Fast Refresh] done in 6426ms @ http://localhost:3000/_next/static/chunks/node_modules_next_dist_1e8vcs8._.js:776
[   39737ms] [LOG] [Fast Refresh] done in 6426ms @ http://localhost:3000/_next/static/chunks/node_modules_next_dist_1e8vcs8._.js:776
[   39787ms] [LOG] [Fast Refresh] done in 6426ms @ http://localhost:3000/_next/static/chunks/node_modules_next_dist_1e8vcs8._.js:776
[   39837ms] [LOG] [Fast Refresh] done in 6426ms @ http://localhost:3000/_next/static/chunks/node_modules_next_dist_1e8vcs8._.js:776
[   39886ms] [LOG] [Fast Refresh] done in 6426ms @ http://localhost:3000/_next/static/chunks/node_modules_next_dist_1e8vcs8._.js:776
[   39937ms] [LOG] [Fast Refresh] done in 6426ms @ http://localhost:3000/_next/static/chunks/node_modules_next_dist_1e8vcs8._.js:776
[   40000ms] [LOG] [Fast Refresh] done in 6426ms @ http://localhost:3000/_next/static/chunks/node_modules_next_dist_1e8vcs8._.js:776
[   40060ms] [LOG] [Fast Refresh] done in 6426ms @ http://localhost:3000/_next/static/chunks/node_modules_next_dist_1e8vcs8._.js:776
[   40103ms] [LOG] [Fast Refresh] done in 6426ms @ http://localhost:3000/_next/static/chunks/node_modules_next_dist_1e8vcs8._.js:776
[   40153ms] [LOG] [Fast Refresh] done in 6426ms @ http://localhost:3000/_next/static/chunks/node_modules_next_dist_1e8vcs8._.js:776
[   40217ms] [LOG] [Fast Refresh] done in 6426ms @ http://localhost:3000/_next/static/chunks/node_modules_next_dist_1e8vcs8._.js:776
[   40271ms] [LOG] [Fast Refresh] done in 6426ms @ http://localhost:3000/_next/static/chunks/node_modules_next_dist_1e8vcs8._.js:776
[   40319ms] [LOG] [Fast Refresh] done in 6426ms @ http://localhost:3000/_next/static/chunks/node_modules_next_dist_1e8vcs8._.js:776
[   40371ms] [LOG] [Fast Refresh] done in 6426ms @ http://localhost:3000/_next/static/chunks/node_modules_next_dist_1e8vcs8._.js:776
[   40420ms] [LOG] [Fast Refresh] done in 6426ms @ http://localhost:3000/_next/static/chunks/node_modules_next_dist_1e8vcs8._.js:776
[   40470ms] [LOG] [Fast Refresh] done in 6426ms @ http://localhost:3000/_next/static/chunks/node_modules_next_dist_1e8vcs8._.js:776
[   40522ms] [LOG] [Fast Refresh] done in 6426ms @ http://localhost:3000/_next/static/chunks/node_modules_next_dist_1e8vcs8._.js:776
[   40570ms] [LOG] [Fast Refresh] done in 6426ms @ http://localhost:3000/_next/static/chunks/node_modules_next_dist_1e8vcs8._.js:776
[   40621ms] [LOG] [Fast Refresh] done in 6426ms @ http://localhost:3000/_next/static/chunks/node_modules_next_dist_1e8vcs8._.js:776
[   40670ms] [LOG] [Fast Refresh] done in 6426ms @ http://localhost:3000/_next/static/chunks/node_modules_next_dist_1e8vcs8._.js:776
[   40719ms] [LOG] [Fast Refresh] done in 6426ms @ http://localhost:3000/_next/static/chunks/node_modules_next_dist_1e8vcs8._.js:776
[   40768ms] [LOG] [Fast Refresh] done in 6426ms @ http://localhost:3000/_next/static/chunks/node_modules_next_dist_1e8vcs8._.js:776
[   40819ms] [LOG] [Fast Refresh] done in 6426ms @ http://localhost:3000/_next/static/chunks/node_modules_next_dist_1e8vcs8._.js:776
[   40870ms] [LOG] [Fast Refresh] done in 6426ms @ http://localhost:3000/_next/static/chunks/node_modules_next_dist_1e8vcs8._.js:776
[   40918ms] [LOG] [Fast Refresh] done in 6426ms @ http://localhost:3000/_next/static/chunks/node_modules_next_dist_1e8vcs8._.js:776
[   40971ms] [LOG] [Fast Refresh] done in 6426ms @ http://localhost:3000/_next/static/chunks/node_modules_next_dist_1e8vcs8._.js:776
[   41021ms] [LOG] [Fast Refresh] done in 6426ms @ http://localhost:3000/_next/static/chunks/node_modules_next_dist_1e8vcs8._.js:776
[   41087ms] [LOG] [Fast Refresh] done in 6426ms @ http://localhost:3000/_next/static/chunks/node_modules_next_dist_1e8vcs8._.js:776
[   41137ms] [LOG] [Fast Refresh] done in 6426ms @ http://localhost:3000/_next/static/chunks/node_modules_next_dist_1e8vcs8._.js:776
[   41188ms] [LOG] [Fast Refresh] done in 6426ms @ http://localhost:3000/_next/static/chunks/node_modules_next_dist_1e8vcs8._.js:776
[   41237ms] [LOG] [Fast Refresh] done in 6426ms @ http://localhost:3000/_next/static/chunks/node_modules_next_dist_1e8vcs8._.js:776
[   41285ms] [LOG] [Fast Refresh] done in 6426ms @ http://localhost:3000/_next/static/chunks/node_modules_next_dist_1e8vcs8._.js:776
[   41333ms] [LOG] [Fast Refresh] done in 6426ms @ http://localhost:3000/_next/static/chunks/node_modules_next_dist_1e8vcs8._.js:776
[   41388ms] [LOG] [Fast Refresh] done in 6426ms @ http://localhost:3000/_next/static/chunks/node_modules_next_dist_1e8vcs8._.js:776
[   41436ms] [LOG] [Fast Refresh] done in 6426ms @ http://localhost:3000/_next/static/chunks/node_modules_next_dist_1e8vcs8._.js:776
[   41486ms] [LOG] [Fast Refresh] done in 6426ms @ http://localhost:3000/_next/static/chunks/node_modules_next_dist_1e8vcs8._.js:776
[   41536ms] [LOG] [Fast Refresh] done in 6426ms @ http://localhost:3000/_next/static/chunks/node_modules_next_dist_1e8vcs8._.js:776
[   41588ms] [LOG] [Fast Refresh] done in 6426ms @ http://localhost:3000/_next/static/chunks/node_modules_next_dist_1e8vcs8._.js:776
[   41636ms] [LOG] [Fast Refresh] done in 6426ms @ http://localhost:3000/_next/static/chunks/node_modules_next_dist_1e8vcs8._.js:776
[   41684ms] [LOG] [Fast Refresh] done in 6426ms @ http://localhost:3000/_next/static/chunks/node_modules_next_dist_1e8vcs8._.js:776
[   41720ms] [LOG] [Fast Refresh] done in 6426ms @ http://localhost:3000/_next/static/chunks/node_modules_next_dist_1e8vcs8._.js:776
[   41769ms] [LOG] [Fast Refresh] done in 6426ms @ http://localhost:3000/_next/static/chunks/node_modules_next_dist_1e8vcs8._.js:776
[   41820ms] [LOG] [Fast Refresh] done in 6426ms @ http://localhost:3000/_next/static/chunks/node_modules_next_dist_1e8vcs8._.js:776
[   41869ms] [LOG] [Fast Refresh] done in 6426ms @ http://localhost:3000/_next/static/chunks/node_modules_next_dist_1e8vcs8._.js:776
[   41923ms] [LOG] [Fast Refresh] done in 6426ms @ http://localhost:3000/_next/static/chunks/node_modules_next_dist_1e8vcs8._.js:776
[   41972ms] [LOG] [Fast Refresh] done in 6426ms @ http://localhost:3000/_next/static/chunks/node_modules_next_dist_1e8vcs8._.js:776
[   42019ms] [LOG] [Fast Refresh] done in 6426ms @ http://localhost:3000/_next/static/chunks/node_modules_next_dist_1e8vcs8._.js:776
[   42071ms] [LOG] [Fast Refresh] done in 6426ms @ http://localhost:3000/_next/static/chunks/node_modules_next_dist_1e8vcs8._.js:776
[   42120ms] [LOG] [Fast Refresh] done in 6426ms @ http://localhost:3000/_next/static/chunks/node_modules_next_dist_1e8vcs8._.js:776
[   42170ms] [LOG] [Fast Refresh] done in 6426ms @ http://localhost:3000/_next/static/chunks/node_modules_next_dist_1e8vcs8._.js:776
[   42220ms] [LOG] [Fast Refresh] done in 6426ms @ http://localhost:3000/_next/static/chunks/node_modules_next_dist_1e8vcs8._.js:776
[   42270ms] [LOG] [Fast Refresh] done in 6426ms @ http://localhost:3000/_next/static/chunks/node_modules_next_dist_1e8vcs8._.js:776
[   42320ms] [LOG] [Fast Refresh] done in 6426ms @ http://localhost:3000/_next/static/chunks/node_modules_next_dist_1e8vcs8._.js:776
[   42373ms] [LOG] [Fast Refresh] done in 6426ms @ http://localhost:3000/_next/static/chunks/node_modules_next_dist_1e8vcs8._.js:776
[   42421ms] [LOG] [Fast Refresh] done in 6426ms @ http://localhost:3000/_next/static/chunks/node_modules_next_dist_1e8vcs8._.js:776
[   42468ms] [LOG] [Fast Refresh] done in 6426ms @ http://localhost:3000/_next/static/chunks/node_modules_next_dist_1e8vcs8._.js:776
[   42535ms] [LOG] [Fast Refresh] done in 6426ms @ http://localhost:3000/_next/static/chunks/node_modules_next_dist_1e8vcs8._.js:776
[   42585ms] [LOG] [Fast Refresh] done in 6426ms @ http://localhost:3000/_next/static/chunks/node_modules_next_dist_1e8vcs8._.js:776
[   42638ms] [LOG] [Fast Refresh] done in 6426ms @ http://localhost:3000/_next/static/chunks/node_modules_next_dist_1e8vcs8._.js:776
[   42686ms] [LOG] [Fast Refresh] done in 6426ms @ http://localhost:3000/_next/static/chunks/node_modules_next_dist_1e8vcs8._.js:776
[   42742ms] [LOG] [Fast Refresh] done in 6426ms @ http://localhost:3000/_next/static/chunks/node_modules_next_dist_1e8vcs8._.js:776
[   42788ms] [LOG] [Fast Refresh] done in 6426ms @ http://localhost:3000/_next/static/chunks/node_modules_next_dist_1e8vcs8._.js:776
[   42854ms] [LOG] [Fast Refresh] done in 6426ms @ http://localhost:3000/_next/static/chunks/node_modules_next_dist_1e8vcs8._.js:776
[   42901ms] [LOG] [Fast Refresh] done in 6426ms @ http://localhost:3000/_next/static/chunks/node_modules_next_dist_1e8vcs8._.js:776
[   42953ms] [LOG] [Fast Refresh] done in 6426ms @ http://localhost:3000/_next/static/chunks/node_modules_next_dist_1e8vcs8._.js:776
[   43002ms] [LOG] [Fast Refresh] done in 6426ms @ http://localhost:3000/_next/static/chunks/node_modules_next_dist_1e8vcs8._.js:776
[   43053ms] [LOG] [Fast Refresh] done in 6426ms @ http://localhost:3000/_next/static/chunks/node_modules_next_dist_1e8vcs8._.js:776
[   43101ms] [LOG] [Fast Refresh] done in 6426ms @ http://localhost:3000/_next/static/chunks/node_modules_next_dist_1e8vcs8._.js:776
[   43155ms] [LOG] [Fast Refresh] done in 6426ms @ http://localhost:3000/_next/static/chunks/node_modules_next_dist_1e8vcs8._.js:776
[   43203ms] [LOG] [Fast Refresh] done in 6426ms @ http://localhost:3000/_next/static/chunks/node_modules_next_dist_1e8vcs8._.js:776
[   43251ms] [LOG] [Fast Refresh] done in 6426ms @ http://localhost:3000/_next/static/chunks/node_modules_next_dist_1e8vcs8._.js:776
[   43305ms] [LOG] [Fast Refresh] done in 6426ms @ http://localhost:3000/_next/static/chunks/node_modules_next_dist_1e8vcs8._.js:776
[   43352ms] [LOG] [Fast Refresh] done in 6426ms @ http://localhost:3000/_next/static/chunks/node_modules_next_dist_1e8vcs8._.js:776
[   43400ms] [LOG] [Fast Refresh] done in 6426ms @ http://localhost:3000/_next/static/chunks/node_modules_next_dist_1e8vcs8._.js:776
[   43453ms] [LOG] [Fast Refresh] done in 6426ms @ http://localhost:3000/_next/static/chunks/node_modules_next_dist_1e8vcs8._.js:776
[   43504ms] [LOG] [Fast Refresh] done in 6426ms @ http://localhost:3000/_next/static/chunks/node_modules_next_dist_1e8vcs8._.js:776
[   43551ms] [LOG] [Fast Refresh] done in 6426ms @ http://localhost:3000/_next/static/chunks/node_modules_next_dist_1e8vcs8._.js:776
[   43603ms] [LOG] [Fast Refresh] done in 6426ms @ http://localhost:3000/_next/static/chunks/node_modules_next_dist_1e8vcs8._.js:776
[   43654ms] [LOG] [Fast Refresh] done in 6426ms @ http://localhost:3000/_next/static/chunks/node_modules_next_dist_1e8vcs8._.js:776
[   43703ms] [LOG] [Fast Refresh] done in 6426ms @ http://localhost:3000/_next/static/chunks/node_modules_next_dist_1e8vcs8._.js:776
[   43753ms] [LOG] [Fast Refresh] done in 6426ms @ http://localhost:3000/_next/static/chunks/node_modules_next_dist_1e8vcs8._.js:776
[   43803ms] [LOG] [Fast Refresh] done in 6426ms @ http://localhost:3000/_next/static/chunks/node_modules_next_dist_1e8vcs8._.js:776
[   43850ms] [LOG] [Fast Refresh] done in 6426ms @ http://localhost:3000/_next/static/chunks/node_modules_next_dist_1e8vcs8._.js:776
[   43904ms] [LOG] [Fast Refresh] done in 6426ms @ http://localhost:3000/_next/static/chunks/node_modules_next_dist_1e8vcs8._.js:776
[   43953ms] [LOG] [Fast Refresh] done in 6426ms @ http://localhost:3000/_next/static/chunks/node_modules_next_dist_1e8vcs8._.js:776
[   44003ms] [LOG] [Fast Refresh] done in 6426ms @ http://localhost:3000/_next/static/chunks/node_modules_next_dist_1e8vcs8._.js:776
[   44055ms] [LOG] [Fast Refresh] done in 6426ms @ http://localhost:3000/_next/static/chunks/node_modules_next_dist_1e8vcs8._.js:776
[   44104ms] [LOG] [Fast Refresh] done in 6426ms @ http://localhost:3000/_next/static/chunks/node_modules_next_dist_1e8vcs8._.js:776
[   44153ms] [LOG] [Fast Refresh] done in 6426ms @ http://localhost:3000/_next/static/chunks/node_modules_next_dist_1e8vcs8._.js:776
[   44204ms] [LOG] [Fast Refresh] done in 6426ms @ http://localhost:3000/_next/static/chunks/node_modules_next_dist_1e8vcs8._.js:776
[   44253ms] [LOG] [Fast Refresh] done in 6426ms @ http://localhost:3000/_next/static/chunks/node_modules_next_dist_1e8vcs8._.js:776
[   44317ms] [LOG] [Fast Refresh] done in 6426ms @ http://localhost:3000/_next/static/chunks/node_modules_next_dist_1e8vcs8._.js:776
[   44353ms] [LOG] [Fast Refresh] done in 6426ms @ http://localhost:3000/_next/static/chunks/node_modules_next_dist_1e8vcs8._.js:776
[   44404ms] [LOG] [Fast Refresh] done in 6426ms @ http://localhost:3000/_next/static/chunks/node_modules_next_dist_1e8vcs8._.js:776
[   44452ms] [LOG] [Fast Refresh] done in 6426ms @ http://localhost:3000/_next/static/chunks/node_modules_next_dist_1e8vcs8._.js:776
[   44502ms] [LOG] [Fast Refresh] done in 6426ms @ http://localhost:3000/_next/static/chunks/node_modules_next_dist_1e8vcs8._.js:776
[   44553ms] [LOG] [Fast Refresh] done in 6426ms @ http://localhost:3000/_next/static/chunks/node_modules_next_dist_1e8vcs8._.js:776
[   44603ms] [LOG] [Fast Refresh] done in 6426ms @ http://localhost:3000/_next/static/chunks/node_modules_next_dist_1e8vcs8._.js:776
[   44666ms] [LOG] [Fast Refresh] done in 6426ms @ http://localhost:3000/_next/static/chunks/node_modules_next_dist_1e8vcs8._.js:776
[   44722ms] [LOG] [Fast Refresh] done in 6426ms @ http://localhost:3000/_next/static/chunks/node_modules_next_dist_1e8vcs8._.js:776
[   44770ms] [LOG] [Fast Refresh] done in 6426ms @ http://localhost:3000/_next/static/chunks/node_modules_next_dist_1e8vcs8._.js:776
[   44820ms] [LOG] [Fast Refresh] done in 6426ms @ http://localhost:3000/_next/static/chunks/node_modules_next_dist_1e8vcs8._.js:776
[   44870ms] [LOG] [Fast Refresh] done in 6426ms @ http://localhost:3000/_next/static/chunks/node_modules_next_dist_1e8vcs8._.js:776
[   44919ms] [LOG] [Fast Refresh] done in 6426ms @ http://localhost:3000/_next/static/chunks/node_modules_next_dist_1e8vcs8._.js:776
[   44969ms] [LOG] [Fast Refresh] done in 6426ms @ http://localhost:3000/_next/static/chunks/node_modules_next_dist_1e8vcs8._.js:776
[   45021ms] [LOG] [Fast Refresh] done in 6426ms @ http://localhost:3000/_next/static/chunks/node_modules_next_dist_1e8vcs8._.js:776
[   45070ms] [LOG] [Fast Refresh] done in 6426ms @ http://localhost:3000/_next/static/chunks/node_modules_next_dist_1e8vcs8._.js:776
[   45120ms] [LOG] [Fast Refresh] done in 6426ms @ http://localhost:3000/_next/static/chunks/node_modules_next_dist_1e8vcs8._.js:776
[   45171ms] [LOG] [Fast Refresh] done in 6426ms @ http://localhost:3000/_next/static/chunks/node_modules_next_dist_1e8vcs8._.js:776
[   45218ms] [LOG] [Fast Refresh] done in 6426ms @ http://localhost:3000/_next/static/chunks/node_modules_next_dist_1e8vcs8._.js:776
[   45270ms] [LOG] [Fast Refresh] done in 6426ms @ http://localhost:3000/_next/static/chunks/node_modules_next_dist_1e8vcs8._.js:776
[   45318ms] [LOG] [Fast Refresh] done in 6426ms @ http://localhost:3000/_next/static/chunks/node_modules_next_dist_1e8vcs8._.js:776
[   45372ms] [LOG] [Fast Refresh] done in 6426ms @ http://localhost:3000/_next/static/chunks/node_modules_next_dist_1e8vcs8._.js:776
[   45419ms] [LOG] [Fast Refresh] done in 6426ms @ http://localhost:3000/_next/static/chunks/node_modules_next_dist_1e8vcs8._.js:776
[   45471ms] [LOG] [Fast Refresh] done in 6426ms @ http://localhost:3000/_next/static/chunks/node_modules_next_dist_1e8vcs8._.js:776
[   45519ms] [LOG] [Fast Refresh] done in 6426ms @ http://localhost:3000/_next/static/chunks/node_modules_next_dist_1e8vcs8._.js:776
[   45569ms] [LOG] [Fast Refresh] done in 6426ms @ http://localhost:3000/_next/static/chunks/node_modules_next_dist_1e8vcs8._.js:776
[   45619ms] [LOG] [Fast Refresh] done in 6426ms @ http://localhost:3000/_next/static/chunks/node_modules_next_dist_1e8vcs8._.js:776
[   45673ms] [LOG] [Fast Refresh] done in 6426ms @ http://localhost:3000/_next/static/chunks/node_modules_next_dist_1e8vcs8._.js:776
[   45737ms] [LOG] [Fast Refresh] done in 6426ms @ http://localhost:3000/_next/static/chunks/node_modules_next_dist_1e8vcs8._.js:776
[   45784ms] [LOG] [Fast Refresh] done in 6426ms @ http://localhost:3000/_next/static/chunks/node_modules_next_dist_1e8vcs8._.js:776
[   45836ms] [LOG] [Fast Refresh] done in 6426ms @ http://localhost:3000/_next/static/chunks/node_modules_next_dist_1e8vcs8._.js:776
[   45886ms] [LOG] [Fast Refresh] done in 6426ms @ http://localhost:3000/_next/static/chunks/node_modules_next_dist_1e8vcs8._.js:776
[   45936ms] [LOG] [Fast Refresh] done in 6426ms @ http://localhost:3000/_next/static/chunks/node_modules_next_dist_1e8vcs8._.js:776
[   45984ms] [LOG] [Fast Refresh] done in 6426ms @ http://localhost:3000/_next/static/chunks/node_modules_next_dist_1e8vcs8._.js:776
[   46036ms] [LOG] [Fast Refresh] done in 6426ms @ http://localhost:3000/_next/static/chunks/node_modules_next_dist_1e8vcs8._.js:776
[   46085ms] [LOG] [Fast Refresh] done in 6426ms @ http://localhost:3000/_next/static/chunks/node_modules_next_dist_1e8vcs8._.js:776
[   46131ms] [LOG] [Fast Refresh] done in 6426ms @ http://localhost:3000/_next/static/chunks/node_modules_next_dist_1e8vcs8._.js:776
[   46186ms] [LOG] [Fast Refresh] done in 6426ms @ http://localhost:3000/_next/static/chunks/node_modules_next_dist_1e8vcs8._.js:776
[   46234ms] [LOG] [Fast Refresh] done in 6426ms @ http://localhost:3000/_next/static/chunks/node_modules_next_dist_1e8vcs8._.js:776
[   46285ms] [LOG] [Fast Refresh] done in 6426ms @ http://localhost:3000/_next/static/chunks/node_modules_next_dist_1e8vcs8._.js:776
[   46336ms] [LOG] [Fast Refresh] done in 6426ms @ http://localhost:3000/_next/static/chunks/node_modules_next_dist_1e8vcs8._.js:776
[   46389ms] [LOG] [Fast Refresh] done in 6426ms @ http://localhost:3000/_next/static/chunks/node_modules_next_dist_1e8vcs8._.js:776
[   46437ms] [LOG] [Fast Refresh] done in 6426ms @ http://localhost:3000/_next/static/chunks/node_modules_next_dist_1e8vcs8._.js:776
[   46501ms] [LOG] [Fast Refresh] done in 6426ms @ http://localhost:3000/_next/static/chunks/node_modules_next_dist_1e8vcs8._.js:776
[   46555ms] [LOG] [Fast Refresh] done in 6426ms @ http://localhost:3000/_next/static/chunks/node_modules_next_dist_1e8vcs8._.js:776
[   46619ms] [LOG] [Fast Refresh] done in 6426ms @ http://localhost:3000/_next/static/chunks/node_modules_next_dist_1e8vcs8._.js:776
[   46681ms] [LOG] [Fast Refresh] done in 6426ms @ http://localhost:3000/_next/static/chunks/node_modules_next_dist_1e8vcs8._.js:776
[   46735ms] [LOG] [Fast Refresh] done in 6426ms @ http://localhost:3000/_next/static/chunks/node_modules_next_dist_1e8vcs8._.js:776
[   46786ms] [LOG] [Fast Refresh] done in 6426ms @ http://localhost:3000/_next/static/chunks/node_modules_next_dist_1e8vcs8._.js:776
[   46835ms] [LOG] [Fast Refresh] done in 6426ms @ http://localhost:3000/_next/static/chunks/node_modules_next_dist_1e8vcs8._.js:776
[   46901ms] [LOG] [Fast Refresh] done in 6426ms @ http://localhost:3000/_next/static/chunks/node_modules_next_dist_1e8vcs8._.js:776
[   46952ms] [LOG] [Fast Refresh] done in 6426ms @ http://localhost:3000/_next/static/chunks/node_modules_next_dist_1e8vcs8._.js:776
[   47002ms] [LOG] [Fast Refresh] done in 6426ms @ http://localhost:3000/_next/static/chunks/node_modules_next_dist_1e8vcs8._.js:776
[   47052ms] [LOG] [Fast Refresh] done in 6426ms @ http://localhost:3000/_next/static/chunks/node_modules_next_dist_1e8vcs8._.js:776
[   47102ms] [LOG] [Fast Refresh] done in 6426ms @ http://localhost:3000/_next/static/chunks/node_modules_next_dist_1e8vcs8._.js:776
[   47151ms] [LOG] [Fast Refresh] done in 6426ms @ http://localhost:3000/_next/static/chunks/node_modules_next_dist_1e8vcs8._.js:776
[   47206ms] [LOG] [Fast Refresh] done in 6426ms @ http://localhost:3000/_next/static/chunks/node_modules_next_dist_1e8vcs8._.js:776
[   47268ms] [LOG] [Fast Refresh] done in 6426ms @ http://localhost:3000/_next/static/chunks/node_modules_next_dist_1e8vcs8._.js:776
[   47320ms] [LOG] [Fast Refresh] done in 6426ms @ http://localhost:3000/_next/static/chunks/node_modules_next_dist_1e8vcs8._.js:776
[   47371ms] [LOG] [Fast Refresh] done in 6426ms @ http://localhost:3000/_next/static/chunks/node_modules_next_dist_1e8vcs8._.js:776
[   47420ms] [LOG] [Fast Refresh] done in 6426ms @ http://localhost:3000/_next/static/chunks/node_modules_next_dist_1e8vcs8._.js:776
[   47469ms] [LOG] [Fast Refresh] done in 6426ms @ http://localhost:3000/_next/static/chunks/node_modules_next_dist_1e8vcs8._.js:776
[   47520ms] [LOG] [Fast Refresh] done in 6426ms @ http://localhost:3000/_next/static/chunks/node_modules_next_dist_1e8vcs8._.js:776
[   47584ms] [LOG] [Fast Refresh] done in 6426ms @ http://localhost:3000/_next/static/chunks/node_modules_next_dist_1e8vcs8._.js:776
[   47635ms] [LOG] [Fast Refresh] done in 6426ms @ http://localhost:3000/_next/static/chunks/node_modules_next_dist_1e8vcs8._.js:776
[   47704ms] [LOG] [Fast Refresh] done in 6426ms @ http://localhost:3000/_next/static/chunks/node_modules_next_dist_1e8vcs8._.js:776
[   47771ms] [LOG] [Fast Refresh] done in 6426ms @ http://localhost:3000/_next/static/chunks/node_modules_next_dist_1e8vcs8._.js:776
[   47821ms] [LOG] [Fast Refresh] done in 6426ms @ http://localhost:3000/_next/static/chunks/node_modules_next_dist_1e8vcs8._.js:776
[   47884ms] [LOG] [Fast Refresh] done in 6426ms @ http://localhost:3000/_next/static/chunks/node_modules_next_dist_1e8vcs8._.js:776
[   47920ms] [LOG] [Fast Refresh] done in 6426ms @ http://localhost:3000/_next/static/chunks/node_modules_next_dist_1e8vcs8._.js:776
[   47967ms] [LOG] [Fast Refresh] done in 6426ms @ http://localhost:3000/_next/static/chunks/node_modules_next_dist_1e8vcs8._.js:776
[   48020ms] [LOG] [Fast Refresh] done in 6426ms @ http://localhost:3000/_next/static/chunks/node_modules_next_dist_1e8vcs8._.js:776
[   48069ms] [LOG] [Fast Refresh] done in 6426ms @ http://localhost:3000/_next/static/chunks/node_modules_next_dist_1e8vcs8._.js:776
[   48121ms] [LOG] [Fast Refresh] done in 6426ms @ http://localhost:3000/_next/static/chunks/node_modules_next_dist_1e8vcs8._.js:776
[   48170ms] [LOG] [Fast Refresh] done in 6426ms @ http://localhost:3000/_next/static/chunks/node_modules_next_dist_1e8vcs8._.js:776
[   48220ms] [LOG] [Fast Refresh] done in 6426ms @ http://localhost:3000/_next/static/chunks/node_modules_next_dist_1e8vcs8._.js:776
[   48268ms] [LOG] [Fast Refresh] done in 6426ms @ http://localhost:3000/_next/static/chunks/node_modules_next_dist_1e8vcs8._.js:776
[   48320ms] [LOG] [Fast Refresh] done in 6426ms @ http://localhost:3000/_next/static/chunks/node_modules_next_dist_1e8vcs8._.js:776
[   48388ms] [LOG] [Fast Refresh] done in 6426ms @ http://localhost:3000/_next/static/chunks/node_modules_next_dist_1e8vcs8._.js:776
[   48439ms] [LOG] [Fast Refresh] done in 6426ms @ http://localhost:3000/_next/static/chunks/node_modules_next_dist_1e8vcs8._.js:776
[   48503ms] [LOG] [Fast Refresh] done in 6426ms @ http://localhost:3000/_next/static/chunks/node_modules_next_dist_1e8vcs8._.js:776
[   48550ms] [LOG] [Fast Refresh] done in 6426ms @ http://localhost:3000/_next/static/chunks/node_modules_next_dist_1e8vcs8._.js:776
[   48587ms] [LOG] [Fast Refresh] done in 6426ms @ http://localhost:3000/_next/static/chunks/node_modules_next_dist_1e8vcs8._.js:776
[   48636ms] [LOG] [Fast Refresh] done in 6426ms @ http://localhost:3000/_next/static/chunks/node_modules_next_dist_1e8vcs8._.js:776
[   48686ms] [LOG] [Fast Refresh] done in 6426ms @ http://localhost:3000/_next/static/chunks/node_modules_next_dist_1e8vcs8._.js:776
[   48751ms] [LOG] [Fast Refresh] done in 6426ms @ http://localhost:3000/_next/static/chunks/node_modules_next_dist_1e8vcs8._.js:776
[   48819ms] [LOG] [Fast Refresh] done in 6426ms @ http://localhost:3000/_next/static/chunks/node_modules_next_dist_1e8vcs8._.js:776
[   48871ms] [LOG] [Fast Refresh] done in 6426ms @ http://localhost:3000/_next/static/chunks/node_modules_next_dist_1e8vcs8._.js:776
[   48922ms] [LOG] [Fast Refresh] done in 6426ms @ http://localhost:3000/_next/static/chunks/node_modules_next_dist_1e8vcs8._.js:776
[   48971ms] [LOG] [Fast Refresh] done in 6426ms @ http://localhost:3000/_next/static/chunks/node_modules_next_dist_1e8vcs8._.js:776
[   49020ms] [LOG] [Fast Refresh] done in 6426ms @ http://localhost:3000/_next/static/chunks/node_modules_next_dist_1e8vcs8._.js:776
[   49070ms] [LOG] [Fast Refresh] done in 6426ms @ http://localhost:3000/_next/static/chunks/node_modules_next_dist_1e8vcs8._.js:776
[   49120ms] [LOG] [Fast Refresh] done in 6426ms @ http://localhost:3000/_next/static/chunks/node_modules_next_dist_1e8vcs8._.js:776
[   49168ms] [LOG] [Fast Refresh] done in 6426ms @ http://localhost:3000/_next/static/chunks/node_modules_next_dist_1e8vcs8._.js:776
[   49220ms] [LOG] [Fast Refresh] done in 6426ms @ http://localhost:3000/_next/static/chunks/node_modules_next_dist_1e8vcs8._.js:776
[   49268ms] [LOG] [Fast Refresh] done in 6426ms @ http://localhost:3000/_next/static/chunks/node_modules_next_dist_1e8vcs8._.js:776
[   49320ms] [LOG] [Fast Refresh] done in 6426ms @ http://localhost:3000/_next/static/chunks/node_modules_next_dist_1e8vcs8._.js:776
[   49368ms] [LOG] [Fast Refresh] done in 6426ms @ http://localhost:3000/_next/static/chunks/node_modules_next_dist_1e8vcs8._.js:776
[   49422ms] [LOG] [Fast Refresh] done in 6426ms @ http://localhost:3000/_next/static/chunks/node_modules_next_dist_1e8vcs8._.js:776
[   49486ms] [LOG] [Fast Refresh] done in 6426ms @ http://localhost:3000/_next/static/chunks/node_modules_next_dist_1e8vcs8._.js:776
[   49536ms] [LOG] [Fast Refresh] done in 6426ms @ http://localhost:3000/_next/static/chunks/node_modules_next_dist_1e8vcs8._.js:776
[   49586ms] [LOG] [Fast Refresh] done in 6426ms @ http://localhost:3000/_next/static/chunks/node_modules_next_dist_1e8vcs8._.js:776
[   49638ms] [LOG] [Fast Refresh] done in 6426ms @ http://localhost:3000/_next/static/chunks/node_modules_next_dist_1e8vcs8._.js:776
[   49688ms] [LOG] [Fast Refresh] done in 6426ms @ http://localhost:3000/_next/static/chunks/node_modules_next_dist_1e8vcs8._.js:776
[   49736ms] [LOG] [Fast Refresh] done in 6426ms @ http://localhost:3000/_next/static/chunks/node_modules_next_dist_1e8vcs8._.js:776
[   49786ms] [LOG] [Fast Refresh] done in 6426ms @ http://localhost:3000/_next/static/chunks/node_modules_next_dist_1e8vcs8._.js:776
[   49836ms] [LOG] [Fast Refresh] done in 6426ms @ http://localhost:3000/_next/static/chunks/node_modules_next_dist_1e8vcs8._.js:776
[   49887ms] [LOG] [Fast Refresh] done in 6426ms @ http://localhost:3000/_next/static/chunks/node_modules_next_dist_1e8vcs8._.js:776
[   49951ms] [LOG] [Fast Refresh] done in 6426ms @ http://localhost:3000/_next/static/chunks/node_modules_next_dist_1e8vcs8._.js:776
[   50006ms] [LOG] [Fast Refresh] done in 6426ms @ http://localhost:3000/_next/static/chunks/node_modules_next_dist_1e8vcs8._.js:776
[   50054ms] [LOG] [Fast Refresh] done in 6426ms @ http://localhost:3000/_next/static/chunks/node_modules_next_dist_1e8vcs8._.js:776
[   50119ms] [LOG] [Fast Refresh] done in 6426ms @ http://localhost:3000/_next/static/chunks/node_modules_next_dist_1e8vcs8._.js:776
[   50166ms] [LOG] [Fast Refresh] done in 6426ms @ http://localhost:3000/_next/static/chunks/node_modules_next_dist_1e8vcs8._.js:776
[   50220ms] [LOG] [Fast Refresh] done in 6426ms @ http://localhost:3000/_next/static/chunks/node_modules_next_dist_1e8vcs8._.js:776
[   50268ms] [LOG] [Fast Refresh] done in 6426ms @ http://localhost:3000/_next/static/chunks/node_modules_next_dist_1e8vcs8._.js:776
[   50321ms] [LOG] [Fast Refresh] done in 6426ms @ http://localhost:3000/_next/static/chunks/node_modules_next_dist_1e8vcs8._.js:776
[   50371ms] [LOG] [Fast Refresh] done in 6426ms @ http://localhost:3000/_next/static/chunks/node_modules_next_dist_1e8vcs8._.js:776
[   50418ms] [LOG] [Fast Refresh] done in 6426ms @ http://localhost:3000/_next/static/chunks/node_modules_next_dist_1e8vcs8._.js:776
[   50468ms] [LOG] [Fast Refresh] done in 6426ms @ http://localhost:3000/_next/static/chunks/node_modules_next_dist_1e8vcs8._.js:776
[   50537ms] [LOG] [Fast Refresh] done in 6426ms @ http://localhost:3000/_next/static/chunks/node_modules_next_dist_1e8vcs8._.js:776
[   50584ms] [LOG] [Fast Refresh] done in 6426ms @ http://localhost:3000/_next/static/chunks/node_modules_next_dist_1e8vcs8._.js:776
[   50637ms] [LOG] [Fast Refresh] done in 6426ms @ http://localhost:3000/_next/static/chunks/node_modules_next_dist_1e8vcs8._.js:776
[   50703ms] [LOG] [Fast Refresh] done in 6426ms @ http://localhost:3000/_next/static/chunks/node_modules_next_dist_1e8vcs8._.js:776
[   50752ms] [LOG] [Fast Refresh] done in 6426ms @ http://localhost:3000/_next/static/chunks/node_modules_next_dist_1e8vcs8._.js:776
[   50800ms] [LOG] [Fast Refresh] done in 6426ms @ http://localhost:3000/_next/static/chunks/node_modules_next_dist_1e8vcs8._.js:776
[   50853ms] [LOG] [Fast Refresh] done in 6426ms @ http://localhost:3000/_next/static/chunks/node_modules_next_dist_1e8vcs8._.js:776
[   50901ms] [LOG] [Fast Refresh] done in 6426ms @ http://localhost:3000/_next/static/chunks/node_modules_next_dist_1e8vcs8._.js:776
[   50954ms] [LOG] [Fast Refresh] done in 6426ms @ http://localhost:3000/_next/static/chunks/node_modules_next_dist_1e8vcs8._.js:776
[   51003ms] [LOG] [Fast Refresh] done in 6426ms @ http://localhost:3000/_next/static/chunks/node_modules_next_dist_1e8vcs8._.js:776
[   51054ms] [LOG] [Fast Refresh] done in 6426ms @ http://localhost:3000/_next/static/chunks/node_modules_next_dist_1e8vcs8._.js:776
[   51103ms] [LOG] [Fast Refresh] done in 6426ms @ http://localhost:3000/_next/static/chunks/node_modules_next_dist_1e8vcs8._.js:776
[   51151ms] [LOG] [Fast Refresh] done in 6426ms @ http://localhost:3000/_next/static/chunks/node_modules_next_dist_1e8vcs8._.js:776
[   51186ms] [LOG] [Fast Refresh] done in 6426ms @ http://localhost:3000/_next/static/chunks/node_modules_next_dist_1e8vcs8._.js:776
[   51237ms] [LOG] [Fast Refresh] done in 6426ms @ http://localhost:3000/_next/static/chunks/node_modules_next_dist_1e8vcs8._.js:776
[   51285ms] [LOG] [Fast Refresh] done in 6426ms @ http://localhost:3000/_next/static/chunks/node_modules_next_dist_1e8vcs8._.js:776
[   51336ms] [LOG] [Fast Refresh] done in 6426ms @ http://localhost:3000/_next/static/chunks/node_modules_next_dist_1e8vcs8._.js:776
[   51399ms] [LOG] [Fast Refresh] done in 6426ms @ http://localhost:3000/_next/static/chunks/node_modules_next_dist_1e8vcs8._.js:776
[   51453ms] [LOG] [Fast Refresh] done in 6426ms @ http://localhost:3000/_next/static/chunks/node_modules_next_dist_1e8vcs8._.js:776
[   51507ms] [LOG] [Fast Refresh] done in 6426ms @ http://localhost:3000/_next/static/chunks/node_modules_next_dist_1e8vcs8._.js:776
[   51570ms] [LOG] [Fast Refresh] done in 6426ms @ http://localhost:3000/_next/static/chunks/node_modules_next_dist_1e8vcs8._.js:776
[   51619ms] [LOG] [Fast Refresh] done in 6426ms @ http://localhost:3000/_next/static/chunks/node_modules_next_dist_1e8vcs8._.js:776
[   51666ms] [LOG] [Fast Refresh] done in 6426ms @ http://localhost:3000/_next/static/chunks/node_modules_next_dist_1e8vcs8._.js:776
[   51705ms] [LOG] [Fast Refresh] done in 6426ms @ http://localhost:3000/_next/static/chunks/node_modules_next_dist_1e8vcs8._.js:776
[   51754ms] [LOG] [Fast Refresh] done in 6426ms @ http://localhost:3000/_next/static/chunks/node_modules_next_dist_1e8vcs8._.js:776
[   51803ms] [LOG] [Fast Refresh] done in 6426ms @ http://localhost:3000/_next/static/chunks/node_modules_next_dist_1e8vcs8._.js:776
[   51870ms] [LOG] [Fast Refresh] done in 6426ms @ http://localhost:3000/_next/static/chunks/node_modules_next_dist_1e8vcs8._.js:776
[   51918ms] [LOG] [Fast Refresh] done in 6426ms @ http://localhost:3000/_next/static/chunks/node_modules_next_dist_1e8vcs8._.js:776
[   51981ms] [LOG] [Fast Refresh] done in 6426ms @ http://localhost:3000/_next/static/chunks/node_modules_next_dist_1e8vcs8._.js:776
[   52022ms] [LOG] [Fast Refresh] done in 6426ms @ http://localhost:3000/_next/static/chunks/node_modules_next_dist_1e8vcs8._.js:776
[   52069ms] [LOG] [Fast Refresh] done in 6426ms @ http://localhost:3000/_next/static/chunks/node_modules_next_dist_1e8vcs8._.js:776
[   52117ms] [LOG] [Fast Refresh] done in 6426ms @ http://localhost:3000/_next/static/chunks/node_modules_next_dist_1e8vcs8._.js:776
[   52155ms] [LOG] [Fast Refresh] done in 6426ms @ http://localhost:3000/_next/static/chunks/node_modules_next_dist_1e8vcs8._.js:776
[   52204ms] [LOG] [Fast Refresh] done in 6426ms @ http://localhost:3000/_next/static/chunks/node_modules_next_dist_1e8vcs8._.js:776
[   52253ms] [LOG] [Fast Refresh] done in 6426ms @ http://localhost:3000/_next/static/chunks/node_modules_next_dist_1e8vcs8._.js:776
[   52301ms] [LOG] [Fast Refresh] done in 6426ms @ http://localhost:3000/_next/static/chunks/node_modules_next_dist_1e8vcs8._.js:776
[   52367ms] [LOG] [Fast Refresh] done in 6426ms @ http://localhost:3000/_next/static/chunks/node_modules_next_dist_1e8vcs8._.js:776
[   52416ms] [LOG] [Fast Refresh] done in 6426ms @ http://localhost:3000/_next/static/chunks/node_modules_next_dist_1e8vcs8._.js:776
[   52469ms] [LOG] [Fast Refresh] done in 6426ms @ http://localhost:3000/_next/static/chunks/node_modules_next_dist_1e8vcs8._.js:776
[   52517ms] [LOG] [Fast Refresh] done in 6426ms @ http://localhost:3000/_next/static/chunks/node_modules_next_dist_1e8vcs8._.js:776
[   52570ms] [LOG] [Fast Refresh] done in 6426ms @ http://localhost:3000/_next/static/chunks/node_modules_next_dist_1e8vcs8._.js:776
[   52619ms] [LOG] [Fast Refresh] done in 6426ms @ http://localhost:3000/_next/static/chunks/node_modules_next_dist_1e8vcs8._.js:776
[   52670ms] [LOG] [Fast Refresh] done in 6426ms @ http://localhost:3000/_next/static/chunks/node_modules_next_dist_1e8vcs8._.js:776
[   52720ms] [LOG] [Fast Refresh] done in 6426ms @ http://localhost:3000/_next/static/chunks/node_modules_next_dist_1e8vcs8._.js:776
[   52771ms] [LOG] [Fast Refresh] done in 6426ms @ http://localhost:3000/_next/static/chunks/node_modules_next_dist_1e8vcs8._.js:776
[   52819ms] [LOG] [Fast Refresh] done in 6426ms @ http://localhost:3000/_next/static/chunks/node_modules_next_dist_1e8vcs8._.js:776
[   52871ms] [LOG] [Fast Refresh] done in 6426ms @ http://localhost:3000/_next/static/chunks/node_modules_next_dist_1e8vcs8._.js:776
[   52919ms] [LOG] [Fast Refresh] done in 6426ms @ http://localhost:3000/_next/static/chunks/node_modules_next_dist_1e8vcs8._.js:776
[   52987ms] [LOG] [Fast Refresh] done in 6426ms @ http://localhost:3000/_next/static/chunks/node_modules_next_dist_1e8vcs8._.js:776
[   53036ms] [LOG] [Fast Refresh] done in 6426ms @ http://localhost:3000/_next/static/chunks/node_modules_next_dist_1e8vcs8._.js:776
[   53087ms] [LOG] [Fast Refresh] done in 6426ms @ http://localhost:3000/_next/static/chunks/node_modules_next_dist_1e8vcs8._.js:776
[   53135ms] [LOG] [Fast Refresh] done in 6426ms @ http://localhost:3000/_next/static/chunks/node_modules_next_dist_1e8vcs8._.js:776
[   53196ms] [LOG] [Fast Refresh] done in 6426ms @ http://localhost:3000/_next/static/chunks/node_modules_next_dist_1e8vcs8._.js:776
[   53254ms] [LOG] [Fast Refresh] done in 6426ms @ http://localhost:3000/_next/static/chunks/node_modules_next_dist_1e8vcs8._.js:776
[   53304ms] [LOG] [Fast Refresh] done in 6426ms @ http://localhost:3000/_next/static/chunks/node_modules_next_dist_1e8vcs8._.js:776
[   53352ms] [LOG] [Fast Refresh] done in 6426ms @ http://localhost:3000/_next/static/chunks/node_modules_next_dist_1e8vcs8._.js:776
[   53402ms] [LOG] [Fast Refresh] done in 6426ms @ http://localhost:3000/_next/static/chunks/node_modules_next_dist_1e8vcs8._.js:776
[   53454ms] [LOG] [Fast Refresh] done in 6426ms @ http://localhost:3000/_next/static/chunks/node_modules_next_dist_1e8vcs8._.js:776
[   53504ms] [LOG] [Fast Refresh] done in 6426ms @ http://localhost:3000/_next/static/chunks/node_modules_next_dist_1e8vcs8._.js:776
[   53551ms] [LOG] [Fast Refresh] done in 6426ms @ http://localhost:3000/_next/static/chunks/node_modules_next_dist_1e8vcs8._.js:776
[   53617ms] [LOG] [Fast Refresh] done in 6426ms @ http://localhost:3000/_next/static/chunks/node_modules_next_dist_1e8vcs8._.js:776
[   53671ms] [LOG] [Fast Refresh] done in 6426ms @ http://localhost:3000/_next/static/chunks/node_modules_next_dist_1e8vcs8._.js:776
[   53736ms] [LOG] [Fast Refresh] done in 6426ms @ http://localhost:3000/_next/static/chunks/node_modules_next_dist_1e8vcs8._.js:776
[   53786ms] [LOG] [Fast Refresh] done in 6426ms @ http://localhost:3000/_next/static/chunks/node_modules_next_dist_1e8vcs8._.js:776
[   53836ms] [LOG] [Fast Refresh] done in 6426ms @ http://localhost:3000/_next/static/chunks/node_modules_next_dist_1e8vcs8._.js:776
[   53887ms] [LOG] [Fast Refresh] done in 6426ms @ http://localhost:3000/_next/static/chunks/node_modules_next_dist_1e8vcs8._.js:776
[   53937ms] [LOG] [Fast Refresh] done in 6426ms @ http://localhost:3000/_next/static/chunks/node_modules_next_dist_1e8vcs8._.js:776
[   53986ms] [LOG] [Fast Refresh] done in 6426ms @ http://localhost:3000/_next/static/chunks/node_modules_next_dist_1e8vcs8._.js:776
[   54037ms] [LOG] [Fast Refresh] done in 6426ms @ http://localhost:3000/_next/static/chunks/node_modules_next_dist_1e8vcs8._.js:776
[   54087ms] [LOG] [Fast Refresh] done in 6426ms @ http://localhost:3000/_next/static/chunks/node_modules_next_dist_1e8vcs8._.js:776
[   54153ms] [LOG] [Fast Refresh] done in 6426ms @ http://localhost:3000/_next/static/chunks/node_modules_next_dist_1e8vcs8._.js:776
[   54204ms] [LOG] [Fast Refresh] done in 6426ms @ http://localhost:3000/_next/static/chunks/node_modules_next_dist_1e8vcs8._.js:776
[   54255ms] [LOG] [Fast Refresh] done in 6426ms @ http://localhost:3000/_next/static/chunks/node_modules_next_dist_1e8vcs8._.js:776
[   54304ms] [LOG] [Fast Refresh] done in 6426ms @ http://localhost:3000/_next/static/chunks/node_modules_next_dist_1e8vcs8._.js:776
[   54352ms] [LOG] [Fast Refresh] done in 6426ms @ http://localhost:3000/_next/static/chunks/node_modules_next_dist_1e8vcs8._.js:776
[   54403ms] [LOG] [Fast Refresh] done in 6426ms @ http://localhost:3000/_next/static/chunks/node_modules_next_dist_1e8vcs8._.js:776
[   54452ms] [LOG] [Fast Refresh] done in 6426ms @ http://localhost:3000/_next/static/chunks/node_modules_next_dist_1e8vcs8._.js:776
[   54504ms] [LOG] [Fast Refresh] done in 6426ms @ http://localhost:3000/_next/static/chunks/node_modules_next_dist_1e8vcs8._.js:776
[   54553ms] [LOG] [Fast Refresh] done in 6426ms @ http://localhost:3000/_next/static/chunks/node_modules_next_dist_1e8vcs8._.js:776
[   54603ms] [LOG] [Fast Refresh] done in 6426ms @ http://localhost:3000/_next/static/chunks/node_modules_next_dist_1e8vcs8._.js:776
[   54655ms] [LOG] [Fast Refresh] done in 6426ms @ http://localhost:3000/_next/static/chunks/node_modules_next_dist_1e8vcs8._.js:776
[   54703ms] [LOG] [Fast Refresh] done in 6426ms @ http://localhost:3000/_next/static/chunks/node_modules_next_dist_1e8vcs8._.js:776
[   54767ms] [LOG] [Fast Refresh] done in 6426ms @ http://localhost:3000/_next/static/chunks/node_modules_next_dist_1e8vcs8._.js:776
[   54818ms] [LOG] [Fast Refresh] done in 6426ms @ http://localhost:3000/_next/static/chunks/node_modules_next_dist_1e8vcs8._.js:776
[   54868ms] [LOG] [Fast Refresh] done in 6426ms @ http://localhost:3000/_next/static/chunks/node_modules_next_dist_1e8vcs8._.js:776
[   54934ms] [LOG] [Fast Refresh] done in 6426ms @ http://localhost:3000/_next/static/chunks/node_modules_next_dist_1e8vcs8._.js:776
[   54971ms] [LOG] [Fast Refresh] done in 6426ms @ http://localhost:3000/_next/static/chunks/node_modules_next_dist_1e8vcs8._.js:776
[   55035ms] [LOG] [Fast Refresh] done in 6426ms @ http://localhost:3000/_next/static/chunks/node_modules_next_dist_1e8vcs8._.js:776
[   55088ms] [LOG] [Fast Refresh] done in 6426ms @ http://localhost:3000/_next/static/chunks/node_modules_next_dist_1e8vcs8._.js:776
[   55151ms] [LOG] [Fast Refresh] done in 6426ms @ http://localhost:3000/_next/static/chunks/node_modules_next_dist_1e8vcs8._.js:776
[   55204ms] [LOG] [Fast Refresh] done in 6426ms @ http://localhost:3000/_next/static/chunks/node_modules_next_dist_1e8vcs8._.js:776
[   55251ms] [LOG] [Fast Refresh] done in 6426ms @ http://localhost:3000/_next/static/chunks/node_modules_next_dist_1e8vcs8._.js:776
[   55302ms] [LOG] [Fast Refresh] done in 6426ms @ http://localhost:3000/_next/static/chunks/node_modules_next_dist_1e8vcs8._.js:776
[   55353ms] [LOG] [Fast Refresh] done in 6426ms @ http://localhost:3000/_next/static/chunks/node_modules_next_dist_1e8vcs8._.js:776
[   55403ms] [LOG] [Fast Refresh] done in 6426ms @ http://localhost:3000/_next/static/chunks/node_modules_next_dist_1e8vcs8._.js:776
[   55453ms] [LOG] [Fast Refresh] done in 6426ms @ http://localhost:3000/_next/static/chunks/node_modules_next_dist_1e8vcs8._.js:776
[   55516ms] [LOG] [Fast Refresh] done in 6426ms @ http://localhost:3000/_next/static/chunks/node_modules_next_dist_1e8vcs8._.js:776
[   55571ms] [LOG] [Fast Refresh] done in 6426ms @ http://localhost:3000/_next/static/chunks/node_modules_next_dist_1e8vcs8._.js:776
[   55621ms] [LOG] [Fast Refresh] done in 6426ms @ http://localhost:3000/_next/static/chunks/node_modules_next_dist_1e8vcs8._.js:776
[   55671ms] [LOG] [Fast Refresh] done in 6426ms @ http://localhost:3000/_next/static/chunks/node_modules_next_dist_1e8vcs8._.js:776
[   55720ms] [LOG] [Fast Refresh] done in 6426ms @ http://localhost:3000/_next/static/chunks/node_modules_next_dist_1e8vcs8._.js:776
[   55770ms] [LOG] [Fast Refresh] done in 6426ms @ http://localhost:3000/_next/static/chunks/node_modules_next_dist_1e8vcs8._.js:776
[   55819ms] [LOG] [Fast Refresh] done in 6426ms @ http://localhost:3000/_next/static/chunks/node_modules_next_dist_1e8vcs8._.js:776
[   55869ms] [LOG] [Fast Refresh] done in 6426ms @ http://localhost:3000/_next/static/chunks/node_modules_next_dist_1e8vcs8._.js:776
[   55920ms] [LOG] [Fast Refresh] done in 6426ms @ http://localhost:3000/_next/static/chunks/node_modules_next_dist_1e8vcs8._.js:776
[   55983ms] [LOG] [Fast Refresh] done in 6426ms @ http://localhost:3000/_next/static/chunks/node_modules_next_dist_1e8vcs8._.js:776
[   56036ms] [LOG] [Fast Refresh] done in 6426ms @ http://localhost:3000/_next/static/chunks/node_modules_next_dist_1e8vcs8._.js:776
[   56086ms] [LOG] [Fast Refresh] done in 6426ms @ http://localhost:3000/_next/static/chunks/node_modules_next_dist_1e8vcs8._.js:776
[   56137ms] [LOG] [Fast Refresh] done in 6426ms @ http://localhost:3000/_next/static/chunks/node_modules_next_dist_1e8vcs8._.js:776
[   56187ms] [LOG] [Fast Refresh] done in 6426ms @ http://localhost:3000/_next/static/chunks/node_modules_next_dist_1e8vcs8._.js:776
[   56236ms] [LOG] [Fast Refresh] done in 6426ms @ http://localhost:3000/_next/static/chunks/node_modules_next_dist_1e8vcs8._.js:776
[   56290ms] [LOG] [Fast Refresh] done in 6426ms @ http://localhost:3000/_next/static/chunks/node_modules_next_dist_1e8vcs8._.js:776
[   56352ms] [LOG] [Fast Refresh] done in 6426ms @ http://localhost:3000/_next/static/chunks/node_modules_next_dist_1e8vcs8._.js:776
[   56402ms] [LOG] [Fast Refresh] done in 6426ms @ http://localhost:3000/_next/static/chunks/node_modules_next_dist_1e8vcs8._.js:776
[   56452ms] [LOG] [Fast Refresh] done in 6426ms @ http://localhost:3000/_next/static/chunks/node_modules_next_dist_1e8vcs8._.js:776
[   56502ms] [LOG] [Fast Refresh] done in 6426ms @ http://localhost:3000/_next/static/chunks/node_modules_next_dist_1e8vcs8._.js:776
[   56552ms] [LOG] [Fast Refresh] done in 6426ms @ http://localhost:3000/_next/static/chunks/node_modules_next_dist_1e8vcs8._.js:776
[   56603ms] [LOG] [Fast Refresh] done in 6426ms @ http://localhost:3000/_next/static/chunks/node_modules_next_dist_1e8vcs8._.js:776
[   56665ms] [LOG] [Fast Refresh] done in 6426ms @ http://localhost:3000/_next/static/chunks/node_modules_next_dist_1e8vcs8._.js:776
[   56718ms] [LOG] [Fast Refresh] done in 6426ms @ http://localhost:3000/_next/static/chunks/node_modules_next_dist_1e8vcs8._.js:776
[   56770ms] [LOG] [Fast Refresh] done in 6426ms @ http://localhost:3000/_next/static/chunks/node_modules_next_dist_1e8vcs8._.js:776
[   56834ms] [LOG] [Fast Refresh] done in 6426ms @ http://localhost:3000/_next/static/chunks/node_modules_next_dist_1e8vcs8._.js:776
[   56887ms] [LOG] [Fast Refresh] done in 6426ms @ http://localhost:3000/_next/static/chunks/node_modules_next_dist_1e8vcs8._.js:776
[   56937ms] [LOG] [Fast Refresh] done in 6426ms @ http://localhost:3000/_next/static/chunks/node_modules_next_dist_1e8vcs8._.js:776
[   56986ms] [LOG] [Fast Refresh] done in 6426ms @ http://localhost:3000/_next/static/chunks/node_modules_next_dist_1e8vcs8._.js:776
[   57036ms] [LOG] [Fast Refresh] done in 6426ms @ http://localhost:3000/_next/static/chunks/node_modules_next_dist_1e8vcs8._.js:776
[   57086ms] [LOG] [Fast Refresh] done in 6426ms @ http://localhost:3000/_next/static/chunks/node_modules_next_dist_1e8vcs8._.js:776
[   57137ms] [LOG] [Fast Refresh] done in 6426ms @ http://localhost:3000/_next/static/chunks/node_modules_next_dist_1e8vcs8._.js:776
[   57186ms] [LOG] [Fast Refresh] done in 6426ms @ http://localhost:3000/_next/static/chunks/node_modules_next_dist_1e8vcs8._.js:776
[   57238ms] [LOG] [Fast Refresh] done in 6426ms @ http://localhost:3000/_next/static/chunks/node_modules_next_dist_1e8vcs8._.js:776
[   57286ms] [LOG] [Fast Refresh] done in 6426ms @ http://localhost:3000/_next/static/chunks/node_modules_next_dist_1e8vcs8._.js:776
[   57504ms] [LOG] [Fast Refresh] rebuilding @ http://localhost:3000/_next/static/chunks/node_modules_next_dist_1e8vcs8._.js:776
[   57504ms] [LOG] [Fast Refresh] done in 101ms @ http://localhost:3000/_next/static/chunks/node_modules_next_dist_1e8vcs8._.js:776
