[    1646ms] [INFO] %cDownload the React DevTools for a better development experience: https://react.dev/link/react-devtools font-weight:bold @ http://localhost:3000/_next/static/chunks/node_modules_next_dist_1e8vcs8._.js:776
[    2266ms] [LOG] [HMR] connected @ http://localhost:3000/_next/static/chunks/node_modules_next_dist_1e8vcs8._.js:776
[    2395ms] [LOG] [Fast Refresh] rebuilding @ http://localhost:3000/_next/static/chunks/node_modules_next_dist_1e8vcs8._.js:776
[    6231ms] [LOG] [Fast Refresh] done in 3937ms @ http://localhost:3000/_next/static/chunks/node_modules_next_dist_1e8vcs8._.js:776
[   10222ms] [LOG] [Fast Refresh] rebuilding @ http://localhost:3000/_next/static/chunks/node_modules_next_dist_1e8vcs8._.js:776
[   10318ms] [LOG] [Fast Refresh] done in 200ms @ http://localhost:3000/_next/static/chunks/node_modules_next_dist_1e8vcs8._.js:776
[   21789ms] [LOG] [Fast Refresh] rebuilding @ http://localhost:3000/_next/static/chunks/node_modules_next_dist_1e8vcs8._.js:776
[   21946ms] [LOG] [Fast Refresh] done in 259ms @ http://localhost:3000/_next/static/chunks/node_modules_next_dist_1e8vcs8._.js:776
[   22496ms] [LOG] [Fast Refresh] rebuilding @ http://localhost:3000/_next/static/chunks/node_modules_next_dist_1e8vcs8._.js:776
[   22698ms] [LOG] [Fast Refresh] done in 305ms @ http://localhost:3000/_next/static/chunks/node_modules_next_dist_1e8vcs8._.js:776
[   41438ms] [LOG] [Fast Refresh] rebuilding @ http://localhost:3000/_next/static/chunks/node_modules_next_dist_1e8vcs8._.js:776
[   41959ms] [LOG] [Fast Refresh] done in 621ms @ http://localhost:3000/_next/static/chunks/node_modules_next_dist_1e8vcs8._.js:776
[   66736ms] [LOG] [Fast Refresh] rebuilding @ http://localhost:3000/_next/static/chunks/node_modules_next_dist_1e8vcs8._.js:776
[   68971ms] [LOG] [Fast Refresh] done in 2347ms @ http://localhost:3000/_next/static/chunks/node_modules_next_dist_1e8vcs8._.js:776
[  448794ms] [LOG] [Fast Refresh] rebuilding @ http://localhost:3000/_next/static/chunks/node_modules_next_dist_1e8vcs8._.js:776
[  449013ms] [LOG] [Fast Refresh] done in 319ms @ http://localhost:3000/_next/static/chunks/node_modules_next_dist_1e8vcs8._.js:776
[  772927ms] [LOG] [Fast Refresh] rebuilding @ http://localhost:3000/_next/static/chunks/node_modules_next_dist_1e8vcs8._.js:776
[  792429ms] [LOG] [Fast Refresh] done in 18790ms @ http://localhost:3000/_next/static/chunks/node_modules_next_dist_1e8vcs8._.js:776
[  795391ms] [LOG] [Fast Refresh] done in 18790ms @ http://localhost:3000/_next/static/chunks/node_modules_next_dist_1e8vcs8._.js:776
[  796161ms] [LOG] [Fast Refresh] done in 18790ms @ http://localhost:3000/_next/static/chunks/node_modules_next_dist_1e8vcs8._.js:776
[  796227ms] [LOG] [Fast Refresh] done in 18790ms @ http://localhost:3000/_next/static/chunks/node_modules_next_dist_1e8vcs8._.js:776
[  796293ms] [LOG] [Fast Refresh] done in 18790ms @ http://localhost:3000/_next/static/chunks/node_modules_next_dist_1e8vcs8._.js:776
[  796359ms] [LOG] [Fast Refresh] done in 18790ms @ http://localhost:3000/_next/static/chunks/node_modules_next_dist_1e8vcs8._.js:776
[  796423ms] [LOG] [Fast Refresh] done in 18790ms @ http://localhost:3000/_next/static/chunks/node_modules_next_dist_1e8vcs8._.js:776
[  796490ms] [LOG] [Fast Refresh] done in 18790ms @ http://localhost:3000/_next/static/chunks/node_modules_next_dist_1e8vcs8._.js:776
[  796592ms] [LOG] [Fast Refresh] done in 18790ms @ http://localhost:3000/_next/static/chunks/node_modules_next_dist_1e8vcs8._.js:776
[  796656ms] [LOG] [Fast Refresh] done in 18790ms @ http://localhost:3000/_next/static/chunks/node_modules_next_dist_1e8vcs8._.js:776
[  796723ms] [LOG] [Fast Refresh] done in 18790ms @ http://localhost:3000/_next/static/chunks/node_modules_next_dist_1e8vcs8._.js:776
[  796790ms] [LOG] [Fast Refresh] done in 18790ms @ http://localhost:3000/_next/static/chunks/node_modules_next_dist_1e8vcs8._.js:776
[  796857ms] [LOG] [Fast Refresh] done in 18790ms @ http://localhost:3000/_next/static/chunks/node_modules_next_dist_1e8vcs8._.js:776
[  796924ms] [LOG] [Fast Refresh] done in 18790ms @ http://localhost:3000/_next/static/chunks/node_modules_next_dist_1e8vcs8._.js:776
[  796990ms] [LOG] [Fast Refresh] done in 18790ms @ http://localhost:3000/_next/static/chunks/node_modules_next_dist_1e8vcs8._.js:776
[  797058ms] [LOG] [Fast Refresh] done in 18790ms @ http://localhost:3000/_next/static/chunks/node_modules_next_dist_1e8vcs8._.js:776
[  797124ms] [LOG] [Fast Refresh] done in 18790ms @ http://localhost:3000/_next/static/chunks/node_modules_next_dist_1e8vcs8._.js:776
[  797176ms] [LOG] [Fast Refresh] done in 18790ms @ http://localhost:3000/_next/static/chunks/node_modules_next_dist_1e8vcs8._.js:776
[  797241ms] [LOG] [Fast Refresh] done in 18790ms @ http://localhost:3000/_next/static/chunks/node_modules_next_dist_1e8vcs8._.js:776
[  797292ms] [LOG] [Fast Refresh] done in 18790ms @ http://localhost:3000/_next/static/chunks/node_modules_next_dist_1e8vcs8._.js:776
[  797358ms] [LOG] [Fast Refresh] done in 18790ms @ http://localhost:3000/_next/static/chunks/node_modules_next_dist_1e8vcs8._.js:776
[  797424ms] [LOG] [Fast Refresh] done in 18790ms @ http://localhost:3000/_next/static/chunks/node_modules_next_dist_1e8vcs8._.js:776
[  797495ms] [LOG] [Fast Refresh] done in 18790ms @ http://localhost:3000/_next/static/chunks/node_modules_next_dist_1e8vcs8._.js:776
[  797557ms] [LOG] [Fast Refresh] done in 18790ms @ http://localhost:3000/_next/static/chunks/node_modules_next_dist_1e8vcs8._.js:776
[  797610ms] [LOG] [Fast Refresh] done in 18790ms @ http://localhost:3000/_next/static/chunks/node_modules_next_dist_1e8vcs8._.js:776
[  797676ms] [LOG] [Fast Refresh] done in 18790ms @ http://localhost:3000/_next/static/chunks/node_modules_next_dist_1e8vcs8._.js:776
[  797742ms] [LOG] [Fast Refresh] done in 18790ms @ http://localhost:3000/_next/static/chunks/node_modules_next_dist_1e8vcs8._.js:776
[  797809ms] [LOG] [Fast Refresh] done in 18790ms @ http://localhost:3000/_next/static/chunks/node_modules_next_dist_1e8vcs8._.js:776
[  797875ms] [LOG] [Fast Refresh] done in 18790ms @ http://localhost:3000/_next/static/chunks/node_modules_next_dist_1e8vcs8._.js:776
[  797942ms] [LOG] [Fast Refresh] done in 18790ms @ http://localhost:3000/_next/static/chunks/node_modules_next_dist_1e8vcs8._.js:776
[  798008ms] [LOG] [Fast Refresh] done in 18790ms @ http://localhost:3000/_next/static/chunks/node_modules_next_dist_1e8vcs8._.js:776
[  798074ms] [LOG] [Fast Refresh] done in 18790ms @ http://localhost:3000/_next/static/chunks/node_modules_next_dist_1e8vcs8._.js:776
[  798142ms] [LOG] [Fast Refresh] done in 18790ms @ http://localhost:3000/_next/static/chunks/node_modules_next_dist_1e8vcs8._.js:776
[  798193ms] [LOG] [Fast Refresh] done in 18790ms @ http://localhost:3000/_next/static/chunks/node_modules_next_dist_1e8vcs8._.js:776
[  798258ms] [LOG] [Fast Refresh] done in 18790ms @ http://localhost:3000/_next/static/chunks/node_modules_next_dist_1e8vcs8._.js:776
[  798323ms] [LOG] [Fast Refresh] done in 18790ms @ http://localhost:3000/_next/static/chunks/node_modules_next_dist_1e8vcs8._.js:776
[  798392ms] [LOG] [Fast Refresh] done in 18790ms @ http://localhost:3000/_next/static/chunks/node_modules_next_dist_1e8vcs8._.js:776
[  798458ms] [LOG] [Fast Refresh] done in 18790ms @ http://localhost:3000/_next/static/chunks/node_modules_next_dist_1e8vcs8._.js:776
[  798525ms] [LOG] [Fast Refresh] done in 18790ms @ http://localhost:3000/_next/static/chunks/node_modules_next_dist_1e8vcs8._.js:776
[  798590ms] [LOG] [Fast Refresh] done in 18790ms @ http://localhost:3000/_next/static/chunks/node_modules_next_dist_1e8vcs8._.js:776
[  798657ms] [LOG] [Fast Refresh] done in 18790ms @ http://localhost:3000/_next/static/chunks/node_modules_next_dist_1e8vcs8._.js:776
[  798723ms] [LOG] [Fast Refresh] done in 18790ms @ http://localhost:3000/_next/static/chunks/node_modules_next_dist_1e8vcs8._.js:776
[  798792ms] [LOG] [Fast Refresh] done in 18790ms @ http://localhost:3000/_next/static/chunks/node_modules_next_dist_1e8vcs8._.js:776
[  798860ms] [LOG] [Fast Refresh] done in 18790ms @ http://localhost:3000/_next/static/chunks/node_modules_next_dist_1e8vcs8._.js:776
[  798925ms] [LOG] [Fast Refresh] done in 18790ms @ http://localhost:3000/_next/static/chunks/node_modules_next_dist_1e8vcs8._.js:776
[  798993ms] [LOG] [Fast Refresh] done in 18790ms @ http://localhost:3000/_next/static/chunks/node_modules_next_dist_1e8vcs8._.js:776
[  799058ms] [LOG] [Fast Refresh] done in 18790ms @ http://localhost:3000/_next/static/chunks/node_modules_next_dist_1e8vcs8._.js:776
[  799125ms] [LOG] [Fast Refresh] done in 18790ms @ http://localhost:3000/_next/static/chunks/node_modules_next_dist_1e8vcs8._.js:776
[  799192ms] [LOG] [Fast Refresh] done in 18790ms @ http://localhost:3000/_next/static/chunks/node_modules_next_dist_1e8vcs8._.js:776
[  799242ms] [LOG] [Fast Refresh] done in 18790ms @ http://localhost:3000/_next/static/chunks/node_modules_next_dist_1e8vcs8._.js:776
[  799311ms] [LOG] [Fast Refresh] done in 18790ms @ http://localhost:3000/_next/static/chunks/node_modules_next_dist_1e8vcs8._.js:776
[  799499ms] [LOG] [Fast Refresh] done in 18790ms @ http://localhost:3000/_next/static/chunks/node_modules_next_dist_1e8vcs8._.js:776
[  799575ms] [LOG] [Fast Refresh] done in 18790ms @ http://localhost:3000/_next/static/chunks/node_modules_next_dist_1e8vcs8._.js:776
[  799643ms] [LOG] [Fast Refresh] done in 18790ms @ http://localhost:3000/_next/static/chunks/node_modules_next_dist_1e8vcs8._.js:776
[  799693ms] [LOG] [Fast Refresh] done in 18790ms @ http://localhost:3000/_next/static/chunks/node_modules_next_dist_1e8vcs8._.js:776
[  799759ms] [LOG] [Fast Refresh] done in 18790ms @ http://localhost:3000/_next/static/chunks/node_modules_next_dist_1e8vcs8._.js:776
[  799825ms] [LOG] [Fast Refresh] done in 18790ms @ http://localhost:3000/_next/static/chunks/node_modules_next_dist_1e8vcs8._.js:776
[  799891ms] [LOG] [Fast Refresh] done in 18790ms @ http://localhost:3000/_next/static/chunks/node_modules_next_dist_1e8vcs8._.js:776
[  799958ms] [LOG] [Fast Refresh] done in 18790ms @ http://localhost:3000/_next/static/chunks/node_modules_next_dist_1e8vcs8._.js:776
[  800023ms] [LOG] [Fast Refresh] done in 18790ms @ http://localhost:3000/_next/static/chunks/node_modules_next_dist_1e8vcs8._.js:776
[  800091ms] [LOG] [Fast Refresh] done in 18790ms @ http://localhost:3000/_next/static/chunks/node_modules_next_dist_1e8vcs8._.js:776
[  800158ms] [LOG] [Fast Refresh] done in 18790ms @ http://localhost:3000/_next/static/chunks/node_modules_next_dist_1e8vcs8._.js:776
[  800242ms] [LOG] [Fast Refresh] done in 18790ms @ http://localhost:3000/_next/static/chunks/node_modules_next_dist_1e8vcs8._.js:776
[  800291ms] [LOG] [Fast Refresh] done in 18790ms @ http://localhost:3000/_next/static/chunks/node_modules_next_dist_1e8vcs8._.js:776
[  800358ms] [LOG] [Fast Refresh] done in 18790ms @ http://localhost:3000/_next/static/chunks/node_modules_next_dist_1e8vcs8._.js:776
[  800425ms] [LOG] [Fast Refresh] done in 18790ms @ http://localhost:3000/_next/static/chunks/node_modules_next_dist_1e8vcs8._.js:776
[  800490ms] [LOG] [Fast Refresh] done in 18790ms @ http://localhost:3000/_next/static/chunks/node_modules_next_dist_1e8vcs8._.js:776
[  800545ms] [LOG] [Fast Refresh] done in 18790ms @ http://localhost:3000/_next/static/chunks/node_modules_next_dist_1e8vcs8._.js:776
[  800609ms] [LOG] [Fast Refresh] done in 18790ms @ http://localhost:3000/_next/static/chunks/node_modules_next_dist_1e8vcs8._.js:776
[  800676ms] [LOG] [Fast Refresh] done in 18790ms @ http://localhost:3000/_next/static/chunks/node_modules_next_dist_1e8vcs8._.js:776
[  800740ms] [LOG] [Fast Refresh] done in 18790ms @ http://localhost:3000/_next/static/chunks/node_modules_next_dist_1e8vcs8._.js:776
[  800808ms] [LOG] [Fast Refresh] done in 18790ms @ http://localhost:3000/_next/static/chunks/node_modules_next_dist_1e8vcs8._.js:776
[  800874ms] [LOG] [Fast Refresh] done in 18790ms @ http://localhost:3000/_next/static/chunks/node_modules_next_dist_1e8vcs8._.js:776
[  800941ms] [LOG] [Fast Refresh] done in 18790ms @ http://localhost:3000/_next/static/chunks/node_modules_next_dist_1e8vcs8._.js:776
[  801007ms] [LOG] [Fast Refresh] done in 18790ms @ http://localhost:3000/_next/static/chunks/node_modules_next_dist_1e8vcs8._.js:776
[  801074ms] [LOG] [Fast Refresh] done in 18790ms @ http://localhost:3000/_next/static/chunks/node_modules_next_dist_1e8vcs8._.js:776
[  801140ms] [LOG] [Fast Refresh] done in 18790ms @ http://localhost:3000/_next/static/chunks/node_modules_next_dist_1e8vcs8._.js:776
[  801207ms] [LOG] [Fast Refresh] done in 18790ms @ http://localhost:3000/_next/static/chunks/node_modules_next_dist_1e8vcs8._.js:776
[  801273ms] [LOG] [Fast Refresh] done in 18790ms @ http://localhost:3000/_next/static/chunks/node_modules_next_dist_1e8vcs8._.js:776
[  801340ms] [LOG] [Fast Refresh] done in 18790ms @ http://localhost:3000/_next/static/chunks/node_modules_next_dist_1e8vcs8._.js:776
[  801407ms] [LOG] [Fast Refresh] done in 18790ms @ http://localhost:3000/_next/static/chunks/node_modules_next_dist_1e8vcs8._.js:776
[  801474ms] [LOG] [Fast Refresh] done in 18790ms @ http://localhost:3000/_next/static/chunks/node_modules_next_dist_1e8vcs8._.js:776
[  801539ms] [LOG] [Fast Refresh] done in 18790ms @ http://localhost:3000/_next/static/chunks/node_modules_next_dist_1e8vcs8._.js:776
[  801607ms] [LOG] [Fast Refresh] done in 18790ms @ http://localhost:3000/_next/static/chunks/node_modules_next_dist_1e8vcs8._.js:776
[  801673ms] [LOG] [Fast Refresh] done in 18790ms @ http://localhost:3000/_next/static/chunks/node_modules_next_dist_1e8vcs8._.js:776
[  801740ms] [LOG] [Fast Refresh] done in 18790ms @ http://localhost:3000/_next/static/chunks/node_modules_next_dist_1e8vcs8._.js:776
[  801807ms] [LOG] [Fast Refresh] done in 18790ms @ http://localhost:3000/_next/static/chunks/node_modules_next_dist_1e8vcs8._.js:776
[  801873ms] [LOG] [Fast Refresh] done in 18790ms @ http://localhost:3000/_next/static/chunks/node_modules_next_dist_1e8vcs8._.js:776
[  801940ms] [LOG] [Fast Refresh] done in 18790ms @ http://localhost:3000/_next/static/chunks/node_modules_next_dist_1e8vcs8._.js:776
[  802007ms] [LOG] [Fast Refresh] done in 18790ms @ http://localhost:3000/_next/static/chunks/node_modules_next_dist_1e8vcs8._.js:776
[  802073ms] [LOG] [Fast Refresh] done in 18790ms @ http://localhost:3000/_next/static/chunks/node_modules_next_dist_1e8vcs8._.js:776
[  802140ms] [LOG] [Fast Refresh] done in 18790ms @ http://localhost:3000/_next/static/chunks/node_modules_next_dist_1e8vcs8._.js:776
[  802208ms] [LOG] [Fast Refresh] done in 18790ms @ http://localhost:3000/_next/static/chunks/node_modules_next_dist_1e8vcs8._.js:776
[  802275ms] [LOG] [Fast Refresh] done in 18790ms @ http://localhost:3000/_next/static/chunks/node_modules_next_dist_1e8vcs8._.js:776
[  802340ms] [LOG] [Fast Refresh] done in 18790ms @ http://localhost:3000/_next/static/chunks/node_modules_next_dist_1e8vcs8._.js:776
[  802408ms] [LOG] [Fast Refresh] done in 18790ms @ http://localhost:3000/_next/static/chunks/node_modules_next_dist_1e8vcs8._.js:776
[  802473ms] [LOG] [Fast Refresh] done in 18790ms @ http://localhost:3000/_next/static/chunks/node_modules_next_dist_1e8vcs8._.js:776
[  802540ms] [LOG] [Fast Refresh] done in 18790ms @ http://localhost:3000/_next/static/chunks/node_modules_next_dist_1e8vcs8._.js:776
[  802607ms] [LOG] [Fast Refresh] done in 18790ms @ http://localhost:3000/_next/static/chunks/node_modules_next_dist_1e8vcs8._.js:776
[  802673ms] [LOG] [Fast Refresh] done in 18790ms @ http://localhost:3000/_next/static/chunks/node_modules_next_dist_1e8vcs8._.js:776
[  802741ms] [LOG] [Fast Refresh] done in 18790ms @ http://localhost:3000/_next/static/chunks/node_modules_next_dist_1e8vcs8._.js:776
[  802807ms] [LOG] [Fast Refresh] done in 18790ms @ http://localhost:3000/_next/static/chunks/node_modules_next_dist_1e8vcs8._.js:776
[  802858ms] [LOG] [Fast Refresh] done in 18790ms @ http://localhost:3000/_next/static/chunks/node_modules_next_dist_1e8vcs8._.js:776
[  802925ms] [LOG] [Fast Refresh] done in 18790ms @ http://localhost:3000/_next/static/chunks/node_modules_next_dist_1e8vcs8._.js:776
[  802990ms] [LOG] [Fast Refresh] done in 18790ms @ http://localhost:3000/_next/static/chunks/node_modules_next_dist_1e8vcs8._.js:776
[  803057ms] [LOG] [Fast Refresh] done in 18790ms @ http://localhost:3000/_next/static/chunks/node_modules_next_dist_1e8vcs8._.js:776
[  803125ms] [LOG] [Fast Refresh] done in 18790ms @ http://localhost:3000/_next/static/chunks/node_modules_next_dist_1e8vcs8._.js:776
[  803193ms] [LOG] [Fast Refresh] done in 18790ms @ http://localhost:3000/_next/static/chunks/node_modules_next_dist_1e8vcs8._.js:776
[  803257ms] [LOG] [Fast Refresh] done in 18790ms @ http://localhost:3000/_next/static/chunks/node_modules_next_dist_1e8vcs8._.js:776
[  803324ms] [LOG] [Fast Refresh] done in 18790ms @ http://localhost:3000/_next/static/chunks/node_modules_next_dist_1e8vcs8._.js:776
[  803390ms] [LOG] [Fast Refresh] done in 18790ms @ http://localhost:3000/_next/static/chunks/node_modules_next_dist_1e8vcs8._.js:776
[  803456ms] [LOG] [Fast Refresh] done in 18790ms @ http://localhost:3000/_next/static/chunks/node_modules_next_dist_1e8vcs8._.js:776
[  803524ms] [LOG] [Fast Refresh] done in 18790ms @ http://localhost:3000/_next/static/chunks/node_modules_next_dist_1e8vcs8._.js:776
[  803591ms] [LOG] [Fast Refresh] done in 18790ms @ http://localhost:3000/_next/static/chunks/node_modules_next_dist_1e8vcs8._.js:776
[  803657ms] [LOG] [Fast Refresh] done in 18790ms @ http://localhost:3000/_next/static/chunks/node_modules_next_dist_1e8vcs8._.js:776
[  803725ms] [LOG] [Fast Refresh] done in 18790ms @ http://localhost:3000/_next/static/chunks/node_modules_next_dist_1e8vcs8._.js:776
[  803783ms] [LOG] [Fast Refresh] done in 18790ms @ http://localhost:3000/_next/static/chunks/node_modules_next_dist_1e8vcs8._.js:776
[  803843ms] [LOG] [Fast Refresh] done in 18790ms @ http://localhost:3000/_next/static/chunks/node_modules_next_dist_1e8vcs8._.js:776
[  803911ms] [LOG] [Fast Refresh] done in 18790ms @ http://localhost:3000/_next/static/chunks/node_modules_next_dist_1e8vcs8._.js:776
[  803972ms] [LOG] [Fast Refresh] done in 18790ms @ http://localhost:3000/_next/static/chunks/node_modules_next_dist_1e8vcs8._.js:776
[  804039ms] [LOG] [Fast Refresh] done in 18790ms @ http://localhost:3000/_next/static/chunks/node_modules_next_dist_1e8vcs8._.js:776
[  804107ms] [LOG] [Fast Refresh] done in 18790ms @ http://localhost:3000/_next/static/chunks/node_modules_next_dist_1e8vcs8._.js:776
[  804175ms] [LOG] [Fast Refresh] done in 18790ms @ http://localhost:3000/_next/static/chunks/node_modules_next_dist_1e8vcs8._.js:776
[  804240ms] [LOG] [Fast Refresh] done in 18790ms @ http://localhost:3000/_next/static/chunks/node_modules_next_dist_1e8vcs8._.js:776
[  804340ms] [LOG] [Fast Refresh] done in 18790ms @ http://localhost:3000/_next/static/chunks/node_modules_next_dist_1e8vcs8._.js:776
[  804406ms] [LOG] [Fast Refresh] done in 18790ms @ http://localhost:3000/_next/static/chunks/node_modules_next_dist_1e8vcs8._.js:776
[  804476ms] [LOG] [Fast Refresh] done in 18790ms @ http://localhost:3000/_next/static/chunks/node_modules_next_dist_1e8vcs8._.js:776
[  804540ms] [LOG] [Fast Refresh] done in 18790ms @ http://localhost:3000/_next/static/chunks/node_modules_next_dist_1e8vcs8._.js:776
[  804607ms] [LOG] [Fast Refresh] done in 18790ms @ http://localhost:3000/_next/static/chunks/node_modules_next_dist_1e8vcs8._.js:776
[  804673ms] [LOG] [Fast Refresh] done in 18790ms @ http://localhost:3000/_next/static/chunks/node_modules_next_dist_1e8vcs8._.js:776
[  804739ms] [LOG] [Fast Refresh] done in 18790ms @ http://localhost:3000/_next/static/chunks/node_modules_next_dist_1e8vcs8._.js:776
[  804807ms] [LOG] [Fast Refresh] done in 18790ms @ http://localhost:3000/_next/static/chunks/node_modules_next_dist_1e8vcs8._.js:776
[  804856ms] [LOG] [Fast Refresh] done in 18790ms @ http://localhost:3000/_next/static/chunks/node_modules_next_dist_1e8vcs8._.js:776
[  804923ms] [LOG] [Fast Refresh] done in 18790ms @ http://localhost:3000/_next/static/chunks/node_modules_next_dist_1e8vcs8._.js:776
[  804977ms] [LOG] [Fast Refresh] done in 18790ms @ http://localhost:3000/_next/static/chunks/node_modules_next_dist_1e8vcs8._.js:776
[  805040ms] [LOG] [Fast Refresh] done in 18790ms @ http://localhost:3000/_next/static/chunks/node_modules_next_dist_1e8vcs8._.js:776
[  805090ms] [LOG] [Fast Refresh] done in 18790ms @ http://localhost:3000/_next/static/chunks/node_modules_next_dist_1e8vcs8._.js:776
[  805157ms] [LOG] [Fast Refresh] done in 18790ms @ http://localhost:3000/_next/static/chunks/node_modules_next_dist_1e8vcs8._.js:776
[  805223ms] [LOG] [Fast Refresh] done in 18790ms @ http://localhost:3000/_next/static/chunks/node_modules_next_dist_1e8vcs8._.js:776
[  805290ms] [LOG] [Fast Refresh] done in 18790ms @ http://localhost:3000/_next/static/chunks/node_modules_next_dist_1e8vcs8._.js:776
[  805356ms] [LOG] [Fast Refresh] done in 18790ms @ http://localhost:3000/_next/static/chunks/node_modules_next_dist_1e8vcs8._.js:776
[  805424ms] [LOG] [Fast Refresh] done in 18790ms @ http://localhost:3000/_next/static/chunks/node_modules_next_dist_1e8vcs8._.js:776
[  805490ms] [LOG] [Fast Refresh] done in 18790ms @ http://localhost:3000/_next/static/chunks/node_modules_next_dist_1e8vcs8._.js:776
[  805542ms] [LOG] [Fast Refresh] done in 18790ms @ http://localhost:3000/_next/static/chunks/node_modules_next_dist_1e8vcs8._.js:776
[  805607ms] [LOG] [Fast Refresh] done in 18790ms @ http://localhost:3000/_next/static/chunks/node_modules_next_dist_1e8vcs8._.js:776
[  805673ms] [LOG] [Fast Refresh] done in 18790ms @ http://localhost:3000/_next/static/chunks/node_modules_next_dist_1e8vcs8._.js:776
[  805741ms] [LOG] [Fast Refresh] done in 18790ms @ http://localhost:3000/_next/static/chunks/node_modules_next_dist_1e8vcs8._.js:776
[  805806ms] [LOG] [Fast Refresh] done in 18790ms @ http://localhost:3000/_next/static/chunks/node_modules_next_dist_1e8vcs8._.js:776
[  805873ms] [LOG] [Fast Refresh] done in 18790ms @ http://localhost:3000/_next/static/chunks/node_modules_next_dist_1e8vcs8._.js:776
[  805923ms] [LOG] [Fast Refresh] done in 18790ms @ http://localhost:3000/_next/static/chunks/node_modules_next_dist_1e8vcs8._.js:776
[  805976ms] [LOG] [Fast Refresh] done in 18790ms @ http://localhost:3000/_next/static/chunks/node_modules_next_dist_1e8vcs8._.js:776
[  806042ms] [LOG] [Fast Refresh] done in 18790ms @ http://localhost:3000/_next/static/chunks/node_modules_next_dist_1e8vcs8._.js:776
[  806109ms] [LOG] [Fast Refresh] done in 18790ms @ http://localhost:3000/_next/static/chunks/node_modules_next_dist_1e8vcs8._.js:776
[  806175ms] [LOG] [Fast Refresh] done in 18790ms @ http://localhost:3000/_next/static/chunks/node_modules_next_dist_1e8vcs8._.js:776
[  806243ms] [LOG] [Fast Refresh] done in 18790ms @ http://localhost:3000/_next/static/chunks/node_modules_next_dist_1e8vcs8._.js:776
[  806308ms] [LOG] [Fast Refresh] done in 18790ms @ http://localhost:3000/_next/static/chunks/node_modules_next_dist_1e8vcs8._.js:776
[  806373ms] [LOG] [Fast Refresh] done in 18790ms @ http://localhost:3000/_next/static/chunks/node_modules_next_dist_1e8vcs8._.js:776
[  806439ms] [LOG] [Fast Refresh] done in 18790ms @ http://localhost:3000/_next/static/chunks/node_modules_next_dist_1e8vcs8._.js:776
[  806506ms] [LOG] [Fast Refresh] done in 18790ms @ http://localhost:3000/_next/static/chunks/node_modules_next_dist_1e8vcs8._.js:776
[  806573ms] [LOG] [Fast Refresh] done in 18790ms @ http://localhost:3000/_next/static/chunks/node_modules_next_dist_1e8vcs8._.js:776
[  806640ms] [LOG] [Fast Refresh] done in 18790ms @ http://localhost:3000/_next/static/chunks/node_modules_next_dist_1e8vcs8._.js:776
[  806707ms] [LOG] [Fast Refresh] done in 18790ms @ http://localhost:3000/_next/static/chunks/node_modules_next_dist_1e8vcs8._.js:776
[  806773ms] [LOG] [Fast Refresh] done in 18790ms @ http://localhost:3000/_next/static/chunks/node_modules_next_dist_1e8vcs8._.js:776
[  806840ms] [LOG] [Fast Refresh] done in 18790ms @ http://localhost:3000/_next/static/chunks/node_modules_next_dist_1e8vcs8._.js:776
[  806906ms] [LOG] [Fast Refresh] done in 18790ms @ http://localhost:3000/_next/static/chunks/node_modules_next_dist_1e8vcs8._.js:776
[  806975ms] [LOG] [Fast Refresh] done in 18790ms @ http://localhost:3000/_next/static/chunks/node_modules_next_dist_1e8vcs8._.js:776
[  807041ms] [LOG] [Fast Refresh] done in 18790ms @ http://localhost:3000/_next/static/chunks/node_modules_next_dist_1e8vcs8._.js:776
[  807106ms] [LOG] [Fast Refresh] done in 18790ms @ http://localhost:3000/_next/static/chunks/node_modules_next_dist_1e8vcs8._.js:776
[  807175ms] [LOG] [Fast Refresh] done in 18790ms @ http://localhost:3000/_next/static/chunks/node_modules_next_dist_1e8vcs8._.js:776
[  807223ms] [LOG] [Fast Refresh] done in 18790ms @ http://localhost:3000/_next/static/chunks/node_modules_next_dist_1e8vcs8._.js:776
[  807291ms] [LOG] [Fast Refresh] done in 18790ms @ http://localhost:3000/_next/static/chunks/node_modules_next_dist_1e8vcs8._.js:776
[  807355ms] [LOG] [Fast Refresh] done in 18790ms @ http://localhost:3000/_next/static/chunks/node_modules_next_dist_1e8vcs8._.js:776
[  807423ms] [LOG] [Fast Refresh] done in 18790ms @ http://localhost:3000/_next/static/chunks/node_modules_next_dist_1e8vcs8._.js:776
[  807490ms] [LOG] [Fast Refresh] done in 18790ms @ http://localhost:3000/_next/static/chunks/node_modules_next_dist_1e8vcs8._.js:776
[  807556ms] [LOG] [Fast Refresh] done in 18790ms @ http://localhost:3000/_next/static/chunks/node_modules_next_dist_1e8vcs8._.js:776
[  807622ms] [LOG] [Fast Refresh] done in 18790ms @ http://localhost:3000/_next/static/chunks/node_modules_next_dist_1e8vcs8._.js:776
[  807690ms] [LOG] [Fast Refresh] done in 18790ms @ http://localhost:3000/_next/static/chunks/node_modules_next_dist_1e8vcs8._.js:776
[  807759ms] [LOG] [Fast Refresh] done in 18790ms @ http://localhost:3000/_next/static/chunks/node_modules_next_dist_1e8vcs8._.js:776
[  807807ms] [LOG] [Fast Refresh] done in 18790ms @ http://localhost:3000/_next/static/chunks/node_modules_next_dist_1e8vcs8._.js:776
[  807873ms] [LOG] [Fast Refresh] done in 18790ms @ http://localhost:3000/_next/static/chunks/node_modules_next_dist_1e8vcs8._.js:776
[  807940ms] [LOG] [Fast Refresh] done in 18790ms @ http://localhost:3000/_next/static/chunks/node_modules_next_dist_1e8vcs8._.js:776
[  808006ms] [LOG] [Fast Refresh] done in 18790ms @ http://localhost:3000/_next/static/chunks/node_modules_next_dist_1e8vcs8._.js:776
[  808073ms] [LOG] [Fast Refresh] done in 18790ms @ http://localhost:3000/_next/static/chunks/node_modules_next_dist_1e8vcs8._.js:776
[  808139ms] [LOG] [Fast Refresh] done in 18790ms @ http://localhost:3000/_next/static/chunks/node_modules_next_dist_1e8vcs8._.js:776
[  808207ms] [LOG] [Fast Refresh] done in 18790ms @ http://localhost:3000/_next/static/chunks/node_modules_next_dist_1e8vcs8._.js:776
[  808273ms] [LOG] [Fast Refresh] done in 18790ms @ http://localhost:3000/_next/static/chunks/node_modules_next_dist_1e8vcs8._.js:776
[  808342ms] [LOG] [Fast Refresh] done in 18790ms @ http://localhost:3000/_next/static/chunks/node_modules_next_dist_1e8vcs8._.js:776
[  808406ms] [LOG] [Fast Refresh] done in 18790ms @ http://localhost:3000/_next/static/chunks/node_modules_next_dist_1e8vcs8._.js:776
[  808458ms] [LOG] [Fast Refresh] done in 18790ms @ http://localhost:3000/_next/static/chunks/node_modules_next_dist_1e8vcs8._.js:776
[  808523ms] [LOG] [Fast Refresh] done in 18790ms @ http://localhost:3000/_next/static/chunks/node_modules_next_dist_1e8vcs8._.js:776
[  808575ms] [LOG] [Fast Refresh] done in 18790ms @ http://localhost:3000/_next/static/chunks/node_modules_next_dist_1e8vcs8._.js:776
[  808639ms] [LOG] [Fast Refresh] done in 18790ms @ http://localhost:3000/_next/static/chunks/node_modules_next_dist_1e8vcs8._.js:776
[  808706ms] [LOG] [Fast Refresh] done in 18790ms @ http://localhost:3000/_next/static/chunks/node_modules_next_dist_1e8vcs8._.js:776
[  808773ms] [LOG] [Fast Refresh] done in 18790ms @ http://localhost:3000/_next/static/chunks/node_modules_next_dist_1e8vcs8._.js:776
[  808840ms] [LOG] [Fast Refresh] done in 18790ms @ http://localhost:3000/_next/static/chunks/node_modules_next_dist_1e8vcs8._.js:776
[  808906ms] [LOG] [Fast Refresh] done in 18790ms @ http://localhost:3000/_next/static/chunks/node_modules_next_dist_1e8vcs8._.js:776
[  808971ms] [LOG] [Fast Refresh] done in 18790ms @ http://localhost:3000/_next/static/chunks/node_modules_next_dist_1e8vcs8._.js:776
[  809024ms] [LOG] [Fast Refresh] done in 18790ms @ http://localhost:3000/_next/static/chunks/node_modules_next_dist_1e8vcs8._.js:776
[  809089ms] [LOG] [Fast Refresh] done in 18790ms @ http://localhost:3000/_next/static/chunks/node_modules_next_dist_1e8vcs8._.js:776
[  809158ms] [LOG] [Fast Refresh] done in 18790ms @ http://localhost:3000/_next/static/chunks/node_modules_next_dist_1e8vcs8._.js:776
[  809224ms] [LOG] [Fast Refresh] done in 18790ms @ http://localhost:3000/_next/static/chunks/node_modules_next_dist_1e8vcs8._.js:776
[  809274ms] [LOG] [Fast Refresh] done in 18790ms @ http://localhost:3000/_next/static/chunks/node_modules_next_dist_1e8vcs8._.js:776
[  809339ms] [LOG] [Fast Refresh] done in 18790ms @ http://localhost:3000/_next/static/chunks/node_modules_next_dist_1e8vcs8._.js:776
[  809405ms] [LOG] [Fast Refresh] done in 18790ms @ http://localhost:3000/_next/static/chunks/node_modules_next_dist_1e8vcs8._.js:776
[  809473ms] [LOG] [Fast Refresh] done in 18790ms @ http://localhost:3000/_next/static/chunks/node_modules_next_dist_1e8vcs8._.js:776
[  809540ms] [LOG] [Fast Refresh] done in 18790ms @ http://localhost:3000/_next/static/chunks/node_modules_next_dist_1e8vcs8._.js:776
[  809605ms] [LOG] [Fast Refresh] done in 18790ms @ http://localhost:3000/_next/static/chunks/node_modules_next_dist_1e8vcs8._.js:776
[  809672ms] [LOG] [Fast Refresh] done in 18790ms @ http://localhost:3000/_next/static/chunks/node_modules_next_dist_1e8vcs8._.js:776
[  809740ms] [LOG] [Fast Refresh] done in 18790ms @ http://localhost:3000/_next/static/chunks/node_modules_next_dist_1e8vcs8._.js:776
[  809808ms] [LOG] [Fast Refresh] done in 18790ms @ http://localhost:3000/_next/static/chunks/node_modules_next_dist_1e8vcs8._.js:776
[  809857ms] [LOG] [Fast Refresh] done in 18790ms @ http://localhost:3000/_next/static/chunks/node_modules_next_dist_1e8vcs8._.js:776
[  809924ms] [LOG] [Fast Refresh] done in 18790ms @ http://localhost:3000/_next/static/chunks/node_modules_next_dist_1e8vcs8._.js:776
[  809989ms] [LOG] [Fast Refresh] done in 18790ms @ http://localhost:3000/_next/static/chunks/node_modules_next_dist_1e8vcs8._.js:776
[  810060ms] [LOG] [Fast Refresh] done in 18790ms @ http://localhost:3000/_next/static/chunks/node_modules_next_dist_1e8vcs8._.js:776
[  810124ms] [LOG] [Fast Refresh] done in 18790ms @ http://localhost:3000/_next/static/chunks/node_modules_next_dist_1e8vcs8._.js:776
[  810175ms] [LOG] [Fast Refresh] done in 18790ms @ http://localhost:3000/_next/static/chunks/node_modules_next_dist_1e8vcs8._.js:776
[  810240ms] [LOG] [Fast Refresh] done in 18790ms @ http://localhost:3000/_next/static/chunks/node_modules_next_dist_1e8vcs8._.js:776
[  810306ms] [LOG] [Fast Refresh] done in 18790ms @ http://localhost:3000/_next/static/chunks/node_modules_next_dist_1e8vcs8._.js:776
[  810374ms] [LOG] [Fast Refresh] done in 18790ms @ http://localhost:3000/_next/static/chunks/node_modules_next_dist_1e8vcs8._.js:776
[  810422ms] [LOG] [Fast Refresh] done in 18790ms @ http://localhost:3000/_next/static/chunks/node_modules_next_dist_1e8vcs8._.js:776
[  810491ms] [LOG] [Fast Refresh] done in 18790ms @ http://localhost:3000/_next/static/chunks/node_modules_next_dist_1e8vcs8._.js:776
[  810558ms] [LOG] [Fast Refresh] done in 18790ms @ http://localhost:3000/_next/static/chunks/node_modules_next_dist_1e8vcs8._.js:776
[  810624ms] [LOG] [Fast Refresh] done in 18790ms @ http://localhost:3000/_next/static/chunks/node_modules_next_dist_1e8vcs8._.js:776
[  810673ms] [LOG] [Fast Refresh] done in 18790ms @ http://localhost:3000/_next/static/chunks/node_modules_next_dist_1e8vcs8._.js:776
[  810739ms] [LOG] [Fast Refresh] done in 18790ms @ http://localhost:3000/_next/static/chunks/node_modules_next_dist_1e8vcs8._.js:776
[  810791ms] [LOG] [Fast Refresh] done in 18790ms @ http://localhost:3000/_next/static/chunks/node_modules_next_dist_1e8vcs8._.js:776
[  810857ms] [LOG] [Fast Refresh] done in 18790ms @ http://localhost:3000/_next/static/chunks/node_modules_next_dist_1e8vcs8._.js:776
[  810923ms] [LOG] [Fast Refresh] done in 18790ms @ http://localhost:3000/_next/static/chunks/node_modules_next_dist_1e8vcs8._.js:776
[  810991ms] [LOG] [Fast Refresh] done in 18790ms @ http://localhost:3000/_next/static/chunks/node_modules_next_dist_1e8vcs8._.js:776
[  811056ms] [LOG] [Fast Refresh] done in 18790ms @ http://localhost:3000/_next/static/chunks/node_modules_next_dist_1e8vcs8._.js:776
[  811123ms] [LOG] [Fast Refresh] done in 18790ms @ http://localhost:3000/_next/static/chunks/node_modules_next_dist_1e8vcs8._.js:776
[  811191ms] [LOG] [Fast Refresh] done in 18790ms @ http://localhost:3000/_next/static/chunks/node_modules_next_dist_1e8vcs8._.js:776
[  811256ms] [LOG] [Fast Refresh] done in 18790ms @ http://localhost:3000/_next/static/chunks/node_modules_next_dist_1e8vcs8._.js:776
[  811323ms] [LOG] [Fast Refresh] done in 18790ms @ http://localhost:3000/_next/static/chunks/node_modules_next_dist_1e8vcs8._.js:776
[  811393ms] [LOG] [Fast Refresh] done in 18790ms @ http://localhost:3000/_next/static/chunks/node_modules_next_dist_1e8vcs8._.js:776
[  811456ms] [LOG] [Fast Refresh] done in 18790ms @ http://localhost:3000/_next/static/chunks/node_modules_next_dist_1e8vcs8._.js:776
[  811523ms] [LOG] [Fast Refresh] done in 18790ms @ http://localhost:3000/_next/static/chunks/node_modules_next_dist_1e8vcs8._.js:776
[  811592ms] [LOG] [Fast Refresh] done in 18790ms @ http://localhost:3000/_next/static/chunks/node_modules_next_dist_1e8vcs8._.js:776
[  811656ms] [LOG] [Fast Refresh] done in 18790ms @ http://localhost:3000/_next/static/chunks/node_modules_next_dist_1e8vcs8._.js:776
[  811722ms] [LOG] [Fast Refresh] done in 18790ms @ http://localhost:3000/_next/static/chunks/node_modules_next_dist_1e8vcs8._.js:776
[  811790ms] [LOG] [Fast Refresh] done in 18790ms @ http://localhost:3000/_next/static/chunks/node_modules_next_dist_1e8vcs8._.js:776
[  811855ms] [LOG] [Fast Refresh] done in 18790ms @ http://localhost:3000/_next/static/chunks/node_modules_next_dist_1e8vcs8._.js:776
[  811923ms] [LOG] [Fast Refresh] done in 18790ms @ http://localhost:3000/_next/static/chunks/node_modules_next_dist_1e8vcs8._.js:776
[  811989ms] [LOG] [Fast Refresh] done in 18790ms @ http://localhost:3000/_next/static/chunks/node_modules_next_dist_1e8vcs8._.js:776
[  812056ms] [LOG] [Fast Refresh] done in 18790ms @ http://localhost:3000/_next/static/chunks/node_modules_next_dist_1e8vcs8._.js:776
[  812124ms] [LOG] [Fast Refresh] done in 18790ms @ http://localhost:3000/_next/static/chunks/node_modules_next_dist_1e8vcs8._.js:776
[  812189ms] [LOG] [Fast Refresh] done in 18790ms @ http://localhost:3000/_next/static/chunks/node_modules_next_dist_1e8vcs8._.js:776
[  812256ms] [LOG] [Fast Refresh] done in 18790ms @ http://localhost:3000/_next/static/chunks/node_modules_next_dist_1e8vcs8._.js:776
[  812308ms] [LOG] [Fast Refresh] done in 18790ms @ http://localhost:3000/_next/static/chunks/node_modules_next_dist_1e8vcs8._.js:776
[  812373ms] [LOG] [Fast Refresh] done in 18790ms @ http://localhost:3000/_next/static/chunks/node_modules_next_dist_1e8vcs8._.js:776
[  812440ms] [LOG] [Fast Refresh] done in 18790ms @ http://localhost:3000/_next/static/chunks/node_modules_next_dist_1e8vcs8._.js:776
[  812506ms] [LOG] [Fast Refresh] done in 18790ms @ http://localhost:3000/_next/static/chunks/node_modules_next_dist_1e8vcs8._.js:776
[  812556ms] [LOG] [Fast Refresh] done in 18790ms @ http://localhost:3000/_next/static/chunks/node_modules_next_dist_1e8vcs8._.js:776
[  812622ms] [LOG] [Fast Refresh] done in 18790ms @ http://localhost:3000/_next/static/chunks/node_modules_next_dist_1e8vcs8._.js:776
[  812689ms] [LOG] [Fast Refresh] done in 18790ms @ http://localhost:3000/_next/static/chunks/node_modules_next_dist_1e8vcs8._.js:776
[  812756ms] [LOG] [Fast Refresh] done in 18790ms @ http://localhost:3000/_next/static/chunks/node_modules_next_dist_1e8vcs8._.js:776
[  812822ms] [LOG] [Fast Refresh] done in 18790ms @ http://localhost:3000/_next/static/chunks/node_modules_next_dist_1e8vcs8._.js:776
[  812889ms] [LOG] [Fast Refresh] done in 18790ms @ http://localhost:3000/_next/static/chunks/node_modules_next_dist_1e8vcs8._.js:776
[  812956ms] [LOG] [Fast Refresh] done in 18790ms @ http://localhost:3000/_next/static/chunks/node_modules_next_dist_1e8vcs8._.js:776
[  813024ms] [LOG] [Fast Refresh] done in 18790ms @ http://localhost:3000/_next/static/chunks/node_modules_next_dist_1e8vcs8._.js:776
[  813089ms] [LOG] [Fast Refresh] done in 18790ms @ http://localhost:3000/_next/static/chunks/node_modules_next_dist_1e8vcs8._.js:776
[  813155ms] [LOG] [Fast Refresh] done in 18790ms @ http://localhost:3000/_next/static/chunks/node_modules_next_dist_1e8vcs8._.js:776
[  813222ms] [LOG] [Fast Refresh] done in 18790ms @ http://localhost:3000/_next/static/chunks/node_modules_next_dist_1e8vcs8._.js:776
[  813289ms] [LOG] [Fast Refresh] done in 18790ms @ http://localhost:3000/_next/static/chunks/node_modules_next_dist_1e8vcs8._.js:776
[  813356ms] [LOG] [Fast Refresh] done in 18790ms @ http://localhost:3000/_next/static/chunks/node_modules_next_dist_1e8vcs8._.js:776
[  813423ms] [LOG] [Fast Refresh] done in 18790ms @ http://localhost:3000/_next/static/chunks/node_modules_next_dist_1e8vcs8._.js:776
[  813491ms] [LOG] [Fast Refresh] done in 18790ms @ http://localhost:3000/_next/static/chunks/node_modules_next_dist_1e8vcs8._.js:776
[  813556ms] [LOG] [Fast Refresh] done in 18790ms @ http://localhost:3000/_next/static/chunks/node_modules_next_dist_1e8vcs8._.js:776
[  813623ms] [LOG] [Fast Refresh] done in 18790ms @ http://localhost:3000/_next/static/chunks/node_modules_next_dist_1e8vcs8._.js:776
[  813689ms] [LOG] [Fast Refresh] done in 18790ms @ http://localhost:3000/_next/static/chunks/node_modules_next_dist_1e8vcs8._.js:776
[  813756ms] [LOG] [Fast Refresh] done in 18790ms @ http://localhost:3000/_next/static/chunks/node_modules_next_dist_1e8vcs8._.js:776
[  813823ms] [LOG] [Fast Refresh] done in 18790ms @ http://localhost:3000/_next/static/chunks/node_modules_next_dist_1e8vcs8._.js:776
[  813890ms] [LOG] [Fast Refresh] done in 18790ms @ http://localhost:3000/_next/static/chunks/node_modules_next_dist_1e8vcs8._.js:776
[  813956ms] [LOG] [Fast Refresh] done in 18790ms @ http://localhost:3000/_next/static/chunks/node_modules_next_dist_1e8vcs8._.js:776
[  814024ms] [LOG] [Fast Refresh] done in 18790ms @ http://localhost:3000/_next/static/chunks/node_modules_next_dist_1e8vcs8._.js:776
[  814089ms] [LOG] [Fast Refresh] done in 18790ms @ http://localhost:3000/_next/static/chunks/node_modules_next_dist_1e8vcs8._.js:776
[  814156ms] [LOG] [Fast Refresh] done in 18790ms @ http://localhost:3000/_next/static/chunks/node_modules_next_dist_1e8vcs8._.js:776
[  814224ms] [LOG] [Fast Refresh] done in 18790ms @ http://localhost:3000/_next/static/chunks/node_modules_next_dist_1e8vcs8._.js:776
[  814289ms] [LOG] [Fast Refresh] done in 18790ms @ http://localhost:3000/_next/static/chunks/node_modules_next_dist_1e8vcs8._.js:776
[  814356ms] [LOG] [Fast Refresh] done in 18790ms @ http://localhost:3000/_next/static/chunks/node_modules_next_dist_1e8vcs8._.js:776
[  814406ms] [LOG] [Fast Refresh] done in 18790ms @ http://localhost:3000/_next/static/chunks/node_modules_next_dist_1e8vcs8._.js:776
[  814472ms] [LOG] [Fast Refresh] done in 18790ms @ http://localhost:3000/_next/static/chunks/node_modules_next_dist_1e8vcs8._.js:776
[  814540ms] [LOG] [Fast Refresh] done in 18790ms @ http://localhost:3000/_next/static/chunks/node_modules_next_dist_1e8vcs8._.js:776
[  814606ms] [LOG] [Fast Refresh] done in 18790ms @ http://localhost:3000/_next/static/chunks/node_modules_next_dist_1e8vcs8._.js:776
[  814672ms] [LOG] [Fast Refresh] done in 18790ms @ http://localhost:3000/_next/static/chunks/node_modules_next_dist_1e8vcs8._.js:776
[  814739ms] [LOG] [Fast Refresh] done in 18790ms @ http://localhost:3000/_next/static/chunks/node_modules_next_dist_1e8vcs8._.js:776
[  814806ms] [LOG] [Fast Refresh] done in 18790ms @ http://localhost:3000/_next/static/chunks/node_modules_next_dist_1e8vcs8._.js:776
[  814873ms] [LOG] [Fast Refresh] done in 18790ms @ http://localhost:3000/_next/static/chunks/node_modules_next_dist_1e8vcs8._.js:776
[  814939ms] [LOG] [Fast Refresh] done in 18790ms @ http://localhost:3000/_next/static/chunks/node_modules_next_dist_1e8vcs8._.js:776
[  815006ms] [LOG] [Fast Refresh] done in 18790ms @ http://localhost:3000/_next/static/chunks/node_modules_next_dist_1e8vcs8._.js:776
[  815073ms] [LOG] [Fast Refresh] done in 18790ms @ http://localhost:3000/_next/static/chunks/node_modules_next_dist_1e8vcs8._.js:776
[  815141ms] [LOG] [Fast Refresh] done in 18790ms @ http://localhost:3000/_next/static/chunks/node_modules_next_dist_1e8vcs8._.js:776
[  815191ms] [LOG] [Fast Refresh] done in 18790ms @ http://localhost:3000/_next/static/chunks/node_modules_next_dist_1e8vcs8._.js:776
[  815257ms] [LOG] [Fast Refresh] done in 18790ms @ http://localhost:3000/_next/static/chunks/node_modules_next_dist_1e8vcs8._.js:776
[  815327ms] [LOG] [Fast Refresh] done in 18790ms @ http://localhost:3000/_next/static/chunks/node_modules_next_dist_1e8vcs8._.js:776
[  815389ms] [LOG] [Fast Refresh] done in 18790ms @ http://localhost:3000/_next/static/chunks/node_modules_next_dist_1e8vcs8._.js:776
[  815456ms] [LOG] [Fast Refresh] done in 18790ms @ http://localhost:3000/_next/static/chunks/node_modules_next_dist_1e8vcs8._.js:776
[  815523ms] [LOG] [Fast Refresh] done in 18790ms @ http://localhost:3000/_next/static/chunks/node_modules_next_dist_1e8vcs8._.js:776
[  815591ms] [LOG] [Fast Refresh] done in 18790ms @ http://localhost:3000/_next/static/chunks/node_modules_next_dist_1e8vcs8._.js:776
[  815659ms] [LOG] [Fast Refresh] done in 18790ms @ http://localhost:3000/_next/static/chunks/node_modules_next_dist_1e8vcs8._.js:776
[  815723ms] [LOG] [Fast Refresh] done in 18790ms @ http://localhost:3000/_next/static/chunks/node_modules_next_dist_1e8vcs8._.js:776
[  815789ms] [LOG] [Fast Refresh] done in 18790ms @ http://localhost:3000/_next/static/chunks/node_modules_next_dist_1e8vcs8._.js:776
[  815859ms] [LOG] [Fast Refresh] done in 18790ms @ http://localhost:3000/_next/static/chunks/node_modules_next_dist_1e8vcs8._.js:776
[  815908ms] [LOG] [Fast Refresh] done in 18790ms @ http://localhost:3000/_next/static/chunks/node_modules_next_dist_1e8vcs8._.js:776
[  815975ms] [LOG] [Fast Refresh] done in 18790ms @ http://localhost:3000/_next/static/chunks/node_modules_next_dist_1e8vcs8._.js:776
[  816038ms] [LOG] [Fast Refresh] done in 18790ms @ http://localhost:3000/_next/static/chunks/node_modules_next_dist_1e8vcs8._.js:776
[  816106ms] [LOG] [Fast Refresh] done in 18790ms @ http://localhost:3000/_next/static/chunks/node_modules_next_dist_1e8vcs8._.js:776
[  816175ms] [LOG] [Fast Refresh] done in 18790ms @ http://localhost:3000/_next/static/chunks/node_modules_next_dist_1e8vcs8._.js:776
[  816241ms] [LOG] [Fast Refresh] done in 18790ms @ http://localhost:3000/_next/static/chunks/node_modules_next_dist_1e8vcs8._.js:776
[  816307ms] [LOG] [Fast Refresh] done in 18790ms @ http://localhost:3000/_next/static/chunks/node_modules_next_dist_1e8vcs8._.js:776
[  816374ms] [LOG] [Fast Refresh] done in 18790ms @ http://localhost:3000/_next/static/chunks/node_modules_next_dist_1e8vcs8._.js:776
[  816442ms] [LOG] [Fast Refresh] done in 18790ms @ http://localhost:3000/_next/static/chunks/node_modules_next_dist_1e8vcs8._.js:776
[  816508ms] [LOG] [Fast Refresh] done in 18790ms @ http://localhost:3000/_next/static/chunks/node_modules_next_dist_1e8vcs8._.js:776
[  816674ms] [LOG] [Fast Refresh] done in 18790ms @ http://localhost:3000/_next/static/chunks/node_modules_next_dist_1e8vcs8._.js:776
[  816742ms] [LOG] [Fast Refresh] done in 18790ms @ http://localhost:3000/_next/static/chunks/node_modules_next_dist_1e8vcs8._.js:776
[  816809ms] [LOG] [Fast Refresh] done in 18790ms @ http://localhost:3000/_next/static/chunks/node_modules_next_dist_1e8vcs8._.js:776
[  816873ms] [LOG] [Fast Refresh] done in 18790ms @ http://localhost:3000/_next/static/chunks/node_modules_next_dist_1e8vcs8._.js:776
[  816939ms] [LOG] [Fast Refresh] done in 18790ms @ http://localhost:3000/_next/static/chunks/node_modules_next_dist_1e8vcs8._.js:776
[  817007ms] [LOG] [Fast Refresh] done in 18790ms @ http://localhost:3000/_next/static/chunks/node_modules_next_dist_1e8vcs8._.js:776
[  817073ms] [LOG] [Fast Refresh] done in 18790ms @ http://localhost:3000/_next/static/chunks/node_modules_next_dist_1e8vcs8._.js:776
[  817143ms] [LOG] [Fast Refresh] done in 18790ms @ http://localhost:3000/_next/static/chunks/node_modules_next_dist_1e8vcs8._.js:776
[  817208ms] [LOG] [Fast Refresh] done in 18790ms @ http://localhost:3000/_next/static/chunks/node_modules_next_dist_1e8vcs8._.js:776
[  817273ms] [LOG] [Fast Refresh] done in 18790ms @ http://localhost:3000/_next/static/chunks/node_modules_next_dist_1e8vcs8._.js:776
[  817340ms] [LOG] [Fast Refresh] done in 18790ms @ http://localhost:3000/_next/static/chunks/node_modules_next_dist_1e8vcs8._.js:776
[  817406ms] [LOG] [Fast Refresh] done in 18790ms @ http://localhost:3000/_next/static/chunks/node_modules_next_dist_1e8vcs8._.js:776
[  817475ms] [LOG] [Fast Refresh] done in 18790ms @ http://localhost:3000/_next/static/chunks/node_modules_next_dist_1e8vcs8._.js:776
[  817540ms] [LOG] [Fast Refresh] done in 18790ms @ http://localhost:3000/_next/static/chunks/node_modules_next_dist_1e8vcs8._.js:776
[  817607ms] [LOG] [Fast Refresh] done in 18790ms @ http://localhost:3000/_next/static/chunks/node_modules_next_dist_1e8vcs8._.js:776
[  817676ms] [LOG] [Fast Refresh] done in 18790ms @ http://localhost:3000/_next/static/chunks/node_modules_next_dist_1e8vcs8._.js:776
[  817742ms] [LOG] [Fast Refresh] done in 18790ms @ http://localhost:3000/_next/static/chunks/node_modules_next_dist_1e8vcs8._.js:776
[  817807ms] [LOG] [Fast Refresh] done in 18790ms @ http://localhost:3000/_next/static/chunks/node_modules_next_dist_1e8vcs8._.js:776
[  817875ms] [LOG] [Fast Refresh] done in 18790ms @ http://localhost:3000/_next/static/chunks/node_modules_next_dist_1e8vcs8._.js:776
[  817940ms] [LOG] [Fast Refresh] done in 18790ms @ http://localhost:3000/_next/static/chunks/node_modules_next_dist_1e8vcs8._.js:776
[  818007ms] [LOG] [Fast Refresh] done in 18790ms @ http://localhost:3000/_next/static/chunks/node_modules_next_dist_1e8vcs8._.js:776
[  818075ms] [LOG] [Fast Refresh] done in 18790ms @ http://localhost:3000/_next/static/chunks/node_modules_next_dist_1e8vcs8._.js:776
[  818141ms] [LOG] [Fast Refresh] done in 18790ms @ http://localhost:3000/_next/static/chunks/node_modules_next_dist_1e8vcs8._.js:776
[  818195ms] [LOG] [Fast Refresh] done in 18790ms @ http://localhost:3000/_next/static/chunks/node_modules_next_dist_1e8vcs8._.js:776
[  818259ms] [LOG] [Fast Refresh] done in 18790ms @ http://localhost:3000/_next/static/chunks/node_modules_next_dist_1e8vcs8._.js:776
[  818309ms] [LOG] [Fast Refresh] done in 18790ms @ http://localhost:3000/_next/static/chunks/node_modules_next_dist_1e8vcs8._.js:776
[  818373ms] [LOG] [Fast Refresh] done in 18790ms @ http://localhost:3000/_next/static/chunks/node_modules_next_dist_1e8vcs8._.js:776
[  818439ms] [LOG] [Fast Refresh] done in 18790ms @ http://localhost:3000/_next/static/chunks/node_modules_next_dist_1e8vcs8._.js:776
[  818507ms] [LOG] [Fast Refresh] done in 18790ms @ http://localhost:3000/_next/static/chunks/node_modules_next_dist_1e8vcs8._.js:776
[  818573ms] [LOG] [Fast Refresh] done in 18790ms @ http://localhost:3000/_next/static/chunks/node_modules_next_dist_1e8vcs8._.js:776
[  818642ms] [LOG] [Fast Refresh] done in 18790ms @ http://localhost:3000/_next/static/chunks/node_modules_next_dist_1e8vcs8._.js:776
[  818709ms] [LOG] [Fast Refresh] done in 18790ms @ http://localhost:3000/_next/static/chunks/node_modules_next_dist_1e8vcs8._.js:776
[  818774ms] [LOG] [Fast Refresh] done in 18790ms @ http://localhost:3000/_next/static/chunks/node_modules_next_dist_1e8vcs8._.js:776
[  818840ms] [LOG] [Fast Refresh] done in 18790ms @ http://localhost:3000/_next/static/chunks/node_modules_next_dist_1e8vcs8._.js:776
[  818904ms] [LOG] [Fast Refresh] done in 18790ms @ http://localhost:3000/_next/static/chunks/node_modules_next_dist_1e8vcs8._.js:776
[  818956ms] [LOG] [Fast Refresh] done in 18790ms @ http://localhost:3000/_next/static/chunks/node_modules_next_dist_1e8vcs8._.js:776
[  819024ms] [LOG] [Fast Refresh] done in 18790ms @ http://localhost:3000/_next/static/chunks/node_modules_next_dist_1e8vcs8._.js:776
[  819090ms] [LOG] [Fast Refresh] done in 18790ms @ http://localhost:3000/_next/static/chunks/node_modules_next_dist_1e8vcs8._.js:776
[  819156ms] [LOG] [Fast Refresh] done in 18790ms @ http://localhost:3000/_next/static/chunks/node_modules_next_dist_1e8vcs8._.js:776
[  819211ms] [LOG] [Fast Refresh] done in 18790ms @ http://localhost:3000/_next/static/chunks/node_modules_next_dist_1e8vcs8._.js:776
[  819276ms] [LOG] [Fast Refresh] done in 18790ms @ http://localhost:3000/_next/static/chunks/node_modules_next_dist_1e8vcs8._.js:776
[  819343ms] [LOG] [Fast Refresh] done in 18790ms @ http://localhost:3000/_next/static/chunks/node_modules_next_dist_1e8vcs8._.js:776
[  819407ms] [LOG] [Fast Refresh] done in 18790ms @ http://localhost:3000/_next/static/chunks/node_modules_next_dist_1e8vcs8._.js:776
[  819476ms] [LOG] [Fast Refresh] done in 18790ms @ http://localhost:3000/_next/static/chunks/node_modules_next_dist_1e8vcs8._.js:776
[  819542ms] [LOG] [Fast Refresh] done in 18790ms @ http://localhost:3000/_next/static/chunks/node_modules_next_dist_1e8vcs8._.js:776
[  819592ms] [LOG] [Fast Refresh] done in 18790ms @ http://localhost:3000/_next/static/chunks/node_modules_next_dist_1e8vcs8._.js:776
[  819657ms] [LOG] [Fast Refresh] done in 18790ms @ http://localhost:3000/_next/static/chunks/node_modules_next_dist_1e8vcs8._.js:776
[  819725ms] [LOG] [Fast Refresh] done in 18790ms @ http://localhost:3000/_next/static/chunks/node_modules_next_dist_1e8vcs8._.js:776
[  819789ms] [LOG] [Fast Refresh] done in 18790ms @ http://localhost:3000/_next/static/chunks/node_modules_next_dist_1e8vcs8._.js:776
[  819856ms] [LOG] [Fast Refresh] done in 18790ms @ http://localhost:3000/_next/static/chunks/node_modules_next_dist_1e8vcs8._.js:776
[  819925ms] [LOG] [Fast Refresh] done in 18790ms @ http://localhost:3000/_next/static/chunks/node_modules_next_dist_1e8vcs8._.js:776
[  819989ms] [LOG] [Fast Refresh] done in 18790ms @ http://localhost:3000/_next/static/chunks/node_modules_next_dist_1e8vcs8._.js:776
[  820055ms] [LOG] [Fast Refresh] done in 18790ms @ http://localhost:3000/_next/static/chunks/node_modules_next_dist_1e8vcs8._.js:776
[  820123ms] [LOG] [Fast Refresh] done in 18790ms @ http://localhost:3000/_next/static/chunks/node_modules_next_dist_1e8vcs8._.js:776
[  820190ms] [LOG] [Fast Refresh] done in 18790ms @ http://localhost:3000/_next/static/chunks/node_modules_next_dist_1e8vcs8._.js:776
[  820258ms] [LOG] [Fast Refresh] done in 18790ms @ http://localhost:3000/_next/static/chunks/node_modules_next_dist_1e8vcs8._.js:776
[  820324ms] [LOG] [Fast Refresh] done in 18790ms @ http://localhost:3000/_next/static/chunks/node_modules_next_dist_1e8vcs8._.js:776
[  820391ms] [LOG] [Fast Refresh] done in 18790ms @ http://localhost:3000/_next/static/chunks/node_modules_next_dist_1e8vcs8._.js:776
[  820456ms] [LOG] [Fast Refresh] done in 18790ms @ http://localhost:3000/_next/static/chunks/node_modules_next_dist_1e8vcs8._.js:776
[  820523ms] [LOG] [Fast Refresh] done in 18790ms @ http://localhost:3000/_next/static/chunks/node_modules_next_dist_1e8vcs8._.js:776
[  820947ms] [LOG] [Fast Refresh] done in 18790ms @ http://localhost:3000/_next/static/chunks/node_modules_next_dist_1e8vcs8._.js:776
[  820997ms] [LOG] [Fast Refresh] done in 18790ms @ http://localhost:3000/_next/static/chunks/node_modules_next_dist_1e8vcs8._.js:776
[  821075ms] [LOG] [Fast Refresh] done in 18790ms @ http://localhost:3000/_next/static/chunks/node_modules_next_dist_1e8vcs8._.js:776
[  821143ms] [LOG] [Fast Refresh] done in 18790ms @ http://localhost:3000/_next/static/chunks/node_modules_next_dist_1e8vcs8._.js:776
[  821192ms] [LOG] [Fast Refresh] done in 18790ms @ http://localhost:3000/_next/static/chunks/node_modules_next_dist_1e8vcs8._.js:776
[  821272ms] [LOG] [Fast Refresh] done in 18790ms @ http://localhost:3000/_next/static/chunks/node_modules_next_dist_1e8vcs8._.js:776
[  821340ms] [LOG] [Fast Refresh] done in 18790ms @ http://localhost:3000/_next/static/chunks/node_modules_next_dist_1e8vcs8._.js:776
[  821406ms] [LOG] [Fast Refresh] done in 18790ms @ http://localhost:3000/_next/static/chunks/node_modules_next_dist_1e8vcs8._.js:776
[  821457ms] [LOG] [Fast Refresh] done in 18790ms @ http://localhost:3000/_next/static/chunks/node_modules_next_dist_1e8vcs8._.js:776
[  821524ms] [LOG] [Fast Refresh] done in 18790ms @ http://localhost:3000/_next/static/chunks/node_modules_next_dist_1e8vcs8._.js:776
[  821591ms] [LOG] [Fast Refresh] done in 18790ms @ http://localhost:3000/_next/static/chunks/node_modules_next_dist_1e8vcs8._.js:776
[  821644ms] [LOG] [Fast Refresh] done in 18790ms @ http://localhost:3000/_next/static/chunks/node_modules_next_dist_1e8vcs8._.js:776
[  821686ms] [LOG] [Fast Refresh] done in 18790ms @ http://localhost:3000/_next/static/chunks/node_modules_next_dist_1e8vcs8._.js:776
[  821739ms] [LOG] [Fast Refresh] done in 18790ms @ http://localhost:3000/_next/static/chunks/node_modules_next_dist_1e8vcs8._.js:776
[  821803ms] [LOG] [Fast Refresh] done in 18790ms @ http://localhost:3000/_next/static/chunks/node_modules_next_dist_1e8vcs8._.js:776
[  821857ms] [LOG] [Fast Refresh] done in 18790ms @ http://localhost:3000/_next/static/chunks/node_modules_next_dist_1e8vcs8._.js:776
[  821907ms] [LOG] [Fast Refresh] done in 18790ms @ http://localhost:3000/_next/static/chunks/node_modules_next_dist_1e8vcs8._.js:776
[  821953ms] [LOG] [Fast Refresh] done in 18790ms @ http://localhost:3000/_next/static/chunks/node_modules_next_dist_1e8vcs8._.js:776
[  822048ms] [LOG] [Fast Refresh] done in 18790ms @ http://localhost:3000/_next/static/chunks/node_modules_next_dist_1e8vcs8._.js:776
[  822165ms] [LOG] [Fast Refresh] done in 18790ms @ http://localhost:3000/_next/static/chunks/node_modules_next_dist_1e8vcs8._.js:776
[  822223ms] [LOG] [Fast Refresh] done in 18790ms @ http://localhost:3000/_next/static/chunks/node_modules_next_dist_1e8vcs8._.js:776
[  822292ms] [LOG] [Fast Refresh] done in 18790ms @ http://localhost:3000/_next/static/chunks/node_modules_next_dist_1e8vcs8._.js:776
[  822356ms] [LOG] [Fast Refresh] done in 18790ms @ http://localhost:3000/_next/static/chunks/node_modules_next_dist_1e8vcs8._.js:776
[  822422ms] [LOG] [Fast Refresh] done in 18790ms @ http://localhost:3000/_next/static/chunks/node_modules_next_dist_1e8vcs8._.js:776
[  822474ms] [LOG] [Fast Refresh] done in 18790ms @ http://localhost:3000/_next/static/chunks/node_modules_next_dist_1e8vcs8._.js:776
[  822538ms] [LOG] [Fast Refresh] done in 18790ms @ http://localhost:3000/_next/static/chunks/node_modules_next_dist_1e8vcs8._.js:776
[  822606ms] [LOG] [Fast Refresh] done in 18790ms @ http://localhost:3000/_next/static/chunks/node_modules_next_dist_1e8vcs8._.js:776
[  822673ms] [LOG] [Fast Refresh] done in 18790ms @ http://localhost:3000/_next/static/chunks/node_modules_next_dist_1e8vcs8._.js:776
[  822738ms] [LOG] [Fast Refresh] done in 18790ms @ http://localhost:3000/_next/static/chunks/node_modules_next_dist_1e8vcs8._.js:776
[  822807ms] [LOG] [Fast Refresh] done in 18790ms @ http://localhost:3000/_next/static/chunks/node_modules_next_dist_1e8vcs8._.js:776
[  822871ms] [LOG] [Fast Refresh] done in 18790ms @ http://localhost:3000/_next/static/chunks/node_modules_next_dist_1e8vcs8._.js:776
[  822940ms] [LOG] [Fast Refresh] done in 18790ms @ http://localhost:3000/_next/static/chunks/node_modules_next_dist_1e8vcs8._.js:776
[  823008ms] [LOG] [Fast Refresh] done in 18790ms @ http://localhost:3000/_next/static/chunks/node_modules_next_dist_1e8vcs8._.js:776
[  823070ms] [LOG] [Fast Refresh] done in 18790ms @ http://localhost:3000/_next/static/chunks/node_modules_next_dist_1e8vcs8._.js:776
[  823138ms] [LOG] [Fast Refresh] done in 18790ms @ http://localhost:3000/_next/static/chunks/node_modules_next_dist_1e8vcs8._.js:776
[  823203ms] [LOG] [Fast Refresh] done in 18790ms @ http://localhost:3000/_next/static/chunks/node_modules_next_dist_1e8vcs8._.js:776
[  823257ms] [LOG] [Fast Refresh] done in 18790ms @ http://localhost:3000/_next/static/chunks/node_modules_next_dist_1e8vcs8._.js:776
[  823324ms] [LOG] [Fast Refresh] done in 18790ms @ http://localhost:3000/_next/static/chunks/node_modules_next_dist_1e8vcs8._.js:776
[  823538ms] [LOG] [Fast Refresh] rebuilding @ http://localhost:3000/_next/static/chunks/node_modules_next_dist_1e8vcs8._.js:776
[  825896ms] [LOG] [Fast Refresh] done in 2442ms @ http://localhost:3000/_next/static/chunks/node_modules_next_dist_1e8vcs8._.js:776
[  826057ms] [LOG] [Fast Refresh] done in 2442ms @ http://localhost:3000/_next/static/chunks/node_modules_next_dist_1e8vcs8._.js:776
[  826121ms] [LOG] [Fast Refresh] done in 2442ms @ http://localhost:3000/_next/static/chunks/node_modules_next_dist_1e8vcs8._.js:776
[  841076ms] [LOG] [Fast Refresh] rebuilding @ http://localhost:3000/_next/static/chunks/node_modules_next_dist_1e8vcs8._.js:776
[  852311ms] [LOG] [Fast Refresh] done in 10790ms @ http://localhost:3000/_next/static/chunks/node_modules_next_dist_1e8vcs8._.js:776
[  852326ms] [LOG] [Fast Refresh] done in 10790ms @ http://localhost:3000/_next/static/chunks/node_modules_next_dist_1e8vcs8._.js:776
[  852389ms] [WARNING] THREE.Clock: This module has been deprecated. Please use THREE.Timer instead. @ http://localhost:3000/_next/static/chunks/node_modules_next_dist_1e8vcs8._.js:776
[  853029ms] [LOG] [Fast Refresh] rebuilding @ http://localhost:3000/_next/static/chunks/node_modules_next_dist_1e8vcs8._.js:776
[  857380ms] [LOG] [Fast Refresh] done in 4466ms @ http://localhost:3000/_next/static/chunks/node_modules_next_dist_1e8vcs8._.js:776
[  857400ms] [ERROR] Failed to load resource: the server responded with a status of 404 (Not Found) @ http://localhost:3000/2774272.svg:0
[ 1181226ms] [LOG] [Fast Refresh] rebuilding @ http://localhost:3000/_next/static/chunks/node_modules_next_dist_1e8vcs8._.js:776
[ 1186023ms] [ERROR] Failed to load resource: the server responded with a status of 404 (Not Found) @ http://localhost:3000/2774272.svg:0
[ 1186320ms] [LOG] [Fast Refresh] done in 5136ms @ http://localhost:3000/_next/static/chunks/node_modules_next_dist_1e8vcs8._.js:776
[ 1186349ms] [LOG] [Fast Refresh] done in 5136ms @ http://localhost:3000/_next/static/chunks/node_modules_next_dist_1e8vcs8._.js:776
[ 1186723ms] [LOG] [Fast Refresh] done in 5136ms @ http://localhost:3000/_next/static/chunks/node_modules_next_dist_1e8vcs8._.js:776
[ 1194737ms] [LOG] [Fast Refresh] rebuilding @ http://localhost:3000/_next/static/chunks/node_modules_next_dist_1e8vcs8._.js:776
[ 1195966ms] [LOG] [Fast Refresh] done in 1334ms @ http://localhost:3000/_next/static/chunks/node_modules_next_dist_1e8vcs8._.js:776
[ 1196255ms] [LOG] [Fast Refresh] done in 1334ms @ http://localhost:3000/_next/static/chunks/node_modules_next_dist_1e8vcs8._.js:776
[ 1262283ms] [LOG] [Fast Refresh] rebuilding @ http://localhost:3000/_next/static/chunks/node_modules_next_dist_1e8vcs8._.js:776
[ 1262385ms] [LOG] [Fast Refresh] done in 203ms @ http://localhost:3000/_next/static/chunks/node_modules_next_dist_1e8vcs8._.js:776
[ 1336893ms] [LOG] [Fast Refresh] rebuilding @ http://localhost:3000/_next/static/chunks/node_modules_next_dist_1e8vcs8._.js:776
[ 1339479ms] [LOG] [Fast Refresh] done in 1747ms @ http://localhost:3000/_next/static/chunks/node_modules_next_dist_1e8vcs8._.js:776
[ 1453105ms] [LOG] [Fast Refresh] rebuilding @ http://localhost:3000/_next/static/chunks/node_modules_next_dist_1e8vcs8._.js:776
[ 1453260ms] [LOG] [Fast Refresh] done in 274ms @ http://localhost:3000/_next/static/chunks/node_modules_next_dist_1e8vcs8._.js:776
[ 1526562ms] [ERROR] Failed to load resource: the server responded with a status of 404 (Not Found) @ http://localhost:3000/2774272.svg:0
[ 1530045ms] [LOG] [Fast Refresh] rebuilding @ http://localhost:3000/_next/static/chunks/node_modules_next_dist_1e8vcs8._.js:776
[ 1532284ms] [LOG] [Fast Refresh] done in 2345ms @ http://localhost:3000/_next/static/chunks/node_modules_next_dist_1e8vcs8._.js:776
[ 1537237ms] [INFO] %cDownload the React DevTools for a better development experience: https://react.dev/link/react-devtools font-weight:bold @ http://localhost:3000/_next/static/chunks/node_modules_next_dist_1e8vcs8._.js:776
[ 1537384ms] [LOG] [HMR] connected @ http://localhost:3000/_next/static/chunks/node_modules_next_dist_1e8vcs8._.js:776
[ 1538078ms] [LOG] [Fast Refresh] rebuilding @ http://localhost:3000/_next/static/chunks/node_modules_next_dist_1e8vcs8._.js:776
[ 1538121ms] [WARNING] THREE.Clock: This module has been deprecated. Please use THREE.Timer instead. @ http://localhost:3000/_next/static/chunks/node_modules_next_dist_1e8vcs8._.js:776
[ 1538663ms] [ERROR] Failed to load resource: the server responded with a status of 404 (Not Found) @ http://localhost:3000/2774272.svg:0
[ 1541712ms] [LOG] [Fast Refresh] done in 3736ms @ http://localhost:3000/_next/static/chunks/node_modules_next_dist_1e8vcs8._.js:776
