[     284ms] [INFO] %cDownload the React DevTools for a better development experience: https://react.dev/link/react-devtools font-weight:bold @ http://localhost:3000/_next/static/chunks/node_modules_next_dist_1e8vcs8._.js:776
[     304ms] [LOG] [HMR] connected @ http://localhost:3000/_next/static/chunks/node_modules_next_dist_1e8vcs8._.js:776
[     514ms] [LOG] [Fast Refresh] rebuilding @ http://localhost:3000/_next/static/chunks/node_modules_next_dist_1e8vcs8._.js:776
[     651ms] [LOG] [Fast Refresh] done in 237ms @ http://localhost:3000/_next/static/chunks/node_modules_next_dist_1e8vcs8._.js:776
[  122381ms] [LOG] [Fast Refresh] rebuilding @ http://localhost:3000/_next/static/chunks/node_modules_next_dist_1e8vcs8._.js:776
[  124485ms] [LOG] [Fast Refresh] done in 2203ms @ http://localhost:3000/_next/static/chunks/node_modules_next_dist_1e8vcs8._.js:776
[  142806ms] [LOG] [Fast Refresh] rebuilding @ http://localhost:3000/_next/static/chunks/node_modules_next_dist_1e8vcs8._.js:776
[  146840ms] [LOG] [Fast Refresh] done in 4080ms @ http://localhost:3000/_next/static/chunks/node_modules_next_dist_1e8vcs8._.js:776
[  146923ms] [LOG] [Fast Refresh] done in 4080ms @ http://localhost:3000/_next/static/chunks/node_modules_next_dist_1e8vcs8._.js:776
[  146977ms] [LOG] [Fast Refresh] done in 4080ms @ http://localhost:3000/_next/static/chunks/node_modules_next_dist_1e8vcs8._.js:776
[  147030ms] [LOG] [Fast Refresh] done in 4080ms @ http://localhost:3000/_next/static/chunks/node_modules_next_dist_1e8vcs8._.js:776
[  147090ms] [LOG] [Fast Refresh] done in 4080ms @ http://localhost:3000/_next/static/chunks/node_modules_next_dist_1e8vcs8._.js:776
[  147149ms] [LOG] [Fast Refresh] done in 4080ms @ http://localhost:3000/_next/static/chunks/node_modules_next_dist_1e8vcs8._.js:776
[  147192ms] [LOG] [Fast Refresh] done in 4080ms @ http://localhost:3000/_next/static/chunks/node_modules_next_dist_1e8vcs8._.js:776
[  147242ms] [LOG] [Fast Refresh] done in 4080ms @ http://localhost:3000/_next/static/chunks/node_modules_next_dist_1e8vcs8._.js:776
[  147297ms] [LOG] [Fast Refresh] done in 4080ms @ http://localhost:3000/_next/static/chunks/node_modules_next_dist_1e8vcs8._.js:776
[  147348ms] [LOG] [Fast Refresh] done in 4080ms @ http://localhost:3000/_next/static/chunks/node_modules_next_dist_1e8vcs8._.js:776
[  147398ms] [LOG] [Fast Refresh] done in 4080ms @ http://localhost:3000/_next/static/chunks/node_modules_next_dist_1e8vcs8._.js:776
[  147446ms] [LOG] [Fast Refresh] done in 4080ms @ http://localhost:3000/_next/static/chunks/node_modules_next_dist_1e8vcs8._.js:776
[  147497ms] [LOG] [Fast Refresh] done in 4080ms @ http://localhost:3000/_next/static/chunks/node_modules_next_dist_1e8vcs8._.js:776
[  147544ms] [LOG] [Fast Refresh] done in 4080ms @ http://localhost:3000/_next/static/chunks/node_modules_next_dist_1e8vcs8._.js:776
[  147584ms] [LOG] [Fast Refresh] done in 4080ms @ http://localhost:3000/_next/static/chunks/node_modules_next_dist_1e8vcs8._.js:776
[  147633ms] [LOG] [Fast Refresh] done in 4080ms @ http://localhost:3000/_next/static/chunks/node_modules_next_dist_1e8vcs8._.js:776
[  147693ms] [LOG] [Fast Refresh] done in 4080ms @ http://localhost:3000/_next/static/chunks/node_modules_next_dist_1e8vcs8._.js:776
[  147747ms] [LOG] [Fast Refresh] done in 4080ms @ http://localhost:3000/_next/static/chunks/node_modules_next_dist_1e8vcs8._.js:776
[  147800ms] [LOG] [Fast Refresh] done in 4080ms @ http://localhost:3000/_next/static/chunks/node_modules_next_dist_1e8vcs8._.js:776
[  147859ms] [LOG] [Fast Refresh] done in 4080ms @ http://localhost:3000/_next/static/chunks/node_modules_next_dist_1e8vcs8._.js:776
[  147913ms] [LOG] [Fast Refresh] done in 4080ms @ http://localhost:3000/_next/static/chunks/node_modules_next_dist_1e8vcs8._.js:776
[  147962ms] [LOG] [Fast Refresh] done in 4080ms @ http://localhost:3000/_next/static/chunks/node_modules_next_dist_1e8vcs8._.js:776
[  148013ms] [LOG] [Fast Refresh] done in 4080ms @ http://localhost:3000/_next/static/chunks/node_modules_next_dist_1e8vcs8._.js:776
[  148066ms] [LOG] [Fast Refresh] done in 4080ms @ http://localhost:3000/_next/static/chunks/node_modules_next_dist_1e8vcs8._.js:776
[  148111ms] [LOG] [Fast Refresh] done in 4080ms @ http://localhost:3000/_next/static/chunks/node_modules_next_dist_1e8vcs8._.js:776
[  148161ms] [LOG] [Fast Refresh] done in 4080ms @ http://localhost:3000/_next/static/chunks/node_modules_next_dist_1e8vcs8._.js:776
[  148212ms] [LOG] [Fast Refresh] done in 4080ms @ http://localhost:3000/_next/static/chunks/node_modules_next_dist_1e8vcs8._.js:776
[  148264ms] [LOG] [Fast Refresh] done in 4080ms @ http://localhost:3000/_next/static/chunks/node_modules_next_dist_1e8vcs8._.js:776
[  148318ms] [LOG] [Fast Refresh] done in 4080ms @ http://localhost:3000/_next/static/chunks/node_modules_next_dist_1e8vcs8._.js:776
[  148379ms] [LOG] [Fast Refresh] done in 4080ms @ http://localhost:3000/_next/static/chunks/node_modules_next_dist_1e8vcs8._.js:776
[  148427ms] [LOG] [Fast Refresh] done in 4080ms @ http://localhost:3000/_next/static/chunks/node_modules_next_dist_1e8vcs8._.js:776
[  148477ms] [LOG] [Fast Refresh] done in 4080ms @ http://localhost:3000/_next/static/chunks/node_modules_next_dist_1e8vcs8._.js:776
[  148529ms] [LOG] [Fast Refresh] done in 4080ms @ http://localhost:3000/_next/static/chunks/node_modules_next_dist_1e8vcs8._.js:776
[  148591ms] [LOG] [Fast Refresh] done in 4080ms @ http://localhost:3000/_next/static/chunks/node_modules_next_dist_1e8vcs8._.js:776
[  148641ms] [LOG] [Fast Refresh] done in 4080ms @ http://localhost:3000/_next/static/chunks/node_modules_next_dist_1e8vcs8._.js:776
[  148689ms] [LOG] [Fast Refresh] done in 4080ms @ http://localhost:3000/_next/static/chunks/node_modules_next_dist_1e8vcs8._.js:776
[  148742ms] [LOG] [Fast Refresh] done in 4080ms @ http://localhost:3000/_next/static/chunks/node_modules_next_dist_1e8vcs8._.js:776
[  148792ms] [LOG] [Fast Refresh] done in 4080ms @ http://localhost:3000/_next/static/chunks/node_modules_next_dist_1e8vcs8._.js:776
[  148845ms] [LOG] [Fast Refresh] done in 4080ms @ http://localhost:3000/_next/static/chunks/node_modules_next_dist_1e8vcs8._.js:776
[  148903ms] [LOG] [Fast Refresh] done in 4080ms @ http://localhost:3000/_next/static/chunks/node_modules_next_dist_1e8vcs8._.js:776
[  148957ms] [LOG] [Fast Refresh] done in 4080ms @ http://localhost:3000/_next/static/chunks/node_modules_next_dist_1e8vcs8._.js:776
[  149008ms] [LOG] [Fast Refresh] done in 4080ms @ http://localhost:3000/_next/static/chunks/node_modules_next_dist_1e8vcs8._.js:776
[  149060ms] [LOG] [Fast Refresh] done in 4080ms @ http://localhost:3000/_next/static/chunks/node_modules_next_dist_1e8vcs8._.js:776
[  149104ms] [LOG] [Fast Refresh] done in 4080ms @ http://localhost:3000/_next/static/chunks/node_modules_next_dist_1e8vcs8._.js:776
[  149161ms] [LOG] [Fast Refresh] done in 4080ms @ http://localhost:3000/_next/static/chunks/node_modules_next_dist_1e8vcs8._.js:776
[  149348ms] [LOG] [Fast Refresh] done in 4080ms @ http://localhost:3000/_next/static/chunks/node_modules_next_dist_1e8vcs8._.js:776
[  149413ms] [LOG] [Fast Refresh] done in 4080ms @ http://localhost:3000/_next/static/chunks/node_modules_next_dist_1e8vcs8._.js:776
[  149469ms] [LOG] [Fast Refresh] done in 4080ms @ http://localhost:3000/_next/static/chunks/node_modules_next_dist_1e8vcs8._.js:776
[  149536ms] [LOG] [Fast Refresh] done in 4080ms @ http://localhost:3000/_next/static/chunks/node_modules_next_dist_1e8vcs8._.js:776
[  149586ms] [LOG] [Fast Refresh] done in 4080ms @ http://localhost:3000/_next/static/chunks/node_modules_next_dist_1e8vcs8._.js:776
[  149644ms] [LOG] [Fast Refresh] done in 4080ms @ http://localhost:3000/_next/static/chunks/node_modules_next_dist_1e8vcs8._.js:776
[  149699ms] [LOG] [Fast Refresh] done in 4080ms @ http://localhost:3000/_next/static/chunks/node_modules_next_dist_1e8vcs8._.js:776
[  149748ms] [LOG] [Fast Refresh] done in 4080ms @ http://localhost:3000/_next/static/chunks/node_modules_next_dist_1e8vcs8._.js:776
[  149803ms] [LOG] [Fast Refresh] done in 4080ms @ http://localhost:3000/_next/static/chunks/node_modules_next_dist_1e8vcs8._.js:776
[  149855ms] [LOG] [Fast Refresh] done in 4080ms @ http://localhost:3000/_next/static/chunks/node_modules_next_dist_1e8vcs8._.js:776
[  149893ms] [LOG] [Fast Refresh] done in 4080ms @ http://localhost:3000/_next/static/chunks/node_modules_next_dist_1e8vcs8._.js:776
[  149945ms] [LOG] [Fast Refresh] done in 4080ms @ http://localhost:3000/_next/static/chunks/node_modules_next_dist_1e8vcs8._.js:776
[  150001ms] [LOG] [Fast Refresh] done in 4080ms @ http://localhost:3000/_next/static/chunks/node_modules_next_dist_1e8vcs8._.js:776
[  150055ms] [LOG] [Fast Refresh] done in 4080ms @ http://localhost:3000/_next/static/chunks/node_modules_next_dist_1e8vcs8._.js:776
[  150091ms] [LOG] [Fast Refresh] done in 4080ms @ http://localhost:3000/_next/static/chunks/node_modules_next_dist_1e8vcs8._.js:776
[  150141ms] [LOG] [Fast Refresh] done in 4080ms @ http://localhost:3000/_next/static/chunks/node_modules_next_dist_1e8vcs8._.js:776
[  150182ms] [LOG] [Fast Refresh] done in 4080ms @ http://localhost:3000/_next/static/chunks/node_modules_next_dist_1e8vcs8._.js:776
[  150238ms] [LOG] [Fast Refresh] done in 4080ms @ http://localhost:3000/_next/static/chunks/node_modules_next_dist_1e8vcs8._.js:776
[  150297ms] [LOG] [Fast Refresh] done in 4080ms @ http://localhost:3000/_next/static/chunks/node_modules_next_dist_1e8vcs8._.js:776
[  150361ms] [LOG] [Fast Refresh] done in 4080ms @ http://localhost:3000/_next/static/chunks/node_modules_next_dist_1e8vcs8._.js:776
[  150414ms] [LOG] [Fast Refresh] done in 4080ms @ http://localhost:3000/_next/static/chunks/node_modules_next_dist_1e8vcs8._.js:776
[  150462ms] [LOG] [Fast Refresh] done in 4080ms @ http://localhost:3000/_next/static/chunks/node_modules_next_dist_1e8vcs8._.js:776
[  150512ms] [LOG] [Fast Refresh] done in 4080ms @ http://localhost:3000/_next/static/chunks/node_modules_next_dist_1e8vcs8._.js:776
[  150574ms] [LOG] [Fast Refresh] done in 4080ms @ http://localhost:3000/_next/static/chunks/node_modules_next_dist_1e8vcs8._.js:776
[  150615ms] [LOG] [Fast Refresh] done in 4080ms @ http://localhost:3000/_next/static/chunks/node_modules_next_dist_1e8vcs8._.js:776
[  150661ms] [LOG] [Fast Refresh] done in 4080ms @ http://localhost:3000/_next/static/chunks/node_modules_next_dist_1e8vcs8._.js:776
[  150713ms] [LOG] [Fast Refresh] done in 4080ms @ http://localhost:3000/_next/static/chunks/node_modules_next_dist_1e8vcs8._.js:776
[  150766ms] [LOG] [Fast Refresh] done in 4080ms @ http://localhost:3000/_next/static/chunks/node_modules_next_dist_1e8vcs8._.js:776
[  150823ms] [LOG] [Fast Refresh] done in 4080ms @ http://localhost:3000/_next/static/chunks/node_modules_next_dist_1e8vcs8._.js:776
[  150871ms] [LOG] [Fast Refresh] done in 4080ms @ http://localhost:3000/_next/static/chunks/node_modules_next_dist_1e8vcs8._.js:776
[  150911ms] [LOG] [Fast Refresh] done in 4080ms @ http://localhost:3000/_next/static/chunks/node_modules_next_dist_1e8vcs8._.js:776
[  150969ms] [LOG] [Fast Refresh] done in 4080ms @ http://localhost:3000/_next/static/chunks/node_modules_next_dist_1e8vcs8._.js:776
[  151023ms] [LOG] [Fast Refresh] done in 4080ms @ http://localhost:3000/_next/static/chunks/node_modules_next_dist_1e8vcs8._.js:776
[  151077ms] [LOG] [Fast Refresh] done in 4080ms @ http://localhost:3000/_next/static/chunks/node_modules_next_dist_1e8vcs8._.js:776
[  151135ms] [LOG] [Fast Refresh] done in 4080ms @ http://localhost:3000/_next/static/chunks/node_modules_next_dist_1e8vcs8._.js:776
[  151190ms] [LOG] [Fast Refresh] done in 4080ms @ http://localhost:3000/_next/static/chunks/node_modules_next_dist_1e8vcs8._.js:776
[  151240ms] [LOG] [Fast Refresh] done in 4080ms @ http://localhost:3000/_next/static/chunks/node_modules_next_dist_1e8vcs8._.js:776
[  151279ms] [LOG] [Fast Refresh] done in 4080ms @ http://localhost:3000/_next/static/chunks/node_modules_next_dist_1e8vcs8._.js:776
[  151323ms] [LOG] [Fast Refresh] done in 4080ms @ http://localhost:3000/_next/static/chunks/node_modules_next_dist_1e8vcs8._.js:776
[  151374ms] [LOG] [Fast Refresh] done in 4080ms @ http://localhost:3000/_next/static/chunks/node_modules_next_dist_1e8vcs8._.js:776
[  151415ms] [LOG] [Fast Refresh] done in 4080ms @ http://localhost:3000/_next/static/chunks/node_modules_next_dist_1e8vcs8._.js:776
[  151468ms] [LOG] [Fast Refresh] done in 4080ms @ http://localhost:3000/_next/static/chunks/node_modules_next_dist_1e8vcs8._.js:776
[  151522ms] [LOG] [Fast Refresh] done in 4080ms @ http://localhost:3000/_next/static/chunks/node_modules_next_dist_1e8vcs8._.js:776
[  151574ms] [LOG] [Fast Refresh] done in 4080ms @ http://localhost:3000/_next/static/chunks/node_modules_next_dist_1e8vcs8._.js:776
[  151623ms] [LOG] [Fast Refresh] done in 4080ms @ http://localhost:3000/_next/static/chunks/node_modules_next_dist_1e8vcs8._.js:776
[  151671ms] [LOG] [Fast Refresh] done in 4080ms @ http://localhost:3000/_next/static/chunks/node_modules_next_dist_1e8vcs8._.js:776
[  151723ms] [LOG] [Fast Refresh] done in 4080ms @ http://localhost:3000/_next/static/chunks/node_modules_next_dist_1e8vcs8._.js:776
[  151785ms] [LOG] [Fast Refresh] done in 4080ms @ http://localhost:3000/_next/static/chunks/node_modules_next_dist_1e8vcs8._.js:776
[  151838ms] [LOG] [Fast Refresh] done in 4080ms @ http://localhost:3000/_next/static/chunks/node_modules_next_dist_1e8vcs8._.js:776
[  151883ms] [LOG] [Fast Refresh] done in 4080ms @ http://localhost:3000/_next/static/chunks/node_modules_next_dist_1e8vcs8._.js:776
[  151938ms] [LOG] [Fast Refresh] done in 4080ms @ http://localhost:3000/_next/static/chunks/node_modules_next_dist_1e8vcs8._.js:776
[  151976ms] [LOG] [Fast Refresh] done in 4080ms @ http://localhost:3000/_next/static/chunks/node_modules_next_dist_1e8vcs8._.js:776
[  152040ms] [LOG] [Fast Refresh] done in 4080ms @ http://localhost:3000/_next/static/chunks/node_modules_next_dist_1e8vcs8._.js:776
[  152082ms] [LOG] [Fast Refresh] done in 4080ms @ http://localhost:3000/_next/static/chunks/node_modules_next_dist_1e8vcs8._.js:776
[  152140ms] [LOG] [Fast Refresh] done in 4080ms @ http://localhost:3000/_next/static/chunks/node_modules_next_dist_1e8vcs8._.js:776
[  152192ms] [LOG] [Fast Refresh] done in 4080ms @ http://localhost:3000/_next/static/chunks/node_modules_next_dist_1e8vcs8._.js:776
[  152239ms] [LOG] [Fast Refresh] done in 4080ms @ http://localhost:3000/_next/static/chunks/node_modules_next_dist_1e8vcs8._.js:776
[  152293ms] [LOG] [Fast Refresh] done in 4080ms @ http://localhost:3000/_next/static/chunks/node_modules_next_dist_1e8vcs8._.js:776
[  152348ms] [LOG] [Fast Refresh] done in 4080ms @ http://localhost:3000/_next/static/chunks/node_modules_next_dist_1e8vcs8._.js:776
[  152397ms] [LOG] [Fast Refresh] done in 4080ms @ http://localhost:3000/_next/static/chunks/node_modules_next_dist_1e8vcs8._.js:776
[  152443ms] [LOG] [Fast Refresh] done in 4080ms @ http://localhost:3000/_next/static/chunks/node_modules_next_dist_1e8vcs8._.js:776
[  152500ms] [LOG] [Fast Refresh] done in 4080ms @ http://localhost:3000/_next/static/chunks/node_modules_next_dist_1e8vcs8._.js:776
[  152552ms] [LOG] [Fast Refresh] done in 4080ms @ http://localhost:3000/_next/static/chunks/node_modules_next_dist_1e8vcs8._.js:776
[  152611ms] [LOG] [Fast Refresh] done in 4080ms @ http://localhost:3000/_next/static/chunks/node_modules_next_dist_1e8vcs8._.js:776
[  152673ms] [LOG] [Fast Refresh] done in 4080ms @ http://localhost:3000/_next/static/chunks/node_modules_next_dist_1e8vcs8._.js:776
[  152718ms] [LOG] [Fast Refresh] done in 4080ms @ http://localhost:3000/_next/static/chunks/node_modules_next_dist_1e8vcs8._.js:776
[  152772ms] [LOG] [Fast Refresh] done in 4080ms @ http://localhost:3000/_next/static/chunks/node_modules_next_dist_1e8vcs8._.js:776
[  152838ms] [LOG] [Fast Refresh] done in 4080ms @ http://localhost:3000/_next/static/chunks/node_modules_next_dist_1e8vcs8._.js:776
[  152892ms] [LOG] [Fast Refresh] done in 4080ms @ http://localhost:3000/_next/static/chunks/node_modules_next_dist_1e8vcs8._.js:776
[  152943ms] [LOG] [Fast Refresh] done in 4080ms @ http://localhost:3000/_next/static/chunks/node_modules_next_dist_1e8vcs8._.js:776
[  152988ms] [LOG] [Fast Refresh] done in 4080ms @ http://localhost:3000/_next/static/chunks/node_modules_next_dist_1e8vcs8._.js:776
[  153035ms] [LOG] [Fast Refresh] done in 4080ms @ http://localhost:3000/_next/static/chunks/node_modules_next_dist_1e8vcs8._.js:776
[  153074ms] [LOG] [Fast Refresh] done in 4080ms @ http://localhost:3000/_next/static/chunks/node_modules_next_dist_1e8vcs8._.js:776
[  153124ms] [LOG] [Fast Refresh] done in 4080ms @ http://localhost:3000/_next/static/chunks/node_modules_next_dist_1e8vcs8._.js:776
[  153163ms] [LOG] [Fast Refresh] done in 4080ms @ http://localhost:3000/_next/static/chunks/node_modules_next_dist_1e8vcs8._.js:776
[  153214ms] [LOG] [Fast Refresh] done in 4080ms @ http://localhost:3000/_next/static/chunks/node_modules_next_dist_1e8vcs8._.js:776
[  153269ms] [LOG] [Fast Refresh] done in 4080ms @ http://localhost:3000/_next/static/chunks/node_modules_next_dist_1e8vcs8._.js:776
[  153320ms] [LOG] [Fast Refresh] done in 4080ms @ http://localhost:3000/_next/static/chunks/node_modules_next_dist_1e8vcs8._.js:776
[  153375ms] [LOG] [Fast Refresh] done in 4080ms @ http://localhost:3000/_next/static/chunks/node_modules_next_dist_1e8vcs8._.js:776
[  153430ms] [LOG] [Fast Refresh] done in 4080ms @ http://localhost:3000/_next/static/chunks/node_modules_next_dist_1e8vcs8._.js:776
[  153483ms] [LOG] [Fast Refresh] done in 4080ms @ http://localhost:3000/_next/static/chunks/node_modules_next_dist_1e8vcs8._.js:776
[  153546ms] [LOG] [Fast Refresh] done in 4080ms @ http://localhost:3000/_next/static/chunks/node_modules_next_dist_1e8vcs8._.js:776
[  153596ms] [LOG] [Fast Refresh] done in 4080ms @ http://localhost:3000/_next/static/chunks/node_modules_next_dist_1e8vcs8._.js:776
[  153647ms] [LOG] [Fast Refresh] done in 4080ms @ http://localhost:3000/_next/static/chunks/node_modules_next_dist_1e8vcs8._.js:776
[  153702ms] [LOG] [Fast Refresh] done in 4080ms @ http://localhost:3000/_next/static/chunks/node_modules_next_dist_1e8vcs8._.js:776
[  153748ms] [LOG] [Fast Refresh] done in 4080ms @ http://localhost:3000/_next/static/chunks/node_modules_next_dist_1e8vcs8._.js:776
[  153795ms] [LOG] [Fast Refresh] done in 4080ms @ http://localhost:3000/_next/static/chunks/node_modules_next_dist_1e8vcs8._.js:776
[  153850ms] [LOG] [Fast Refresh] done in 4080ms @ http://localhost:3000/_next/static/chunks/node_modules_next_dist_1e8vcs8._.js:776
[  153900ms] [LOG] [Fast Refresh] done in 4080ms @ http://localhost:3000/_next/static/chunks/node_modules_next_dist_1e8vcs8._.js:776
[  153946ms] [LOG] [Fast Refresh] done in 4080ms @ http://localhost:3000/_next/static/chunks/node_modules_next_dist_1e8vcs8._.js:776
[  153996ms] [LOG] [Fast Refresh] done in 4080ms @ http://localhost:3000/_next/static/chunks/node_modules_next_dist_1e8vcs8._.js:776
[  154051ms] [LOG] [Fast Refresh] done in 4080ms @ http://localhost:3000/_next/static/chunks/node_modules_next_dist_1e8vcs8._.js:776
[  154104ms] [LOG] [Fast Refresh] done in 4080ms @ http://localhost:3000/_next/static/chunks/node_modules_next_dist_1e8vcs8._.js:776
[  154164ms] [LOG] [Fast Refresh] done in 4080ms @ http://localhost:3000/_next/static/chunks/node_modules_next_dist_1e8vcs8._.js:776
[  154230ms] [LOG] [Fast Refresh] done in 4080ms @ http://localhost:3000/_next/static/chunks/node_modules_next_dist_1e8vcs8._.js:776
[  154291ms] [LOG] [Fast Refresh] done in 4080ms @ http://localhost:3000/_next/static/chunks/node_modules_next_dist_1e8vcs8._.js:776
[  154343ms] [LOG] [Fast Refresh] done in 4080ms @ http://localhost:3000/_next/static/chunks/node_modules_next_dist_1e8vcs8._.js:776
[  154409ms] [LOG] [Fast Refresh] done in 4080ms @ http://localhost:3000/_next/static/chunks/node_modules_next_dist_1e8vcs8._.js:776
[  154468ms] [LOG] [Fast Refresh] done in 4080ms @ http://localhost:3000/_next/static/chunks/node_modules_next_dist_1e8vcs8._.js:776
[  154544ms] [LOG] [Fast Refresh] done in 4080ms @ http://localhost:3000/_next/static/chunks/node_modules_next_dist_1e8vcs8._.js:776
[  154601ms] [LOG] [Fast Refresh] done in 4080ms @ http://localhost:3000/_next/static/chunks/node_modules_next_dist_1e8vcs8._.js:776
[  154655ms] [LOG] [Fast Refresh] done in 4080ms @ http://localhost:3000/_next/static/chunks/node_modules_next_dist_1e8vcs8._.js:776
[  154710ms] [LOG] [Fast Refresh] done in 4080ms @ http://localhost:3000/_next/static/chunks/node_modules_next_dist_1e8vcs8._.js:776
[  154767ms] [LOG] [Fast Refresh] done in 4080ms @ http://localhost:3000/_next/static/chunks/node_modules_next_dist_1e8vcs8._.js:776
[  154815ms] [LOG] [Fast Refresh] done in 4080ms @ http://localhost:3000/_next/static/chunks/node_modules_next_dist_1e8vcs8._.js:776
[  154880ms] [LOG] [Fast Refresh] done in 4080ms @ http://localhost:3000/_next/static/chunks/node_modules_next_dist_1e8vcs8._.js:776
[  154943ms] [LOG] [Fast Refresh] done in 4080ms @ http://localhost:3000/_next/static/chunks/node_modules_next_dist_1e8vcs8._.js:776
[  155019ms] [LOG] [Fast Refresh] done in 4080ms @ http://localhost:3000/_next/static/chunks/node_modules_next_dist_1e8vcs8._.js:776
[  155081ms] [LOG] [Fast Refresh] done in 4080ms @ http://localhost:3000/_next/static/chunks/node_modules_next_dist_1e8vcs8._.js:776
[  155130ms] [LOG] [Fast Refresh] done in 4080ms @ http://localhost:3000/_next/static/chunks/node_modules_next_dist_1e8vcs8._.js:776
[  155180ms] [LOG] [Fast Refresh] done in 4080ms @ http://localhost:3000/_next/static/chunks/node_modules_next_dist_1e8vcs8._.js:776
[  155237ms] [LOG] [Fast Refresh] done in 4080ms @ http://localhost:3000/_next/static/chunks/node_modules_next_dist_1e8vcs8._.js:776
[  155291ms] [LOG] [Fast Refresh] done in 4080ms @ http://localhost:3000/_next/static/chunks/node_modules_next_dist_1e8vcs8._.js:776
[  155342ms] [LOG] [Fast Refresh] done in 4080ms @ http://localhost:3000/_next/static/chunks/node_modules_next_dist_1e8vcs8._.js:776
[  155398ms] [LOG] [Fast Refresh] done in 4080ms @ http://localhost:3000/_next/static/chunks/node_modules_next_dist_1e8vcs8._.js:776
[  155447ms] [LOG] [Fast Refresh] done in 4080ms @ http://localhost:3000/_next/static/chunks/node_modules_next_dist_1e8vcs8._.js:776
[  155498ms] [LOG] [Fast Refresh] done in 4080ms @ http://localhost:3000/_next/static/chunks/node_modules_next_dist_1e8vcs8._.js:776
[  155549ms] [LOG] [Fast Refresh] done in 4080ms @ http://localhost:3000/_next/static/chunks/node_modules_next_dist_1e8vcs8._.js:776
[  155597ms] [LOG] [Fast Refresh] done in 4080ms @ http://localhost:3000/_next/static/chunks/node_modules_next_dist_1e8vcs8._.js:776
[  155649ms] [LOG] [Fast Refresh] done in 4080ms @ http://localhost:3000/_next/static/chunks/node_modules_next_dist_1e8vcs8._.js:776
[  155692ms] [LOG] [Fast Refresh] done in 4080ms @ http://localhost:3000/_next/static/chunks/node_modules_next_dist_1e8vcs8._.js:776
[  155743ms] [LOG] [Fast Refresh] done in 4080ms @ http://localhost:3000/_next/static/chunks/node_modules_next_dist_1e8vcs8._.js:776
[  155796ms] [LOG] [Fast Refresh] done in 4080ms @ http://localhost:3000/_next/static/chunks/node_modules_next_dist_1e8vcs8._.js:776
[  155854ms] [LOG] [Fast Refresh] done in 4080ms @ http://localhost:3000/_next/static/chunks/node_modules_next_dist_1e8vcs8._.js:776
[  155907ms] [LOG] [Fast Refresh] done in 4080ms @ http://localhost:3000/_next/static/chunks/node_modules_next_dist_1e8vcs8._.js:776
[  155957ms] [LOG] [Fast Refresh] done in 4080ms @ http://localhost:3000/_next/static/chunks/node_modules_next_dist_1e8vcs8._.js:776
[  155996ms] [LOG] [Fast Refresh] done in 4080ms @ http://localhost:3000/_next/static/chunks/node_modules_next_dist_1e8vcs8._.js:776
[  156053ms] [LOG] [Fast Refresh] done in 4080ms @ http://localhost:3000/_next/static/chunks/node_modules_next_dist_1e8vcs8._.js:776
[  156106ms] [LOG] [Fast Refresh] done in 4080ms @ http://localhost:3000/_next/static/chunks/node_modules_next_dist_1e8vcs8._.js:776
[  156159ms] [LOG] [Fast Refresh] done in 4080ms @ http://localhost:3000/_next/static/chunks/node_modules_next_dist_1e8vcs8._.js:776
[  156210ms] [LOG] [Fast Refresh] done in 4080ms @ http://localhost:3000/_next/static/chunks/node_modules_next_dist_1e8vcs8._.js:776
[  156264ms] [LOG] [Fast Refresh] done in 4080ms @ http://localhost:3000/_next/static/chunks/node_modules_next_dist_1e8vcs8._.js:776
[  156320ms] [LOG] [Fast Refresh] done in 4080ms @ http://localhost:3000/_next/static/chunks/node_modules_next_dist_1e8vcs8._.js:776
[  156374ms] [LOG] [Fast Refresh] done in 4080ms @ http://localhost:3000/_next/static/chunks/node_modules_next_dist_1e8vcs8._.js:776
[  156429ms] [LOG] [Fast Refresh] done in 4080ms @ http://localhost:3000/_next/static/chunks/node_modules_next_dist_1e8vcs8._.js:776
[  156472ms] [LOG] [Fast Refresh] done in 4080ms @ http://localhost:3000/_next/static/chunks/node_modules_next_dist_1e8vcs8._.js:776
[  156521ms] [LOG] [Fast Refresh] done in 4080ms @ http://localhost:3000/_next/static/chunks/node_modules_next_dist_1e8vcs8._.js:776
[  156575ms] [LOG] [Fast Refresh] done in 4080ms @ http://localhost:3000/_next/static/chunks/node_modules_next_dist_1e8vcs8._.js:776
[  156619ms] [LOG] [Fast Refresh] done in 4080ms @ http://localhost:3000/_next/static/chunks/node_modules_next_dist_1e8vcs8._.js:776
[  156672ms] [LOG] [Fast Refresh] done in 4080ms @ http://localhost:3000/_next/static/chunks/node_modules_next_dist_1e8vcs8._.js:776
[  156712ms] [LOG] [Fast Refresh] done in 4080ms @ http://localhost:3000/_next/static/chunks/node_modules_next_dist_1e8vcs8._.js:776
[  156769ms] [LOG] [Fast Refresh] done in 4080ms @ http://localhost:3000/_next/static/chunks/node_modules_next_dist_1e8vcs8._.js:776
[  156821ms] [LOG] [Fast Refresh] done in 4080ms @ http://localhost:3000/_next/static/chunks/node_modules_next_dist_1e8vcs8._.js:776
[  156871ms] [LOG] [Fast Refresh] done in 4080ms @ http://localhost:3000/_next/static/chunks/node_modules_next_dist_1e8vcs8._.js:776
[  156915ms] [LOG] [Fast Refresh] done in 4080ms @ http://localhost:3000/_next/static/chunks/node_modules_next_dist_1e8vcs8._.js:776
[  156972ms] [LOG] [Fast Refresh] done in 4080ms @ http://localhost:3000/_next/static/chunks/node_modules_next_dist_1e8vcs8._.js:776
[  157010ms] [LOG] [Fast Refresh] done in 4080ms @ http://localhost:3000/_next/static/chunks/node_modules_next_dist_1e8vcs8._.js:776
[  157049ms] [LOG] [Fast Refresh] done in 4080ms @ http://localhost:3000/_next/static/chunks/node_modules_next_dist_1e8vcs8._.js:776
[  157109ms] [LOG] [Fast Refresh] done in 4080ms @ http://localhost:3000/_next/static/chunks/node_modules_next_dist_1e8vcs8._.js:776
[  157163ms] [LOG] [Fast Refresh] done in 4080ms @ http://localhost:3000/_next/static/chunks/node_modules_next_dist_1e8vcs8._.js:776
[  157219ms] [LOG] [Fast Refresh] done in 4080ms @ http://localhost:3000/_next/static/chunks/node_modules_next_dist_1e8vcs8._.js:776
[  157274ms] [LOG] [Fast Refresh] done in 4080ms @ http://localhost:3000/_next/static/chunks/node_modules_next_dist_1e8vcs8._.js:776
[  157329ms] [LOG] [Fast Refresh] done in 4080ms @ http://localhost:3000/_next/static/chunks/node_modules_next_dist_1e8vcs8._.js:776
[  157384ms] [LOG] [Fast Refresh] done in 4080ms @ http://localhost:3000/_next/static/chunks/node_modules_next_dist_1e8vcs8._.js:776
[  157422ms] [LOG] [Fast Refresh] done in 4080ms @ http://localhost:3000/_next/static/chunks/node_modules_next_dist_1e8vcs8._.js:776
[  157476ms] [LOG] [Fast Refresh] done in 4080ms @ http://localhost:3000/_next/static/chunks/node_modules_next_dist_1e8vcs8._.js:776
[  157515ms] [LOG] [Fast Refresh] done in 4080ms @ http://localhost:3000/_next/static/chunks/node_modules_next_dist_1e8vcs8._.js:776
[  157576ms] [LOG] [Fast Refresh] done in 4080ms @ http://localhost:3000/_next/static/chunks/node_modules_next_dist_1e8vcs8._.js:776
[  157629ms] [LOG] [Fast Refresh] done in 4080ms @ http://localhost:3000/_next/static/chunks/node_modules_next_dist_1e8vcs8._.js:776
[  157688ms] [LOG] [Fast Refresh] done in 4080ms @ http://localhost:3000/_next/static/chunks/node_modules_next_dist_1e8vcs8._.js:776
[  157728ms] [LOG] [Fast Refresh] done in 4080ms @ http://localhost:3000/_next/static/chunks/node_modules_next_dist_1e8vcs8._.js:776
[  157766ms] [LOG] [Fast Refresh] done in 4080ms @ http://localhost:3000/_next/static/chunks/node_modules_next_dist_1e8vcs8._.js:776
[  157819ms] [LOG] [Fast Refresh] done in 4080ms @ http://localhost:3000/_next/static/chunks/node_modules_next_dist_1e8vcs8._.js:776
[  157860ms] [LOG] [Fast Refresh] done in 4080ms @ http://localhost:3000/_next/static/chunks/node_modules_next_dist_1e8vcs8._.js:776
[  157910ms] [LOG] [Fast Refresh] done in 4080ms @ http://localhost:3000/_next/static/chunks/node_modules_next_dist_1e8vcs8._.js:776
[  157956ms] [LOG] [Fast Refresh] done in 4080ms @ http://localhost:3000/_next/static/chunks/node_modules_next_dist_1e8vcs8._.js:776
[  158006ms] [LOG] [Fast Refresh] done in 4080ms @ http://localhost:3000/_next/static/chunks/node_modules_next_dist_1e8vcs8._.js:776
[  158046ms] [LOG] [Fast Refresh] done in 4080ms @ http://localhost:3000/_next/static/chunks/node_modules_next_dist_1e8vcs8._.js:776
[  158100ms] [LOG] [Fast Refresh] done in 4080ms @ http://localhost:3000/_next/static/chunks/node_modules_next_dist_1e8vcs8._.js:776
[  158157ms] [LOG] [Fast Refresh] done in 4080ms @ http://localhost:3000/_next/static/chunks/node_modules_next_dist_1e8vcs8._.js:776
[  158209ms] [LOG] [Fast Refresh] done in 4080ms @ http://localhost:3000/_next/static/chunks/node_modules_next_dist_1e8vcs8._.js:776
[  158261ms] [LOG] [Fast Refresh] done in 4080ms @ http://localhost:3000/_next/static/chunks/node_modules_next_dist_1e8vcs8._.js:776
[  158300ms] [LOG] [Fast Refresh] done in 4080ms @ http://localhost:3000/_next/static/chunks/node_modules_next_dist_1e8vcs8._.js:776
[  158356ms] [LOG] [Fast Refresh] done in 4080ms @ http://localhost:3000/_next/static/chunks/node_modules_next_dist_1e8vcs8._.js:776
[  158408ms] [LOG] [Fast Refresh] done in 4080ms @ http://localhost:3000/_next/static/chunks/node_modules_next_dist_1e8vcs8._.js:776
[  158460ms] [LOG] [Fast Refresh] done in 4080ms @ http://localhost:3000/_next/static/chunks/node_modules_next_dist_1e8vcs8._.js:776
[  158513ms] [LOG] [Fast Refresh] done in 4080ms @ http://localhost:3000/_next/static/chunks/node_modules_next_dist_1e8vcs8._.js:776
[  158567ms] [LOG] [Fast Refresh] done in 4080ms @ http://localhost:3000/_next/static/chunks/node_modules_next_dist_1e8vcs8._.js:776
[  158622ms] [LOG] [Fast Refresh] done in 4080ms @ http://localhost:3000/_next/static/chunks/node_modules_next_dist_1e8vcs8._.js:776
[  158664ms] [LOG] [Fast Refresh] done in 4080ms @ http://localhost:3000/_next/static/chunks/node_modules_next_dist_1e8vcs8._.js:776
[  158727ms] [LOG] [Fast Refresh] done in 4080ms @ http://localhost:3000/_next/static/chunks/node_modules_next_dist_1e8vcs8._.js:776
[  158781ms] [LOG] [Fast Refresh] done in 4080ms @ http://localhost:3000/_next/static/chunks/node_modules_next_dist_1e8vcs8._.js:776
[  158829ms] [LOG] [Fast Refresh] done in 4080ms @ http://localhost:3000/_next/static/chunks/node_modules_next_dist_1e8vcs8._.js:776
[  158893ms] [LOG] [Fast Refresh] done in 4080ms @ http://localhost:3000/_next/static/chunks/node_modules_next_dist_1e8vcs8._.js:776
[  158962ms] [LOG] [Fast Refresh] done in 4080ms @ http://localhost:3000/_next/static/chunks/node_modules_next_dist_1e8vcs8._.js:776
[  159027ms] [LOG] [Fast Refresh] done in 4080ms @ http://localhost:3000/_next/static/chunks/node_modules_next_dist_1e8vcs8._.js:776
[  159079ms] [LOG] [Fast Refresh] done in 4080ms @ http://localhost:3000/_next/static/chunks/node_modules_next_dist_1e8vcs8._.js:776
[  159132ms] [LOG] [Fast Refresh] done in 4080ms @ http://localhost:3000/_next/static/chunks/node_modules_next_dist_1e8vcs8._.js:776
[  159192ms] [LOG] [Fast Refresh] done in 4080ms @ http://localhost:3000/_next/static/chunks/node_modules_next_dist_1e8vcs8._.js:776
[  159232ms] [LOG] [Fast Refresh] done in 4080ms @ http://localhost:3000/_next/static/chunks/node_modules_next_dist_1e8vcs8._.js:776
[  159292ms] [LOG] [Fast Refresh] done in 4080ms @ http://localhost:3000/_next/static/chunks/node_modules_next_dist_1e8vcs8._.js:776
[  159347ms] [LOG] [Fast Refresh] done in 4080ms @ http://localhost:3000/_next/static/chunks/node_modules_next_dist_1e8vcs8._.js:776
[  159393ms] [LOG] [Fast Refresh] done in 4080ms @ http://localhost:3000/_next/static/chunks/node_modules_next_dist_1e8vcs8._.js:776
[  159440ms] [LOG] [Fast Refresh] done in 4080ms @ http://localhost:3000/_next/static/chunks/node_modules_next_dist_1e8vcs8._.js:776
[  159479ms] [LOG] [Fast Refresh] done in 4080ms @ http://localhost:3000/_next/static/chunks/node_modules_next_dist_1e8vcs8._.js:776
[  159529ms] [LOG] [Fast Refresh] done in 4080ms @ http://localhost:3000/_next/static/chunks/node_modules_next_dist_1e8vcs8._.js:776
[  159568ms] [LOG] [Fast Refresh] done in 4080ms @ http://localhost:3000/_next/static/chunks/node_modules_next_dist_1e8vcs8._.js:776
[  159618ms] [LOG] [Fast Refresh] done in 4080ms @ http://localhost:3000/_next/static/chunks/node_modules_next_dist_1e8vcs8._.js:776
[  159661ms] [LOG] [Fast Refresh] done in 4080ms @ http://localhost:3000/_next/static/chunks/node_modules_next_dist_1e8vcs8._.js:776
[  159712ms] [LOG] [Fast Refresh] done in 4080ms @ http://localhost:3000/_next/static/chunks/node_modules_next_dist_1e8vcs8._.js:776
[  159772ms] [LOG] [Fast Refresh] done in 4080ms @ http://localhost:3000/_next/static/chunks/node_modules_next_dist_1e8vcs8._.js:776
[  159813ms] [LOG] [Fast Refresh] done in 4080ms @ http://localhost:3000/_next/static/chunks/node_modules_next_dist_1e8vcs8._.js:776
[  159862ms] [LOG] [Fast Refresh] done in 4080ms @ http://localhost:3000/_next/static/chunks/node_modules_next_dist_1e8vcs8._.js:776
[  159913ms] [LOG] [Fast Refresh] done in 4080ms @ http://localhost:3000/_next/static/chunks/node_modules_next_dist_1e8vcs8._.js:776
[  159963ms] [LOG] [Fast Refresh] done in 4080ms @ http://localhost:3000/_next/static/chunks/node_modules_next_dist_1e8vcs8._.js:776
[  160009ms] [LOG] [Fast Refresh] done in 4080ms @ http://localhost:3000/_next/static/chunks/node_modules_next_dist_1e8vcs8._.js:776
[  160075ms] [LOG] [Fast Refresh] done in 4080ms @ http://localhost:3000/_next/static/chunks/node_modules_next_dist_1e8vcs8._.js:776
[  160128ms] [LOG] [Fast Refresh] done in 4080ms @ http://localhost:3000/_next/static/chunks/node_modules_next_dist_1e8vcs8._.js:776
[  160192ms] [LOG] [Fast Refresh] done in 4080ms @ http://localhost:3000/_next/static/chunks/node_modules_next_dist_1e8vcs8._.js:776
[  160243ms] [LOG] [Fast Refresh] done in 4080ms @ http://localhost:3000/_next/static/chunks/node_modules_next_dist_1e8vcs8._.js:776
[  160292ms] [LOG] [Fast Refresh] done in 4080ms @ http://localhost:3000/_next/static/chunks/node_modules_next_dist_1e8vcs8._.js:776
[  160345ms] [LOG] [Fast Refresh] done in 4080ms @ http://localhost:3000/_next/static/chunks/node_modules_next_dist_1e8vcs8._.js:776
[  160399ms] [LOG] [Fast Refresh] done in 4080ms @ http://localhost:3000/_next/static/chunks/node_modules_next_dist_1e8vcs8._.js:776
[  160442ms] [LOG] [Fast Refresh] done in 4080ms @ http://localhost:3000/_next/static/chunks/node_modules_next_dist_1e8vcs8._.js:776
[  160489ms] [LOG] [Fast Refresh] done in 4080ms @ http://localhost:3000/_next/static/chunks/node_modules_next_dist_1e8vcs8._.js:776
[  160539ms] [LOG] [Fast Refresh] done in 4080ms @ http://localhost:3000/_next/static/chunks/node_modules_next_dist_1e8vcs8._.js:776
[  160577ms] [LOG] [Fast Refresh] done in 4080ms @ http://localhost:3000/_next/static/chunks/node_modules_next_dist_1e8vcs8._.js:776
[  160628ms] [LOG] [Fast Refresh] done in 4080ms @ http://localhost:3000/_next/static/chunks/node_modules_next_dist_1e8vcs8._.js:776
[  160685ms] [LOG] [Fast Refresh] done in 4080ms @ http://localhost:3000/_next/static/chunks/node_modules_next_dist_1e8vcs8._.js:776
[  160735ms] [LOG] [Fast Refresh] done in 4080ms @ http://localhost:3000/_next/static/chunks/node_modules_next_dist_1e8vcs8._.js:776
[  160792ms] [LOG] [Fast Refresh] done in 4080ms @ http://localhost:3000/_next/static/chunks/node_modules_next_dist_1e8vcs8._.js:776
[  160848ms] [LOG] [Fast Refresh] done in 4080ms @ http://localhost:3000/_next/static/chunks/node_modules_next_dist_1e8vcs8._.js:776
[  160902ms] [LOG] [Fast Refresh] done in 4080ms @ http://localhost:3000/_next/static/chunks/node_modules_next_dist_1e8vcs8._.js:776
[  160956ms] [LOG] [Fast Refresh] done in 4080ms @ http://localhost:3000/_next/static/chunks/node_modules_next_dist_1e8vcs8._.js:776
[  160995ms] [LOG] [Fast Refresh] done in 4080ms @ http://localhost:3000/_next/static/chunks/node_modules_next_dist_1e8vcs8._.js:776
[  161045ms] [LOG] [Fast Refresh] done in 4080ms @ http://localhost:3000/_next/static/chunks/node_modules_next_dist_1e8vcs8._.js:776
[  161088ms] [LOG] [Fast Refresh] done in 4080ms @ http://localhost:3000/_next/static/chunks/node_modules_next_dist_1e8vcs8._.js:776
[  161140ms] [LOG] [Fast Refresh] done in 4080ms @ http://localhost:3000/_next/static/chunks/node_modules_next_dist_1e8vcs8._.js:776
[  161204ms] [LOG] [Fast Refresh] done in 4080ms @ http://localhost:3000/_next/static/chunks/node_modules_next_dist_1e8vcs8._.js:776
[  161261ms] [LOG] [Fast Refresh] done in 4080ms @ http://localhost:3000/_next/static/chunks/node_modules_next_dist_1e8vcs8._.js:776
[  161321ms] [LOG] [Fast Refresh] done in 4080ms @ http://localhost:3000/_next/static/chunks/node_modules_next_dist_1e8vcs8._.js:776
[  161376ms] [LOG] [Fast Refresh] done in 4080ms @ http://localhost:3000/_next/static/chunks/node_modules_next_dist_1e8vcs8._.js:776
[  161421ms] [LOG] [Fast Refresh] done in 4080ms @ http://localhost:3000/_next/static/chunks/node_modules_next_dist_1e8vcs8._.js:776
[  161472ms] [LOG] [Fast Refresh] done in 4080ms @ http://localhost:3000/_next/static/chunks/node_modules_next_dist_1e8vcs8._.js:776
[  161526ms] [LOG] [Fast Refresh] done in 4080ms @ http://localhost:3000/_next/static/chunks/node_modules_next_dist_1e8vcs8._.js:776
[  161569ms] [LOG] [Fast Refresh] done in 4080ms @ http://localhost:3000/_next/static/chunks/node_modules_next_dist_1e8vcs8._.js:776
[  161627ms] [LOG] [Fast Refresh] done in 4080ms @ http://localhost:3000/_next/static/chunks/node_modules_next_dist_1e8vcs8._.js:776
[  161687ms] [LOG] [Fast Refresh] done in 4080ms @ http://localhost:3000/_next/static/chunks/node_modules_next_dist_1e8vcs8._.js:776
[  161735ms] [LOG] [Fast Refresh] done in 4080ms @ http://localhost:3000/_next/static/chunks/node_modules_next_dist_1e8vcs8._.js:776
[  161788ms] [LOG] [Fast Refresh] done in 4080ms @ http://localhost:3000/_next/static/chunks/node_modules_next_dist_1e8vcs8._.js:776
[  161839ms] [LOG] [Fast Refresh] done in 4080ms @ http://localhost:3000/_next/static/chunks/node_modules_next_dist_1e8vcs8._.js:776
[  161883ms] [LOG] [Fast Refresh] done in 4080ms @ http://localhost:3000/_next/static/chunks/node_modules_next_dist_1e8vcs8._.js:776
[  161937ms] [LOG] [Fast Refresh] done in 4080ms @ http://localhost:3000/_next/static/chunks/node_modules_next_dist_1e8vcs8._.js:776
[  161976ms] [LOG] [Fast Refresh] done in 4080ms @ http://localhost:3000/_next/static/chunks/node_modules_next_dist_1e8vcs8._.js:776
[  162013ms] [LOG] [Fast Refresh] done in 4080ms @ http://localhost:3000/_next/static/chunks/node_modules_next_dist_1e8vcs8._.js:776
[  162088ms] [LOG] [Fast Refresh] done in 4080ms @ http://localhost:3000/_next/static/chunks/node_modules_next_dist_1e8vcs8._.js:776
[  162144ms] [LOG] [Fast Refresh] done in 4080ms @ http://localhost:3000/_next/static/chunks/node_modules_next_dist_1e8vcs8._.js:776
[  162203ms] [LOG] [Fast Refresh] done in 4080ms @ http://localhost:3000/_next/static/chunks/node_modules_next_dist_1e8vcs8._.js:776
[  162259ms] [LOG] [Fast Refresh] done in 4080ms @ http://localhost:3000/_next/static/chunks/node_modules_next_dist_1e8vcs8._.js:776
[  162306ms] [LOG] [Fast Refresh] done in 4080ms @ http://localhost:3000/_next/static/chunks/node_modules_next_dist_1e8vcs8._.js:776
[  162354ms] [LOG] [Fast Refresh] done in 4080ms @ http://localhost:3000/_next/static/chunks/node_modules_next_dist_1e8vcs8._.js:776
[  162405ms] [LOG] [Fast Refresh] done in 4080ms @ http://localhost:3000/_next/static/chunks/node_modules_next_dist_1e8vcs8._.js:776
[  162456ms] [LOG] [Fast Refresh] done in 4080ms @ http://localhost:3000/_next/static/chunks/node_modules_next_dist_1e8vcs8._.js:776
[  162508ms] [LOG] [Fast Refresh] done in 4080ms @ http://localhost:3000/_next/static/chunks/node_modules_next_dist_1e8vcs8._.js:776
[  162563ms] [LOG] [Fast Refresh] done in 4080ms @ http://localhost:3000/_next/static/chunks/node_modules_next_dist_1e8vcs8._.js:776
[  162614ms] [LOG] [Fast Refresh] done in 4080ms @ http://localhost:3000/_next/static/chunks/node_modules_next_dist_1e8vcs8._.js:776
[  162670ms] [LOG] [Fast Refresh] done in 4080ms @ http://localhost:3000/_next/static/chunks/node_modules_next_dist_1e8vcs8._.js:776
[  162721ms] [LOG] [Fast Refresh] done in 4080ms @ http://localhost:3000/_next/static/chunks/node_modules_next_dist_1e8vcs8._.js:776
[  162773ms] [LOG] [Fast Refresh] done in 4080ms @ http://localhost:3000/_next/static/chunks/node_modules_next_dist_1e8vcs8._.js:776
[  162824ms] [LOG] [Fast Refresh] done in 4080ms @ http://localhost:3000/_next/static/chunks/node_modules_next_dist_1e8vcs8._.js:776
[  162877ms] [LOG] [Fast Refresh] done in 4080ms @ http://localhost:3000/_next/static/chunks/node_modules_next_dist_1e8vcs8._.js:776
[  162939ms] [LOG] [Fast Refresh] done in 4080ms @ http://localhost:3000/_next/static/chunks/node_modules_next_dist_1e8vcs8._.js:776
[  162988ms] [LOG] [Fast Refresh] done in 4080ms @ http://localhost:3000/_next/static/chunks/node_modules_next_dist_1e8vcs8._.js:776
[  163046ms] [LOG] [Fast Refresh] done in 4080ms @ http://localhost:3000/_next/static/chunks/node_modules_next_dist_1e8vcs8._.js:776
[  163101ms] [LOG] [Fast Refresh] done in 4080ms @ http://localhost:3000/_next/static/chunks/node_modules_next_dist_1e8vcs8._.js:776
[  163154ms] [LOG] [Fast Refresh] done in 4080ms @ http://localhost:3000/_next/static/chunks/node_modules_next_dist_1e8vcs8._.js:776
[  163207ms] [LOG] [Fast Refresh] done in 4080ms @ http://localhost:3000/_next/static/chunks/node_modules_next_dist_1e8vcs8._.js:776
[  163256ms] [LOG] [Fast Refresh] done in 4080ms @ http://localhost:3000/_next/static/chunks/node_modules_next_dist_1e8vcs8._.js:776
[  163306ms] [LOG] [Fast Refresh] done in 4080ms @ http://localhost:3000/_next/static/chunks/node_modules_next_dist_1e8vcs8._.js:776
[  163369ms] [LOG] [Fast Refresh] done in 4080ms @ http://localhost:3000/_next/static/chunks/node_modules_next_dist_1e8vcs8._.js:776
[  163420ms] [LOG] [Fast Refresh] done in 4080ms @ http://localhost:3000/_next/static/chunks/node_modules_next_dist_1e8vcs8._.js:776
[  163474ms] [LOG] [Fast Refresh] done in 4080ms @ http://localhost:3000/_next/static/chunks/node_modules_next_dist_1e8vcs8._.js:776
[  163523ms] [LOG] [Fast Refresh] done in 4080ms @ http://localhost:3000/_next/static/chunks/node_modules_next_dist_1e8vcs8._.js:776
[  163573ms] [LOG] [Fast Refresh] done in 4080ms @ http://localhost:3000/_next/static/chunks/node_modules_next_dist_1e8vcs8._.js:776
[  163625ms] [LOG] [Fast Refresh] done in 4080ms @ http://localhost:3000/_next/static/chunks/node_modules_next_dist_1e8vcs8._.js:776
[  163676ms] [LOG] [Fast Refresh] done in 4080ms @ http://localhost:3000/_next/static/chunks/node_modules_next_dist_1e8vcs8._.js:776
[  163725ms] [LOG] [Fast Refresh] done in 4080ms @ http://localhost:3000/_next/static/chunks/node_modules_next_dist_1e8vcs8._.js:776
[  163788ms] [LOG] [Fast Refresh] done in 4080ms @ http://localhost:3000/_next/static/chunks/node_modules_next_dist_1e8vcs8._.js:776
[  163836ms] [LOG] [Fast Refresh] done in 4080ms @ http://localhost:3000/_next/static/chunks/node_modules_next_dist_1e8vcs8._.js:776
[  163887ms] [LOG] [Fast Refresh] done in 4080ms @ http://localhost:3000/_next/static/chunks/node_modules_next_dist_1e8vcs8._.js:776
[  163942ms] [LOG] [Fast Refresh] done in 4080ms @ http://localhost:3000/_next/static/chunks/node_modules_next_dist_1e8vcs8._.js:776
[  163987ms] [LOG] [Fast Refresh] done in 4080ms @ http://localhost:3000/_next/static/chunks/node_modules_next_dist_1e8vcs8._.js:776
[  164043ms] [LOG] [Fast Refresh] done in 4080ms @ http://localhost:3000/_next/static/chunks/node_modules_next_dist_1e8vcs8._.js:776
[  164097ms] [LOG] [Fast Refresh] done in 4080ms @ http://localhost:3000/_next/static/chunks/node_modules_next_dist_1e8vcs8._.js:776
[  164144ms] [LOG] [Fast Refresh] done in 4080ms @ http://localhost:3000/_next/static/chunks/node_modules_next_dist_1e8vcs8._.js:776
[  164193ms] [LOG] [Fast Refresh] done in 4080ms @ http://localhost:3000/_next/static/chunks/node_modules_next_dist_1e8vcs8._.js:776
[  164246ms] [LOG] [Fast Refresh] done in 4080ms @ http://localhost:3000/_next/static/chunks/node_modules_next_dist_1e8vcs8._.js:776
[  164303ms] [LOG] [Fast Refresh] done in 4080ms @ http://localhost:3000/_next/static/chunks/node_modules_next_dist_1e8vcs8._.js:776
[  164357ms] [LOG] [Fast Refresh] done in 4080ms @ http://localhost:3000/_next/static/chunks/node_modules_next_dist_1e8vcs8._.js:776
[  164412ms] [LOG] [Fast Refresh] done in 4080ms @ http://localhost:3000/_next/static/chunks/node_modules_next_dist_1e8vcs8._.js:776
[  164464ms] [LOG] [Fast Refresh] done in 4080ms @ http://localhost:3000/_next/static/chunks/node_modules_next_dist_1e8vcs8._.js:776
[  164506ms] [LOG] [Fast Refresh] done in 4080ms @ http://localhost:3000/_next/static/chunks/node_modules_next_dist_1e8vcs8._.js:776
[  164556ms] [LOG] [Fast Refresh] done in 4080ms @ http://localhost:3000/_next/static/chunks/node_modules_next_dist_1e8vcs8._.js:776
[  164610ms] [LOG] [Fast Refresh] done in 4080ms @ http://localhost:3000/_next/static/chunks/node_modules_next_dist_1e8vcs8._.js:776
[  164651ms] [LOG] [Fast Refresh] done in 4080ms @ http://localhost:3000/_next/static/chunks/node_modules_next_dist_1e8vcs8._.js:776
[  164703ms] [LOG] [Fast Refresh] done in 4080ms @ http://localhost:3000/_next/static/chunks/node_modules_next_dist_1e8vcs8._.js:776
[  164762ms] [LOG] [Fast Refresh] done in 4080ms @ http://localhost:3000/_next/static/chunks/node_modules_next_dist_1e8vcs8._.js:776
[  164816ms] [LOG] [Fast Refresh] done in 4080ms @ http://localhost:3000/_next/static/chunks/node_modules_next_dist_1e8vcs8._.js:776
[  164855ms] [LOG] [Fast Refresh] done in 4080ms @ http://localhost:3000/_next/static/chunks/node_modules_next_dist_1e8vcs8._.js:776
[  164908ms] [LOG] [Fast Refresh] done in 4080ms @ http://localhost:3000/_next/static/chunks/node_modules_next_dist_1e8vcs8._.js:776
[  164961ms] [LOG] [Fast Refresh] done in 4080ms @ http://localhost:3000/_next/static/chunks/node_modules_next_dist_1e8vcs8._.js:776
[  165021ms] [LOG] [Fast Refresh] done in 4080ms @ http://localhost:3000/_next/static/chunks/node_modules_next_dist_1e8vcs8._.js:776
[  165078ms] [LOG] [Fast Refresh] done in 4080ms @ http://localhost:3000/_next/static/chunks/node_modules_next_dist_1e8vcs8._.js:776
[  165128ms] [LOG] [Fast Refresh] done in 4080ms @ http://localhost:3000/_next/static/chunks/node_modules_next_dist_1e8vcs8._.js:776
[  165175ms] [LOG] [Fast Refresh] done in 4080ms @ http://localhost:3000/_next/static/chunks/node_modules_next_dist_1e8vcs8._.js:776
[  165214ms] [LOG] [Fast Refresh] done in 4080ms @ http://localhost:3000/_next/static/chunks/node_modules_next_dist_1e8vcs8._.js:776
[  165255ms] [LOG] [Fast Refresh] done in 4080ms @ http://localhost:3000/_next/static/chunks/node_modules_next_dist_1e8vcs8._.js:776
[  165293ms] [LOG] [Fast Refresh] done in 4080ms @ http://localhost:3000/_next/static/chunks/node_modules_next_dist_1e8vcs8._.js:776
[  165342ms] [LOG] [Fast Refresh] done in 4080ms @ http://localhost:3000/_next/static/chunks/node_modules_next_dist_1e8vcs8._.js:776
[  165396ms] [LOG] [Fast Refresh] done in 4080ms @ http://localhost:3000/_next/static/chunks/node_modules_next_dist_1e8vcs8._.js:776
[  165444ms] [LOG] [Fast Refresh] done in 4080ms @ http://localhost:3000/_next/static/chunks/node_modules_next_dist_1e8vcs8._.js:776
[  165498ms] [LOG] [Fast Refresh] done in 4080ms @ http://localhost:3000/_next/static/chunks/node_modules_next_dist_1e8vcs8._.js:776
[  165551ms] [LOG] [Fast Refresh] done in 4080ms @ http://localhost:3000/_next/static/chunks/node_modules_next_dist_1e8vcs8._.js:776
[  165606ms] [LOG] [Fast Refresh] done in 4080ms @ http://localhost:3000/_next/static/chunks/node_modules_next_dist_1e8vcs8._.js:776
[  165656ms] [LOG] [Fast Refresh] done in 4080ms @ http://localhost:3000/_next/static/chunks/node_modules_next_dist_1e8vcs8._.js:776
[  165703ms] [LOG] [Fast Refresh] done in 4080ms @ http://localhost:3000/_next/static/chunks/node_modules_next_dist_1e8vcs8._.js:776
[  165753ms] [LOG] [Fast Refresh] done in 4080ms @ http://localhost:3000/_next/static/chunks/node_modules_next_dist_1e8vcs8._.js:776
[  165804ms] [LOG] [Fast Refresh] done in 4080ms @ http://localhost:3000/_next/static/chunks/node_modules_next_dist_1e8vcs8._.js:776
[  165855ms] [LOG] [Fast Refresh] done in 4080ms @ http://localhost:3000/_next/static/chunks/node_modules_next_dist_1e8vcs8._.js:776
[  165909ms] [LOG] [Fast Refresh] done in 4080ms @ http://localhost:3000/_next/static/chunks/node_modules_next_dist_1e8vcs8._.js:776
[  165958ms] [LOG] [Fast Refresh] done in 4080ms @ http://localhost:3000/_next/static/chunks/node_modules_next_dist_1e8vcs8._.js:776
[  166009ms] [LOG] [Fast Refresh] done in 4080ms @ http://localhost:3000/_next/static/chunks/node_modules_next_dist_1e8vcs8._.js:776
[  166072ms] [LOG] [Fast Refresh] done in 4080ms @ http://localhost:3000/_next/static/chunks/node_modules_next_dist_1e8vcs8._.js:776
[  166111ms] [LOG] [Fast Refresh] done in 4080ms @ http://localhost:3000/_next/static/chunks/node_modules_next_dist_1e8vcs8._.js:776
[  166162ms] [LOG] [Fast Refresh] done in 4080ms @ http://localhost:3000/_next/static/chunks/node_modules_next_dist_1e8vcs8._.js:776
[  166214ms] [LOG] [Fast Refresh] done in 4080ms @ http://localhost:3000/_next/static/chunks/node_modules_next_dist_1e8vcs8._.js:776
[  166257ms] [LOG] [Fast Refresh] done in 4080ms @ http://localhost:3000/_next/static/chunks/node_modules_next_dist_1e8vcs8._.js:776
[  166308ms] [LOG] [Fast Refresh] done in 4080ms @ http://localhost:3000/_next/static/chunks/node_modules_next_dist_1e8vcs8._.js:776
[  166359ms] [LOG] [Fast Refresh] done in 4080ms @ http://localhost:3000/_next/static/chunks/node_modules_next_dist_1e8vcs8._.js:776
[  166411ms] [LOG] [Fast Refresh] done in 4080ms @ http://localhost:3000/_next/static/chunks/node_modules_next_dist_1e8vcs8._.js:776
[  166469ms] [LOG] [Fast Refresh] done in 4080ms @ http://localhost:3000/_next/static/chunks/node_modules_next_dist_1e8vcs8._.js:776
[  166511ms] [LOG] [Fast Refresh] done in 4080ms @ http://localhost:3000/_next/static/chunks/node_modules_next_dist_1e8vcs8._.js:776
[  166563ms] [LOG] [Fast Refresh] done in 4080ms @ http://localhost:3000/_next/static/chunks/node_modules_next_dist_1e8vcs8._.js:776
[  166620ms] [LOG] [Fast Refresh] done in 4080ms @ http://localhost:3000/_next/static/chunks/node_modules_next_dist_1e8vcs8._.js:776
[  166671ms] [LOG] [Fast Refresh] done in 4080ms @ http://localhost:3000/_next/static/chunks/node_modules_next_dist_1e8vcs8._.js:776
[  166723ms] [LOG] [Fast Refresh] done in 4080ms @ http://localhost:3000/_next/static/chunks/node_modules_next_dist_1e8vcs8._.js:776
[  166776ms] [LOG] [Fast Refresh] done in 4080ms @ http://localhost:3000/_next/static/chunks/node_modules_next_dist_1e8vcs8._.js:776
[  166825ms] [LOG] [Fast Refresh] done in 4080ms @ http://localhost:3000/_next/static/chunks/node_modules_next_dist_1e8vcs8._.js:776
[  166874ms] [LOG] [Fast Refresh] done in 4080ms @ http://localhost:3000/_next/static/chunks/node_modules_next_dist_1e8vcs8._.js:776
[  166939ms] [LOG] [Fast Refresh] done in 4080ms @ http://localhost:3000/_next/static/chunks/node_modules_next_dist_1e8vcs8._.js:776
[  166993ms] [LOG] [Fast Refresh] done in 4080ms @ http://localhost:3000/_next/static/chunks/node_modules_next_dist_1e8vcs8._.js:776
[  167044ms] [LOG] [Fast Refresh] done in 4080ms @ http://localhost:3000/_next/static/chunks/node_modules_next_dist_1e8vcs8._.js:776
[  167105ms] [LOG] [Fast Refresh] done in 4080ms @ http://localhost:3000/_next/static/chunks/node_modules_next_dist_1e8vcs8._.js:776
[  167156ms] [LOG] [Fast Refresh] done in 4080ms @ http://localhost:3000/_next/static/chunks/node_modules_next_dist_1e8vcs8._.js:776
[  167194ms] [LOG] [Fast Refresh] done in 4080ms @ http://localhost:3000/_next/static/chunks/node_modules_next_dist_1e8vcs8._.js:776
[  167245ms] [LOG] [Fast Refresh] done in 4080ms @ http://localhost:3000/_next/static/chunks/node_modules_next_dist_1e8vcs8._.js:776
[  167304ms] [LOG] [Fast Refresh] done in 4080ms @ http://localhost:3000/_next/static/chunks/node_modules_next_dist_1e8vcs8._.js:776
[  167354ms] [LOG] [Fast Refresh] done in 4080ms @ http://localhost:3000/_next/static/chunks/node_modules_next_dist_1e8vcs8._.js:776
[  167406ms] [LOG] [Fast Refresh] done in 4080ms @ http://localhost:3000/_next/static/chunks/node_modules_next_dist_1e8vcs8._.js:776
[  167457ms] [LOG] [Fast Refresh] done in 4080ms @ http://localhost:3000/_next/static/chunks/node_modules_next_dist_1e8vcs8._.js:776
[  167498ms] [LOG] [Fast Refresh] done in 4080ms @ http://localhost:3000/_next/static/chunks/node_modules_next_dist_1e8vcs8._.js:776
[  167545ms] [LOG] [Fast Refresh] done in 4080ms @ http://localhost:3000/_next/static/chunks/node_modules_next_dist_1e8vcs8._.js:776
[  167585ms] [LOG] [Fast Refresh] done in 4080ms @ http://localhost:3000/_next/static/chunks/node_modules_next_dist_1e8vcs8._.js:776
[  167640ms] [LOG] [Fast Refresh] done in 4080ms @ http://localhost:3000/_next/static/chunks/node_modules_next_dist_1e8vcs8._.js:776
[  167685ms] [LOG] [Fast Refresh] done in 4080ms @ http://localhost:3000/_next/static/chunks/node_modules_next_dist_1e8vcs8._.js:776
[  167740ms] [LOG] [Fast Refresh] done in 4080ms @ http://localhost:3000/_next/static/chunks/node_modules_next_dist_1e8vcs8._.js:776
[  167780ms] [LOG] [Fast Refresh] done in 4080ms @ http://localhost:3000/_next/static/chunks/node_modules_next_dist_1e8vcs8._.js:776
[  167829ms] [LOG] [Fast Refresh] done in 4080ms @ http://localhost:3000/_next/static/chunks/node_modules_next_dist_1e8vcs8._.js:776
[  167879ms] [LOG] [Fast Refresh] done in 4080ms @ http://localhost:3000/_next/static/chunks/node_modules_next_dist_1e8vcs8._.js:776
[  167936ms] [LOG] [Fast Refresh] done in 4080ms @ http://localhost:3000/_next/static/chunks/node_modules_next_dist_1e8vcs8._.js:776
[  167991ms] [LOG] [Fast Refresh] done in 4080ms @ http://localhost:3000/_next/static/chunks/node_modules_next_dist_1e8vcs8._.js:776
[  168055ms] [LOG] [Fast Refresh] done in 4080ms @ http://localhost:3000/_next/static/chunks/node_modules_next_dist_1e8vcs8._.js:776
[  168095ms] [LOG] [Fast Refresh] done in 4080ms @ http://localhost:3000/_next/static/chunks/node_modules_next_dist_1e8vcs8._.js:776
[  168143ms] [LOG] [Fast Refresh] done in 4080ms @ http://localhost:3000/_next/static/chunks/node_modules_next_dist_1e8vcs8._.js:776
[  168196ms] [LOG] [Fast Refresh] done in 4080ms @ http://localhost:3000/_next/static/chunks/node_modules_next_dist_1e8vcs8._.js:776
[  168247ms] [LOG] [Fast Refresh] done in 4080ms @ http://localhost:3000/_next/static/chunks/node_modules_next_dist_1e8vcs8._.js:776
[  168293ms] [LOG] [Fast Refresh] done in 4080ms @ http://localhost:3000/_next/static/chunks/node_modules_next_dist_1e8vcs8._.js:776
[  168342ms] [LOG] [Fast Refresh] done in 4080ms @ http://localhost:3000/_next/static/chunks/node_modules_next_dist_1e8vcs8._.js:776
[  168395ms] [LOG] [Fast Refresh] done in 4080ms @ http://localhost:3000/_next/static/chunks/node_modules_next_dist_1e8vcs8._.js:776
[  168447ms] [LOG] [Fast Refresh] done in 4080ms @ http://localhost:3000/_next/static/chunks/node_modules_next_dist_1e8vcs8._.js:776
[  168495ms] [LOG] [Fast Refresh] done in 4080ms @ http://localhost:3000/_next/static/chunks/node_modules_next_dist_1e8vcs8._.js:776
[  168556ms] [LOG] [Fast Refresh] done in 4080ms @ http://localhost:3000/_next/static/chunks/node_modules_next_dist_1e8vcs8._.js:776
[  168612ms] [LOG] [Fast Refresh] done in 4080ms @ http://localhost:3000/_next/static/chunks/node_modules_next_dist_1e8vcs8._.js:776
[  168663ms] [LOG] [Fast Refresh] done in 4080ms @ http://localhost:3000/_next/static/chunks/node_modules_next_dist_1e8vcs8._.js:776
[  168712ms] [LOG] [Fast Refresh] done in 4080ms @ http://localhost:3000/_next/static/chunks/node_modules_next_dist_1e8vcs8._.js:776
[  168766ms] [LOG] [Fast Refresh] done in 4080ms @ http://localhost:3000/_next/static/chunks/node_modules_next_dist_1e8vcs8._.js:776
[  168812ms] [LOG] [Fast Refresh] done in 4080ms @ http://localhost:3000/_next/static/chunks/node_modules_next_dist_1e8vcs8._.js:776
[  168880ms] [LOG] [Fast Refresh] done in 4080ms @ http://localhost:3000/_next/static/chunks/node_modules_next_dist_1e8vcs8._.js:776
[  168944ms] [LOG] [Fast Refresh] done in 4080ms @ http://localhost:3000/_next/static/chunks/node_modules_next_dist_1e8vcs8._.js:776
[  168987ms] [LOG] [Fast Refresh] done in 4080ms @ http://localhost:3000/_next/static/chunks/node_modules_next_dist_1e8vcs8._.js:776
[  169028ms] [LOG] [Fast Refresh] done in 4080ms @ http://localhost:3000/_next/static/chunks/node_modules_next_dist_1e8vcs8._.js:776
[  169079ms] [LOG] [Fast Refresh] done in 4080ms @ http://localhost:3000/_next/static/chunks/node_modules_next_dist_1e8vcs8._.js:776
[  169145ms] [LOG] [Fast Refresh] done in 4080ms @ http://localhost:3000/_next/static/chunks/node_modules_next_dist_1e8vcs8._.js:776
[  169194ms] [LOG] [Fast Refresh] done in 4080ms @ http://localhost:3000/_next/static/chunks/node_modules_next_dist_1e8vcs8._.js:776
[  169249ms] [LOG] [Fast Refresh] done in 4080ms @ http://localhost:3000/_next/static/chunks/node_modules_next_dist_1e8vcs8._.js:776
[  169295ms] [LOG] [Fast Refresh] done in 4080ms @ http://localhost:3000/_next/static/chunks/node_modules_next_dist_1e8vcs8._.js:776
[  169358ms] [LOG] [Fast Refresh] done in 4080ms @ http://localhost:3000/_next/static/chunks/node_modules_next_dist_1e8vcs8._.js:776
[  169424ms] [LOG] [Fast Refresh] done in 4080ms @ http://localhost:3000/_next/static/chunks/node_modules_next_dist_1e8vcs8._.js:776
[  169474ms] [LOG] [Fast Refresh] done in 4080ms @ http://localhost:3000/_next/static/chunks/node_modules_next_dist_1e8vcs8._.js:776
[  169524ms] [LOG] [Fast Refresh] done in 4080ms @ http://localhost:3000/_next/static/chunks/node_modules_next_dist_1e8vcs8._.js:776
[  169593ms] [LOG] [Fast Refresh] done in 4080ms @ http://localhost:3000/_next/static/chunks/node_modules_next_dist_1e8vcs8._.js:776
[  169644ms] [LOG] [Fast Refresh] done in 4080ms @ http://localhost:3000/_next/static/chunks/node_modules_next_dist_1e8vcs8._.js:776
[  169710ms] [LOG] [Fast Refresh] done in 4080ms @ http://localhost:3000/_next/static/chunks/node_modules_next_dist_1e8vcs8._.js:776
[  169765ms] [LOG] [Fast Refresh] done in 4080ms @ http://localhost:3000/_next/static/chunks/node_modules_next_dist_1e8vcs8._.js:776
[  169814ms] [LOG] [Fast Refresh] done in 4080ms @ http://localhost:3000/_next/static/chunks/node_modules_next_dist_1e8vcs8._.js:776
[  169855ms] [LOG] [Fast Refresh] done in 4080ms @ http://localhost:3000/_next/static/chunks/node_modules_next_dist_1e8vcs8._.js:776
[  169895ms] [LOG] [Fast Refresh] done in 4080ms @ http://localhost:3000/_next/static/chunks/node_modules_next_dist_1e8vcs8._.js:776
[  169946ms] [LOG] [Fast Refresh] done in 4080ms @ http://localhost:3000/_next/static/chunks/node_modules_next_dist_1e8vcs8._.js:776
[  169996ms] [LOG] [Fast Refresh] done in 4080ms @ http://localhost:3000/_next/static/chunks/node_modules_next_dist_1e8vcs8._.js:776
[  170051ms] [LOG] [Fast Refresh] done in 4080ms @ http://localhost:3000/_next/static/chunks/node_modules_next_dist_1e8vcs8._.js:776
[  170110ms] [LOG] [Fast Refresh] done in 4080ms @ http://localhost:3000/_next/static/chunks/node_modules_next_dist_1e8vcs8._.js:776
[  170164ms] [LOG] [Fast Refresh] done in 4080ms @ http://localhost:3000/_next/static/chunks/node_modules_next_dist_1e8vcs8._.js:776
[  170225ms] [LOG] [Fast Refresh] done in 4080ms @ http://localhost:3000/_next/static/chunks/node_modules_next_dist_1e8vcs8._.js:776
[  170277ms] [LOG] [Fast Refresh] done in 4080ms @ http://localhost:3000/_next/static/chunks/node_modules_next_dist_1e8vcs8._.js:776
[  170329ms] [LOG] [Fast Refresh] done in 4080ms @ http://localhost:3000/_next/static/chunks/node_modules_next_dist_1e8vcs8._.js:776
[  170376ms] [LOG] [Fast Refresh] done in 4080ms @ http://localhost:3000/_next/static/chunks/node_modules_next_dist_1e8vcs8._.js:776
[  170429ms] [LOG] [Fast Refresh] done in 4080ms @ http://localhost:3000/_next/static/chunks/node_modules_next_dist_1e8vcs8._.js:776
[  170481ms] [LOG] [Fast Refresh] done in 4080ms @ http://localhost:3000/_next/static/chunks/node_modules_next_dist_1e8vcs8._.js:776
[  170541ms] [LOG] [Fast Refresh] done in 4080ms @ http://localhost:3000/_next/static/chunks/node_modules_next_dist_1e8vcs8._.js:776
[  170593ms] [LOG] [Fast Refresh] done in 4080ms @ http://localhost:3000/_next/static/chunks/node_modules_next_dist_1e8vcs8._.js:776
[  170642ms] [LOG] [Fast Refresh] done in 4080ms @ http://localhost:3000/_next/static/chunks/node_modules_next_dist_1e8vcs8._.js:776
[  170683ms] [LOG] [Fast Refresh] done in 4080ms @ http://localhost:3000/_next/static/chunks/node_modules_next_dist_1e8vcs8._.js:776
[  170731ms] [LOG] [Fast Refresh] done in 4080ms @ http://localhost:3000/_next/static/chunks/node_modules_next_dist_1e8vcs8._.js:776
[  170782ms] [LOG] [Fast Refresh] done in 4080ms @ http://localhost:3000/_next/static/chunks/node_modules_next_dist_1e8vcs8._.js:776
[  170830ms] [LOG] [Fast Refresh] done in 4080ms @ http://localhost:3000/_next/static/chunks/node_modules_next_dist_1e8vcs8._.js:776
[  170881ms] [LOG] [Fast Refresh] done in 4080ms @ http://localhost:3000/_next/static/chunks/node_modules_next_dist_1e8vcs8._.js:776
[  170945ms] [LOG] [Fast Refresh] done in 4080ms @ http://localhost:3000/_next/static/chunks/node_modules_next_dist_1e8vcs8._.js:776
[  170998ms] [LOG] [Fast Refresh] done in 4080ms @ http://localhost:3000/_next/static/chunks/node_modules_next_dist_1e8vcs8._.js:776
[  171055ms] [LOG] [Fast Refresh] done in 4080ms @ http://localhost:3000/_next/static/chunks/node_modules_next_dist_1e8vcs8._.js:776
[  171097ms] [LOG] [Fast Refresh] done in 4080ms @ http://localhost:3000/_next/static/chunks/node_modules_next_dist_1e8vcs8._.js:776
[  171245ms] [LOG] [Fast Refresh] done in 4080ms @ http://localhost:3000/_next/static/chunks/node_modules_next_dist_1e8vcs8._.js:776
[  171297ms] [LOG] [Fast Refresh] done in 4080ms @ http://localhost:3000/_next/static/chunks/node_modules_next_dist_1e8vcs8._.js:776
[  171355ms] [LOG] [Fast Refresh] done in 4080ms @ http://localhost:3000/_next/static/chunks/node_modules_next_dist_1e8vcs8._.js:776
[  171412ms] [LOG] [Fast Refresh] done in 4080ms @ http://localhost:3000/_next/static/chunks/node_modules_next_dist_1e8vcs8._.js:776
[  171475ms] [LOG] [Fast Refresh] done in 4080ms @ http://localhost:3000/_next/static/chunks/node_modules_next_dist_1e8vcs8._.js:776
[  171531ms] [LOG] [Fast Refresh] done in 4080ms @ http://localhost:3000/_next/static/chunks/node_modules_next_dist_1e8vcs8._.js:776
[  171590ms] [LOG] [Fast Refresh] done in 4080ms @ http://localhost:3000/_next/static/chunks/node_modules_next_dist_1e8vcs8._.js:776
[  171652ms] [LOG] [Fast Refresh] done in 4080ms @ http://localhost:3000/_next/static/chunks/node_modules_next_dist_1e8vcs8._.js:776
[  171717ms] [LOG] [Fast Refresh] done in 4080ms @ http://localhost:3000/_next/static/chunks/node_modules_next_dist_1e8vcs8._.js:776
[  171767ms] [LOG] [Fast Refresh] done in 4080ms @ http://localhost:3000/_next/static/chunks/node_modules_next_dist_1e8vcs8._.js:776
[  171808ms] [LOG] [Fast Refresh] done in 4080ms @ http://localhost:3000/_next/static/chunks/node_modules_next_dist_1e8vcs8._.js:776
[  171872ms] [LOG] [Fast Refresh] done in 4080ms @ http://localhost:3000/_next/static/chunks/node_modules_next_dist_1e8vcs8._.js:776
[  171921ms] [LOG] [Fast Refresh] done in 4080ms @ http://localhost:3000/_next/static/chunks/node_modules_next_dist_1e8vcs8._.js:776
[  171963ms] [LOG] [Fast Refresh] done in 4080ms @ http://localhost:3000/_next/static/chunks/node_modules_next_dist_1e8vcs8._.js:776
[  172011ms] [LOG] [Fast Refresh] done in 4080ms @ http://localhost:3000/_next/static/chunks/node_modules_next_dist_1e8vcs8._.js:776
[  172065ms] [LOG] [Fast Refresh] done in 4080ms @ http://localhost:3000/_next/static/chunks/node_modules_next_dist_1e8vcs8._.js:776
[  172114ms] [LOG] [Fast Refresh] done in 4080ms @ http://localhost:3000/_next/static/chunks/node_modules_next_dist_1e8vcs8._.js:776
[  172163ms] [LOG] [Fast Refresh] done in 4080ms @ http://localhost:3000/_next/static/chunks/node_modules_next_dist_1e8vcs8._.js:776
[  172224ms] [LOG] [Fast Refresh] done in 4080ms @ http://localhost:3000/_next/static/chunks/node_modules_next_dist_1e8vcs8._.js:776
[  172272ms] [LOG] [Fast Refresh] done in 4080ms @ http://localhost:3000/_next/static/chunks/node_modules_next_dist_1e8vcs8._.js:776
[  172337ms] [LOG] [Fast Refresh] done in 4080ms @ http://localhost:3000/_next/static/chunks/node_modules_next_dist_1e8vcs8._.js:776
[  172485ms] [LOG] [Fast Refresh] done in 4080ms @ http://localhost:3000/_next/static/chunks/node_modules_next_dist_1e8vcs8._.js:776
[  172578ms] [LOG] [Fast Refresh] done in 4080ms @ http://localhost:3000/_next/static/chunks/node_modules_next_dist_1e8vcs8._.js:776
[  172630ms] [LOG] [Fast Refresh] done in 4080ms @ http://localhost:3000/_next/static/chunks/node_modules_next_dist_1e8vcs8._.js:776
[  172678ms] [LOG] [Fast Refresh] done in 4080ms @ http://localhost:3000/_next/static/chunks/node_modules_next_dist_1e8vcs8._.js:776
[  172728ms] [LOG] [Fast Refresh] done in 4080ms @ http://localhost:3000/_next/static/chunks/node_modules_next_dist_1e8vcs8._.js:776
[  172780ms] [LOG] [Fast Refresh] done in 4080ms @ http://localhost:3000/_next/static/chunks/node_modules_next_dist_1e8vcs8._.js:776
[  172831ms] [LOG] [Fast Refresh] done in 4080ms @ http://localhost:3000/_next/static/chunks/node_modules_next_dist_1e8vcs8._.js:776
[  172888ms] [LOG] [Fast Refresh] done in 4080ms @ http://localhost:3000/_next/static/chunks/node_modules_next_dist_1e8vcs8._.js:776
[  172940ms] [LOG] [Fast Refresh] done in 4080ms @ http://localhost:3000/_next/static/chunks/node_modules_next_dist_1e8vcs8._.js:776
[  172990ms] [LOG] [Fast Refresh] done in 4080ms @ http://localhost:3000/_next/static/chunks/node_modules_next_dist_1e8vcs8._.js:776
[  173042ms] [LOG] [Fast Refresh] done in 4080ms @ http://localhost:3000/_next/static/chunks/node_modules_next_dist_1e8vcs8._.js:776
[  173092ms] [LOG] [Fast Refresh] done in 4080ms @ http://localhost:3000/_next/static/chunks/node_modules_next_dist_1e8vcs8._.js:776
[  173158ms] [LOG] [Fast Refresh] done in 4080ms @ http://localhost:3000/_next/static/chunks/node_modules_next_dist_1e8vcs8._.js:776
[  173208ms] [LOG] [Fast Refresh] done in 4080ms @ http://localhost:3000/_next/static/chunks/node_modules_next_dist_1e8vcs8._.js:776
[  173257ms] [LOG] [Fast Refresh] done in 4080ms @ http://localhost:3000/_next/static/chunks/node_modules_next_dist_1e8vcs8._.js:776
[  173308ms] [LOG] [Fast Refresh] done in 4080ms @ http://localhost:3000/_next/static/chunks/node_modules_next_dist_1e8vcs8._.js:776
[  173358ms] [LOG] [Fast Refresh] done in 4080ms @ http://localhost:3000/_next/static/chunks/node_modules_next_dist_1e8vcs8._.js:776
[  173411ms] [LOG] [Fast Refresh] done in 4080ms @ http://localhost:3000/_next/static/chunks/node_modules_next_dist_1e8vcs8._.js:776
[  173459ms] [LOG] [Fast Refresh] done in 4080ms @ http://localhost:3000/_next/static/chunks/node_modules_next_dist_1e8vcs8._.js:776
[  173512ms] [LOG] [Fast Refresh] done in 4080ms @ http://localhost:3000/_next/static/chunks/node_modules_next_dist_1e8vcs8._.js:776
[  173562ms] [LOG] [Fast Refresh] done in 4080ms @ http://localhost:3000/_next/static/chunks/node_modules_next_dist_1e8vcs8._.js:776
[  173612ms] [LOG] [Fast Refresh] done in 4080ms @ http://localhost:3000/_next/static/chunks/node_modules_next_dist_1e8vcs8._.js:776
[  173662ms] [LOG] [Fast Refresh] done in 4080ms @ http://localhost:3000/_next/static/chunks/node_modules_next_dist_1e8vcs8._.js:776
[  173711ms] [LOG] [Fast Refresh] done in 4080ms @ http://localhost:3000/_next/static/chunks/node_modules_next_dist_1e8vcs8._.js:776
[  173761ms] [LOG] [Fast Refresh] done in 4080ms @ http://localhost:3000/_next/static/chunks/node_modules_next_dist_1e8vcs8._.js:776
[  173803ms] [LOG] [Fast Refresh] done in 4080ms @ http://localhost:3000/_next/static/chunks/node_modules_next_dist_1e8vcs8._.js:776
[  173854ms] [LOG] [Fast Refresh] done in 4080ms @ http://localhost:3000/_next/static/chunks/node_modules_next_dist_1e8vcs8._.js:776
[  173918ms] [LOG] [Fast Refresh] done in 4080ms @ http://localhost:3000/_next/static/chunks/node_modules_next_dist_1e8vcs8._.js:776
[  173984ms] [LOG] [Fast Refresh] done in 4080ms @ http://localhost:3000/_next/static/chunks/node_modules_next_dist_1e8vcs8._.js:776
[  174042ms] [LOG] [Fast Refresh] done in 4080ms @ http://localhost:3000/_next/static/chunks/node_modules_next_dist_1e8vcs8._.js:776
[  174096ms] [LOG] [Fast Refresh] done in 4080ms @ http://localhost:3000/_next/static/chunks/node_modules_next_dist_1e8vcs8._.js:776
[  174150ms] [LOG] [Fast Refresh] done in 4080ms @ http://localhost:3000/_next/static/chunks/node_modules_next_dist_1e8vcs8._.js:776
[  174211ms] [LOG] [Fast Refresh] done in 4080ms @ http://localhost:3000/_next/static/chunks/node_modules_next_dist_1e8vcs8._.js:776
[  174267ms] [LOG] [Fast Refresh] done in 4080ms @ http://localhost:3000/_next/static/chunks/node_modules_next_dist_1e8vcs8._.js:776
[  174328ms] [LOG] [Fast Refresh] done in 4080ms @ http://localhost:3000/_next/static/chunks/node_modules_next_dist_1e8vcs8._.js:776
[  174393ms] [LOG] [Fast Refresh] done in 4080ms @ http://localhost:3000/_next/static/chunks/node_modules_next_dist_1e8vcs8._.js:776
[  174454ms] [LOG] [Fast Refresh] done in 4080ms @ http://localhost:3000/_next/static/chunks/node_modules_next_dist_1e8vcs8._.js:776
[  174503ms] [LOG] [Fast Refresh] done in 4080ms @ http://localhost:3000/_next/static/chunks/node_modules_next_dist_1e8vcs8._.js:776
[  174556ms] [LOG] [Fast Refresh] done in 4080ms @ http://localhost:3000/_next/static/chunks/node_modules_next_dist_1e8vcs8._.js:776
[  174607ms] [LOG] [Fast Refresh] done in 4080ms @ http://localhost:3000/_next/static/chunks/node_modules_next_dist_1e8vcs8._.js:776
[  174658ms] [LOG] [Fast Refresh] done in 4080ms @ http://localhost:3000/_next/static/chunks/node_modules_next_dist_1e8vcs8._.js:776
[  174707ms] [LOG] [Fast Refresh] done in 4080ms @ http://localhost:3000/_next/static/chunks/node_modules_next_dist_1e8vcs8._.js:776
[  174773ms] [LOG] [Fast Refresh] done in 4080ms @ http://localhost:3000/_next/static/chunks/node_modules_next_dist_1e8vcs8._.js:776
[  174823ms] [LOG] [Fast Refresh] done in 4080ms @ http://localhost:3000/_next/static/chunks/node_modules_next_dist_1e8vcs8._.js:776
[  174874ms] [LOG] [Fast Refresh] done in 4080ms @ http://localhost:3000/_next/static/chunks/node_modules_next_dist_1e8vcs8._.js:776
[  174928ms] [LOG] [Fast Refresh] done in 4080ms @ http://localhost:3000/_next/static/chunks/node_modules_next_dist_1e8vcs8._.js:776
[  174970ms] [LOG] [Fast Refresh] done in 4080ms @ http://localhost:3000/_next/static/chunks/node_modules_next_dist_1e8vcs8._.js:776
[  175022ms] [LOG] [Fast Refresh] done in 4080ms @ http://localhost:3000/_next/static/chunks/node_modules_next_dist_1e8vcs8._.js:776
[  175063ms] [LOG] [Fast Refresh] done in 4080ms @ http://localhost:3000/_next/static/chunks/node_modules_next_dist_1e8vcs8._.js:776
[  175125ms] [LOG] [Fast Refresh] done in 4080ms @ http://localhost:3000/_next/static/chunks/node_modules_next_dist_1e8vcs8._.js:776
[  175177ms] [LOG] [Fast Refresh] done in 4080ms @ http://localhost:3000/_next/static/chunks/node_modules_next_dist_1e8vcs8._.js:776
[  175230ms] [LOG] [Fast Refresh] done in 4080ms @ http://localhost:3000/_next/static/chunks/node_modules_next_dist_1e8vcs8._.js:776
[  175279ms] [LOG] [Fast Refresh] done in 4080ms @ http://localhost:3000/_next/static/chunks/node_modules_next_dist_1e8vcs8._.js:776
[  175339ms] [LOG] [Fast Refresh] done in 4080ms @ http://localhost:3000/_next/static/chunks/node_modules_next_dist_1e8vcs8._.js:776
[  175381ms] [LOG] [Fast Refresh] done in 4080ms @ http://localhost:3000/_next/static/chunks/node_modules_next_dist_1e8vcs8._.js:776
[  175446ms] [LOG] [Fast Refresh] done in 4080ms @ http://localhost:3000/_next/static/chunks/node_modules_next_dist_1e8vcs8._.js:776
[  175508ms] [LOG] [Fast Refresh] done in 4080ms @ http://localhost:3000/_next/static/chunks/node_modules_next_dist_1e8vcs8._.js:776
[  175570ms] [LOG] [Fast Refresh] done in 4080ms @ http://localhost:3000/_next/static/chunks/node_modules_next_dist_1e8vcs8._.js:776
[  175620ms] [LOG] [Fast Refresh] done in 4080ms @ http://localhost:3000/_next/static/chunks/node_modules_next_dist_1e8vcs8._.js:776
[  175672ms] [LOG] [Fast Refresh] done in 4080ms @ http://localhost:3000/_next/static/chunks/node_modules_next_dist_1e8vcs8._.js:776
[  175722ms] [LOG] [Fast Refresh] done in 4080ms @ http://localhost:3000/_next/static/chunks/node_modules_next_dist_1e8vcs8._.js:776
[  175771ms] [LOG] [Fast Refresh] done in 4080ms @ http://localhost:3000/_next/static/chunks/node_modules_next_dist_1e8vcs8._.js:776
[  175821ms] [LOG] [Fast Refresh] done in 4080ms @ http://localhost:3000/_next/static/chunks/node_modules_next_dist_1e8vcs8._.js:776
[  175870ms] [LOG] [Fast Refresh] done in 4080ms @ http://localhost:3000/_next/static/chunks/node_modules_next_dist_1e8vcs8._.js:776
[  175919ms] [LOG] [Fast Refresh] done in 4080ms @ http://localhost:3000/_next/static/chunks/node_modules_next_dist_1e8vcs8._.js:776
[  175970ms] [LOG] [Fast Refresh] done in 4080ms @ http://localhost:3000/_next/static/chunks/node_modules_next_dist_1e8vcs8._.js:776
[  176020ms] [LOG] [Fast Refresh] done in 4080ms @ http://localhost:3000/_next/static/chunks/node_modules_next_dist_1e8vcs8._.js:776
[  176072ms] [LOG] [Fast Refresh] done in 4080ms @ http://localhost:3000/_next/static/chunks/node_modules_next_dist_1e8vcs8._.js:776
[  176124ms] [LOG] [Fast Refresh] done in 4080ms @ http://localhost:3000/_next/static/chunks/node_modules_next_dist_1e8vcs8._.js:776
[  176170ms] [LOG] [Fast Refresh] done in 4080ms @ http://localhost:3000/_next/static/chunks/node_modules_next_dist_1e8vcs8._.js:776
[  176220ms] [LOG] [Fast Refresh] done in 4080ms @ http://localhost:3000/_next/static/chunks/node_modules_next_dist_1e8vcs8._.js:776
[  176273ms] [LOG] [Fast Refresh] done in 4080ms @ http://localhost:3000/_next/static/chunks/node_modules_next_dist_1e8vcs8._.js:776
[  176320ms] [LOG] [Fast Refresh] done in 4080ms @ http://localhost:3000/_next/static/chunks/node_modules_next_dist_1e8vcs8._.js:776
[  176387ms] [LOG] [Fast Refresh] done in 4080ms @ http://localhost:3000/_next/static/chunks/node_modules_next_dist_1e8vcs8._.js:776
[  176438ms] [LOG] [Fast Refresh] done in 4080ms @ http://localhost:3000/_next/static/chunks/node_modules_next_dist_1e8vcs8._.js:776
[  176489ms] [LOG] [Fast Refresh] done in 4080ms @ http://localhost:3000/_next/static/chunks/node_modules_next_dist_1e8vcs8._.js:776
[  176553ms] [LOG] [Fast Refresh] done in 4080ms @ http://localhost:3000/_next/static/chunks/node_modules_next_dist_1e8vcs8._.js:776
[  176602ms] [LOG] [Fast Refresh] done in 4080ms @ http://localhost:3000/_next/static/chunks/node_modules_next_dist_1e8vcs8._.js:776
[  176655ms] [LOG] [Fast Refresh] done in 4080ms @ http://localhost:3000/_next/static/chunks/node_modules_next_dist_1e8vcs8._.js:776
[  176708ms] [LOG] [Fast Refresh] done in 4080ms @ http://localhost:3000/_next/static/chunks/node_modules_next_dist_1e8vcs8._.js:776
[  176757ms] [LOG] [Fast Refresh] done in 4080ms @ http://localhost:3000/_next/static/chunks/node_modules_next_dist_1e8vcs8._.js:776
[  176807ms] [LOG] [Fast Refresh] done in 4080ms @ http://localhost:3000/_next/static/chunks/node_modules_next_dist_1e8vcs8._.js:776
[  176870ms] [LOG] [Fast Refresh] done in 4080ms @ http://localhost:3000/_next/static/chunks/node_modules_next_dist_1e8vcs8._.js:776
[  176920ms] [LOG] [Fast Refresh] done in 4080ms @ http://localhost:3000/_next/static/chunks/node_modules_next_dist_1e8vcs8._.js:776
[  176974ms] [LOG] [Fast Refresh] done in 4080ms @ http://localhost:3000/_next/static/chunks/node_modules_next_dist_1e8vcs8._.js:776
[  177021ms] [LOG] [Fast Refresh] done in 4080ms @ http://localhost:3000/_next/static/chunks/node_modules_next_dist_1e8vcs8._.js:776
[  177072ms] [LOG] [Fast Refresh] done in 4080ms @ http://localhost:3000/_next/static/chunks/node_modules_next_dist_1e8vcs8._.js:776
[  177118ms] [LOG] [Fast Refresh] done in 4080ms @ http://localhost:3000/_next/static/chunks/node_modules_next_dist_1e8vcs8._.js:776
[  177171ms] [LOG] [Fast Refresh] done in 4080ms @ http://localhost:3000/_next/static/chunks/node_modules_next_dist_1e8vcs8._.js:776
[  177220ms] [LOG] [Fast Refresh] done in 4080ms @ http://localhost:3000/_next/static/chunks/node_modules_next_dist_1e8vcs8._.js:776
[  177263ms] [LOG] [Fast Refresh] done in 4080ms @ http://localhost:3000/_next/static/chunks/node_modules_next_dist_1e8vcs8._.js:776
[  177318ms] [LOG] [Fast Refresh] done in 4080ms @ http://localhost:3000/_next/static/chunks/node_modules_next_dist_1e8vcs8._.js:776
[  177370ms] [LOG] [Fast Refresh] done in 4080ms @ http://localhost:3000/_next/static/chunks/node_modules_next_dist_1e8vcs8._.js:776
[  177427ms] [LOG] [Fast Refresh] done in 4080ms @ http://localhost:3000/_next/static/chunks/node_modules_next_dist_1e8vcs8._.js:776
[  177480ms] [LOG] [Fast Refresh] done in 4080ms @ http://localhost:3000/_next/static/chunks/node_modules_next_dist_1e8vcs8._.js:776
[  177532ms] [LOG] [Fast Refresh] done in 4080ms @ http://localhost:3000/_next/static/chunks/node_modules_next_dist_1e8vcs8._.js:776
[  177586ms] [LOG] [Fast Refresh] done in 4080ms @ http://localhost:3000/_next/static/chunks/node_modules_next_dist_1e8vcs8._.js:776
[  177628ms] [LOG] [Fast Refresh] done in 4080ms @ http://localhost:3000/_next/static/chunks/node_modules_next_dist_1e8vcs8._.js:776
[  177677ms] [LOG] [Fast Refresh] done in 4080ms @ http://localhost:3000/_next/static/chunks/node_modules_next_dist_1e8vcs8._.js:776
[  177735ms] [LOG] [Fast Refresh] done in 4080ms @ http://localhost:3000/_next/static/chunks/node_modules_next_dist_1e8vcs8._.js:776
[  177781ms] [LOG] [Fast Refresh] done in 4080ms @ http://localhost:3000/_next/static/chunks/node_modules_next_dist_1e8vcs8._.js:776
[  177835ms] [LOG] [Fast Refresh] done in 4080ms @ http://localhost:3000/_next/static/chunks/node_modules_next_dist_1e8vcs8._.js:776
[  177888ms] [LOG] [Fast Refresh] done in 4080ms @ http://localhost:3000/_next/static/chunks/node_modules_next_dist_1e8vcs8._.js:776
[  177937ms] [LOG] [Fast Refresh] done in 4080ms @ http://localhost:3000/_next/static/chunks/node_modules_next_dist_1e8vcs8._.js:776
[  177987ms] [LOG] [Fast Refresh] done in 4080ms @ http://localhost:3000/_next/static/chunks/node_modules_next_dist_1e8vcs8._.js:776
[  178037ms] [LOG] [Fast Refresh] done in 4080ms @ http://localhost:3000/_next/static/chunks/node_modules_next_dist_1e8vcs8._.js:776
[  178087ms] [LOG] [Fast Refresh] done in 4080ms @ http://localhost:3000/_next/static/chunks/node_modules_next_dist_1e8vcs8._.js:776
[  178136ms] [LOG] [Fast Refresh] done in 4080ms @ http://localhost:3000/_next/static/chunks/node_modules_next_dist_1e8vcs8._.js:776
[  178202ms] [LOG] [Fast Refresh] done in 4080ms @ http://localhost:3000/_next/static/chunks/node_modules_next_dist_1e8vcs8._.js:776
[  178251ms] [LOG] [Fast Refresh] done in 4080ms @ http://localhost:3000/_next/static/chunks/node_modules_next_dist_1e8vcs8._.js:776
[  178302ms] [LOG] [Fast Refresh] done in 4080ms @ http://localhost:3000/_next/static/chunks/node_modules_next_dist_1e8vcs8._.js:776
[  178354ms] [LOG] [Fast Refresh] done in 4080ms @ http://localhost:3000/_next/static/chunks/node_modules_next_dist_1e8vcs8._.js:776
